Microchip MPLAB XC8 Compiler V1.41 ()

Linker command line:

-W-3 --edf=C:\Program Files\Microchip\xc8\v1.41\dat\en_msgs.txt -cs \
  -h+dist/default/production\cs600-redo.X.production.sym \
  --cmf=dist/default/production\cs600-redo.X.production.cmf -z -Q18F86J93 \
  -oC:\Users\ADMINI~1\AppData\Local\Temp\s92c.2 \
  -Mdist/default/production/cs600-redo.X.production.map -E1 -ver=XC8 \
  --acfsm=1493 -ASTACK=0600h-0f53h -pstack=STACK -ACODE=00h-0F3FFh \
  -ACONST=00h-0F3FFh -ASMALLCONST=01000h-010FFhx228 \
  -AMEDIUMCONST=01000h-0F3FFh -ACOMRAM=01h-05Fh -AABS1=00h-0F53h \
  -ABIGRAM=01h-0F53h -ARAM=060h-0FFh,0100h-01FFhx14,0F00h-0F53h \
  -ABANK0=060h-0FFh -ABANK1=0100h-01FFh -ABANK2=0200h-02FFh \
  -ABANK3=0300h-03FFh -ABANK4=0400h-04FFh -ABANK5=0500h-05FFh \
  -ABANK6=0600h-06FFh -ABANK7=0700h-07FFh -ABANK8=0800h-08FFh \
  -ABANK9=0900h-09FFh -ABANK10=0A00h-0AFFh -ABANK11=0B00h-0BFFh \
  -ABANK12=0C00h-0CFFh -ABANK13=0D00h-0DFFh -ABANK14=0E00h-0EFFh \
  -ABANK15=0F00h-0F53h -ASFR=0F54h-0F5Fh,0F60h-0FFFh \
  -preset_vec=00h,intcode=08h,intcodelo=018h,powerup,init -pramtop=01000h \
  -psmallconst=SMALLCONST -pmediumconst=MEDIUMCONST -pconst=CONST \
  -AFARRAM=00h-00h -ACONFIG=0FFF8h-0FFFFh -pconfig=CONFIG \
  -pjflash_buffer=0F800h \
  -prdata=COMRAM,nvrram=COMRAM,nvbit=COMRAM,rbss=COMRAM,rbit=COMRAM \
  -pfarbss=FARRAM,fardata=FARRAM,nvFARRAM=FARRAM \
  -pintsave_regs=BIGRAM,bigbss=BIGRAM,bigdata=BIGRAM -pbss=RAM \
  -pidata=CODE,irdata=CODE,ibigdata=CODE,ifardata=CODE -prparam=COMRAM \
  C:\Users\ADMINI~1\AppData\Local\Temp\s92c.obj \
  dist/default/production\cs600-redo.X.production.obj 

Object code version is 3.11

Machine type is 18F86J93

Call graph: (short form)




                Name                               Link     Load   Length Selector   Space Scale
C:\Users\ADMINI~1\AppData\Local\Temp\s92c.obj
                stack                               600      600      954      600       2
                init                                 7C       7C        8        C       0
                reset_vec                             0        0        4        0       0
                config                             FFF8     FFF8        6     FFF8       0
dist/default/production\cs600-redo.X.production.obj
                intcodelo                            18       18       64        C       0
                intcode                               8        8        4        4       0
                temp                                 46       46        C        1       1
                mediumconst                        ED8A     ED8A      676     76C5       0
                intcode_body                       6028     6028       6E        C       0
                text148                            71F2     71F2        2     38E2       0
                text147                            70F4     70F4       1E        C       0
                text145                            55EE     55EE       96        C       0
                text144                            6D46     6D46       32        C       0
                text143                            5F46     5F46       72        C       0
                text142                            645C     645C       5A        C       0
                text141                            687E     687E       4A        C       0
                text140                            7148     7148       16        C       0
                text139                            6BCE     6BCE       3C        C       0
                text138                            6346     6346       5E        C       0
                text137                            62E6     62E6       60        C       0
                text136                            6B54     6B54       3E        C       0
                text135                            3834     3834      188        C       0
                text134                            4D96     4D96       EC        C       0
                text133                            706E     706E       26        C       0
                text132                            3B40     3B40      170        C       0
                text131                            5ED2     5ED2       74        C       0
                text130                            6834     6834       4A        C       0
                text129                            6950     6950       44        C       0
                text128                            6284     6284       62        C       0
                text127                            48CE     48CE      102        C       0
                text126                            3E0E     3E0E      15C        C       0
                text125                            47CC     47CC      102        C       0
                text124                            1F26     1F26      33C        C       0
                text123                            188A     188A      350        C       0
                text122                            4ACA     4ACA       F2        C       0
                text121                            40BA     40BA      150        C       0
                text120                            2F86     2F86      1FA        C       0
                text119                            3CB0     3CB0      15E        C       0
                text118                            712E     712E       1A        C       0
                text117                            6564     6564       54        C       0
                text116                            6096     6096       66        C       0
                text115                            4E82     4E82       EA        C       0
                text114                            3F6A     3F6A      150        C       0
                text113                            71A8     71A8        E        C       0
                text112                            109E     109E      40E        C       0
                text111                            6E34     6E34       2E        C       0
                text110                            2D82     2D82      204        C       0
                text109                            36A4     36A4      190        C       0
                text108                             C7A      C7A      424        C       0
                text107                            2836     2836      2B4        C       0
                text106                              84       84      792        C       0
                text105                            4BBC     4BBC       EE        C       0
                text104                            5054     5054       CC        C       0
                text103                            650E     650E       56        C       0
                text102                            1BDA     1BDA      34C        C       0
                text101                            14AC     14AC      3DE        C       0
                text100                            7112     7112       1C        C       0
                text99                             45A2     45A2      120        C       0
                text98                             5E5E     5E5E       74        C       0
                text97                             2572     2572      2C4        C       0
                text96                             2AEA     2AEA      298        C       0
                text95                             71E6     71E6        8     38E2       0
                text94                             71DC     71DC        A     38E2       0
                text93                             46C2     46C2      10A        C       0
                text92                             3514     3514      190        C       0
                text91                             69D6     69D6       42        C       0
                text90                             70D6     70D6       1E        C       0
                text89                             4CAA     4CAA       EC        C       0
                text88                             7048     7048       26        C       0
                text87                             6E8E     6E8E       2C        C       0
                text86                             70B8     70B8       1E        C       0
                text85                             334E     334E      1C6        C       0
                text84                             6222     6222       62        C       0
                text83                             420A     420A      144        C       0
                text82                             7094     7094       24        C       0
                text81                             6400     6400       5C        C       0
                text80                             3180     3180      1CE        C       0
                text79                             39BC     39BC      184        C       0
                text78                             5946     5946       82        C       0
                text77                             4F6C     4F6C       E8        C       0
                text76                             2262     2262      310        C       0
                text75                             58C2     58C2       84        C       0
                text74                             5684     5684       94        C       0
                text73                              816      816      464        C       0
                text72                             6A98     6A98       40        C       0
                text71                             61C0     61C0       62        C       0
                text70                             690C     690C       44        C       0
                text69                             66AE     66AE       52        C       0
                text68                             6FD4     6FD4       28        C       0
                text67                             6FAC     6FAC       28        C       0
                text66                             6F84     6F84       28        C       0
                text65                             6F5C     6F5C       28        C       0
                text64                             6F34     6F34       28        C       0
                text63                             6F0C     6F0C       28        C       0
                text62                             63A4     63A4       5C        C       0
                text61                             5DEA     5DEA       74        C       0
                text60                             5D76     5D76       74        C       0
                text59                             5D02     5D02       74        C       0
                text58                             5C8E     5C8E       74        C       0
                text57                             5C1A     5C1A       74        C       0
                text56                             5BA6     5BA6       74        C       0
                text55                             5B32     5B32       74        C       0
                text54                             5ABE     5ABE       74        C       0
                text53                             679E     679E       4C        C       0
                text52                             59C8     59C8       80        C       0
                text51                             615E     615E       62        C       0
                text50                             67EA     67EA       4A        C       0
                text49                             665C     665C       52        C       0
                text48                             60FC     60FC       62        C       0
                text47                             6C76     6C76       36        C       0
                text46                             5FB8     5FB8       70        C       0
                text45                             434E     434E      132        C       0
                text44                             49D0     49D0       FA        C       0
                text43                             5834     5834       8E        C       0
                text42                             660A     660A       52        C       0
                text41                             57A6     57A6       8E        C       0
                text40                             68C8     68C8       44        C       0
                text39                             5718     5718       8E        C       0
                text38                             7022     7022       26        C       0
                text37                             6EE4     6EE4       28        C       0
                text36                             6700     6700       50        C       0
                text35                             6A58     6A58       40        C       0
                text34                             54B8     54B8       A0        C       0
                text33                             6FFC     6FFC       26        C       0
                text32                             6C40     6C40       36        C       0
                text31                             52A4     52A4       BA        C       0
                text30                             4480     4480      122        C       0
                text29                             719A     719A        E        C       0
                text28                             718C     718C        E        C       0
                text27                             6E06     6E06       2E        C       0
                text26                             6CE0     6CE0       34        C       0
                text25                             6E62     6E62       2C        C       0
                text24                             6750     6750       4E        C       0
                text23                             6DA8     6DA8       30        C       0
                text22                             6EBA     6EBA       2A        C       0
                text21                             51EA     51EA       BA        C       0
                text20                             6D14     6D14       32        C       0
                text19                             65B8     65B8       52        C       0
                text18                             6994     6994       42        C       0
                text17                             5120     5120       CA        C       0
                text16                             6D78     6D78       30        C       0
                text15                             6B92     6B92       3C        C       0
                text14                             6B16     6B16       3E        C       0
                text13                             5558     5558       96        C       0
                text12                             6A18     6A18       40        C       0
                text11                             6DD8     6DD8       2E        C       0
                text10                             717E     717E        E        C       0
                text9                              71D0     71D0        C     38E2       0
                text8                              71C4     71C4        C     38E2       0
                text7                              540C     540C       AC        C       0
                text6                              6AD8     6AD8       3E        C       0
                text5                              716E     716E       10        C       0
                text4                              715E     715E       10        C       0
                text3                              64B6     64B6       58        C       0
                text2                              6C0A     6C0A       36        C       0
                text1                              5A48     5A48       76        C       0
                text0                              6CAC     6CAC       34        C       0
                cstackCOMRAM                          1        1       45        1       1
                cstackBANK0                          60       60       5F       60       1
                cstackBANK1                         1F4      1F4        5      100       1
                cstackBANK2                         2B2      2B2       14      200       1
                bssBANK5                            500      500      100      500       1
                bssBANK4                            400      400      100      400       1
                bssBANK3                            300      300       A2      300       1
                bssBANK2                            200      200       B2      200       1
                dataBANK1                           1E7      1E7        D      100       1
                bssBANK1                            100      100       E7      100       1
                dataBANK0                            FA       FA        4       60       1
                bssBANK0                             BF       BF       3B       60       1
                bssCOMRAM                            52       52        7        1       1
                cinit                              535E     535E       AE        C       0
                idataBANK1                         71B6     71B6        D        C       0
                idataBANK0                         71EE     71EE        4     38E2       0

TOTAL           Name                               Link     Load   Length     Space
        CLASS   STACK          
                stack                               600      600      954         2

        CLASS   CODE           
                intcodelo                            18       18       64         0
                intcode                               8        8        4         0
                init                                 7C       7C        8         0
                reset_vec                             0        0        4         0
                intcode_body                       6028     6028       6E         0
                text148                            71F2     71F2        2         0
                text147                            70F4     70F4       1E         0
                text145                            55EE     55EE       96         0
                text144                            6D46     6D46       32         0
                text143                            5F46     5F46       72         0
                text142                            645C     645C       5A         0
                text141                            687E     687E       4A         0
                text140                            7148     7148       16         0
                text139                            6BCE     6BCE       3C         0
                text138                            6346     6346       5E         0
                text137                            62E6     62E6       60         0
                text136                            6B54     6B54       3E         0
                text135                            3834     3834      188         0
                text134                            4D96     4D96       EC         0
                text133                            706E     706E       26         0
                text132                            3B40     3B40      170         0
                text131                            5ED2     5ED2       74         0
                text130                            6834     6834       4A         0
                text129                            6950     6950       44         0
                text128                            6284     6284       62         0
                text127                            48CE     48CE      102         0
                text126                            3E0E     3E0E      15C         0
                text125                            47CC     47CC      102         0
                text124                            1F26     1F26      33C         0
                text123                            188A     188A      350         0
                text122                            4ACA     4ACA       F2         0
                text121                            40BA     40BA      150         0
                text120                            2F86     2F86      1FA         0
                text119                            3CB0     3CB0      15E         0
                text118                            712E     712E       1A         0
                text117                            6564     6564       54         0
                text116                            6096     6096       66         0
                text115                            4E82     4E82       EA         0
                text114                            3F6A     3F6A      150         0
                text113                            71A8     71A8        E         0
                text112                            109E     109E      40E         0
                text111                            6E34     6E34       2E         0
                text110                            2D82     2D82      204         0
                text109                            36A4     36A4      190         0
                text108                             C7A      C7A      424         0
                text107                            2836     2836      2B4         0
                text106                              84       84      792         0
                text105                            4BBC     4BBC       EE         0
                text104                            5054     5054       CC         0
                text103                            650E     650E       56         0
                text102                            1BDA     1BDA      34C         0
                text101                            14AC     14AC      3DE         0
                text100                            7112     7112       1C         0
                text99                             45A2     45A2      120         0
                text98                             5E5E     5E5E       74         0
                text97                             2572     2572      2C4         0
                text96                             2AEA     2AEA      298         0
                text95                             71E6     71E6        8         0
                text94                             71DC     71DC        A         0
                text93                             46C2     46C2      10A         0
                text92                             3514     3514      190         0
                text91                             69D6     69D6       42         0
                text90                             70D6     70D6       1E         0
                text89                             4CAA     4CAA       EC         0
                text88                             7048     7048       26         0
                text87                             6E8E     6E8E       2C         0
                text86                             70B8     70B8       1E         0
                text85                             334E     334E      1C6         0
                text84                             6222     6222       62         0
                text83                             420A     420A      144         0
                text82                             7094     7094       24         0
                text81                             6400     6400       5C         0
                text80                             3180     3180      1CE         0
                text79                             39BC     39BC      184         0
                text78                             5946     5946       82         0
                text77                             4F6C     4F6C       E8         0
                text76                             2262     2262      310         0
                text75                             58C2     58C2       84         0
                text74                             5684     5684       94         0
                text73                              816      816      464         0
                text72                             6A98     6A98       40         0
                text71                             61C0     61C0       62         0
                text70                             690C     690C       44         0
                text69                             66AE     66AE       52         0
                text68                             6FD4     6FD4       28         0
                text67                             6FAC     6FAC       28         0
                text66                             6F84     6F84       28         0
                text65                             6F5C     6F5C       28         0
                text64                             6F34     6F34       28         0
                text63                             6F0C     6F0C       28         0
                text62                             63A4     63A4       5C         0
                text61                             5DEA     5DEA       74         0
                text60                             5D76     5D76       74         0
                text59                             5D02     5D02       74         0
                text58                             5C8E     5C8E       74         0
                text57                             5C1A     5C1A       74         0
                text56                             5BA6     5BA6       74         0
                text55                             5B32     5B32       74         0
                text54                             5ABE     5ABE       74         0
                text53                             679E     679E       4C         0
                text52                             59C8     59C8       80         0
                text51                             615E     615E       62         0
                text50                             67EA     67EA       4A         0
                text49                             665C     665C       52         0
                text48                             60FC     60FC       62         0
                text47                             6C76     6C76       36         0
                text46                             5FB8     5FB8       70         0
                text45                             434E     434E      132         0
                text44                             49D0     49D0       FA         0
                text43                             5834     5834       8E         0
                text42                             660A     660A       52         0
                text41                             57A6     57A6       8E         0
                text40                             68C8     68C8       44         0
                text39                             5718     5718       8E         0
                text38                             7022     7022       26         0
                text37                             6EE4     6EE4       28         0
                text36                             6700     6700       50         0
                text35                             6A58     6A58       40         0
                text34                             54B8     54B8       A0         0
                text33                             6FFC     6FFC       26         0
                text32                             6C40     6C40       36         0
                text31                             52A4     52A4       BA         0
                text30                             4480     4480      122         0
                text29                             719A     719A        E         0
                text28                             718C     718C        E         0
                text27                             6E06     6E06       2E         0
                text26                             6CE0     6CE0       34         0
                text25                             6E62     6E62       2C         0
                text24                             6750     6750       4E         0
                text23                             6DA8     6DA8       30         0
                text22                             6EBA     6EBA       2A         0
                text21                             51EA     51EA       BA         0
                text20                             6D14     6D14       32         0
                text19                             65B8     65B8       52         0
                text18                             6994     6994       42         0
                text17                             5120     5120       CA         0
                text16                             6D78     6D78       30         0
                text15                             6B92     6B92       3C         0
                text14                             6B16     6B16       3E         0
                text13                             5558     5558       96         0
                text12                             6A18     6A18       40         0
                text11                             6DD8     6DD8       2E         0
                text10                             717E     717E        E         0
                text9                              71D0     71D0        C         0
                text8                              71C4     71C4        C         0
                text7                              540C     540C       AC         0
                text6                              6AD8     6AD8       3E         0
                text5                              716E     716E       10         0
                text4                              715E     715E       10         0
                text3                              64B6     64B6       58         0
                text2                              6C0A     6C0A       36         0
                text1                              5A48     5A48       76         0
                text0                              6CAC     6CAC       34         0
                cinit                              535E     535E       AE         0
                idataBANK1                         71B6     71B6        D         0
                idataBANK0                         71EE     71EE        4         0

        CLASS   CONST          

        CLASS   SMALLCONST     

        CLASS   MEDIUMCONST    
                mediumconst                        ED8A     ED8A      676         0

        CLASS   COMRAM         
                temp                                 46       46        C         1
                cstackCOMRAM                          1        1       45         1
                bssCOMRAM                            52       52        7         1

        CLASS   ABS1           

        CLASS   BIGRAM         

        CLASS   RAM            

        CLASS   BANK0          
                cstackBANK0                          60       60       5F         1
                dataBANK0                            FA       FA        4         1
                bssBANK0                             BF       BF       3B         1

        CLASS   BANK1          
                cstackBANK1                         1F4      1F4        5         1
                dataBANK1                           1E7      1E7        D         1
                bssBANK1                            100      100       E7         1

        CLASS   BANK2          
                cstackBANK2                         2B2      2B2       14         1
                bssBANK2                            200      200       B2         1

        CLASS   BANK3          
                bssBANK3                            300      300       A2         1

        CLASS   BANK4          
                bssBANK4                            400      400      100         1

        CLASS   BANK5          
                bssBANK5                            500      500      100         1

        CLASS   BANK6          

        CLASS   BANK7          

        CLASS   BANK8          

        CLASS   BANK9          

        CLASS   BANK10         

        CLASS   BANK11         

        CLASS   BANK12         

        CLASS   BANK13         

        CLASS   BANK14         

        CLASS   BANK15         

        CLASS   SFR            

        CLASS   FARRAM         

        CLASS   CONFIG         
                config                             FFF8     FFF8        6         0

        CLASS   IDLOC          



SEGMENTS        Name                           Load    Length   Top    Selector   Space  Class

                reset_vec                      000000  000004  000004         0       0  CODE    
                cstackCOMRAM                   000001  000058  000059         1       1  COMRAM  
                intcode                        000008  000004  00000C         4       0  CODE    
                intcodelo                      000018  0071AB  0071C3         C       0  CODE    
                cstackBANK0                    000060  00009E  0000FE        60       1  BANK0   
                bssBANK1                       000100  0000F9  0001F9       100       1  BANK1   
                bssBANK2                       000200  0000C6  0002C6       200       1  BANK2   
                bssBANK3                       000300  0000A2  0003A2       300       1  BANK3   
                bssBANK4                       000400  000100  000500       400       1  BANK4   
                bssBANK5                       000500  000100  000600       500       1  BANK5   
                stack                          000600  000954  000F54       600       2  STACK   
                text8                          0071C4  000030  0071F4      38E2       0  CODE    
                mediumconst                    00ED8A  000676  00F400      76C5       0  MEDIUMCO
                config                         00FFF8  000006  00FFFE      FFF8       0  CONFIG  


UNUSED ADDRESS RANGES

        Name                Unused          Largest block    Delta
        BANK0            000FE-000FF               2
        BANK1            001F9-001FF               7
        BANK10           00A00-00AFF             100
        BANK11           00B00-00BFF             100
        BANK12           00C00-00CFF             100
        BANK13           00D00-00DFF             100
        BANK14           00E00-00EFF             100
        BANK15           00F00-00F53              54
        BANK2            002C6-002FF              3A
        BANK3            003A2-003FF              5E
        BANK6            00600-006FF             100
        BANK7            00700-007FF             100
        BANK8            00800-008FF             100
        BANK9            00900-009FF             100
        BIGRAM           00059-0005F               7
                         000FE-000FF               2
                         001F9-001FF               7
                         002C6-002FF              3A
                         003A2-003FF              5E
                         00600-00F53             954
        CODE             00004-00007               4
                         0000C-00017               C
                         071C3-071C3               1
                         071F4-0ED89            7B96
        COMRAM           00059-0005F               7
        CONFIG           0FFFE-0FFFF               2
        CONST            00004-00007               4
                         0000C-00017               C
                         071C3-071C3               1
                         071F4-0ED89            7B96
        MEDIUMCONST      071C3-071C3               1
                         071F4-0ED89            7B96
        RAM              000FE-000FF               2
                         001F9-001FF               7
                         002C6-002FF              3A
                         003A2-003FF              5E
                         00600-00F53             100
        SFR              00F54-00FFF               C
        SMALLCONST       071C3-071C3               1
                         071F4-0ED89             100

                                  Symbol Table

?___aldiv                                cstackCOMRAM  00014
?___awdiv                                cstackCOMRAM  00008
?___awmod                                cstackCOMRAM  00008
?___exp_10                               cstackCOMRAM  00008
?___fladd                                cstackBANK0   0006D
?___fldiv                                cstackCOMRAM  0002F
?___flmul                                cstackCOMRAM  00016
?___flneg                                cstackCOMRAM  0003B
?___fltol                                cstackBANK0   0007D
?___int32_2_mflot32                      cstackCOMRAM  00015
?___lldiv                                cstackCOMRAM  00008
?___lmul                                 cstackCOMRAM  00008
?___lwdiv                                cstackCOMRAM  0000B
?___lwmod                                cstackCOMRAM  00012
?___wmul                                 cstackCOMRAM  0000B
?___x_sample_fifo                        cstackCOMRAM  00022
?___x_sample_fliter                      cstackCOMRAM  00022
?___xxtofl                               cstackCOMRAM  00008
?_ads1115_read_conversion                cstackCOMRAM  00012
?_ads1115_read_reg                       cstackCOMRAM  0000C
?_cal_diff_hight_to_vol_h                cstackBANK0   000AB
?_cal_diff_hight_to_vol_v                cstackBANK0   000AB
?_crc_sum                                cstackCOMRAM  00008
?_data_sys_cal_v1                        cstackBANK0   00085
?_data_sys_cal_v2                        cstackBANK0   00085
?_in_adc_start_and_read                  cstackCOMRAM  0000C
?_key_waite_release                      cstackCOMRAM  00010
?_m_interp1_float_fast                   cstackBANK0   00089
_ADCON0bits                              (abs)         00FC2
_ADCON1                                  (abs)         00FC1
_ADCON2bits                              (abs)         00FC0
_ADRESH                                  (abs)         00FC4
_ADRESL                                  (abs)         00FC3
_ALRMCFGbits                             (abs)         00F5B
_ALRMRPT                                 (abs)         00F5A
_EECON1bits                              (abs)         00FA6
_FSR0H                                   (abs)         00FEA
_FSR0L                                   (abs)         00FE9
_HexTable                                mediumconst   0EFDC
_INTCON                                  (abs)         00FF2
_INTCON2bits                             (abs)         00FF1
_INTCONbits                              (abs)         00FF2
_IPR1bits                                (abs)         00F9F
_IPR3bits                                (abs)         00FA5
_LATB                                    (abs)         00F8A
_LATC                                    (abs)         00F8B
_LATG                                    (abs)         00F8F
_LCDCON                                  (abs)         00FA8
_LCDDATA0                                (abs)         00FBB
_LCDDATA1                                (abs)         00FBC
_LCDDATA10                               (abs)         00F70
_LCDDATA11                               (abs)         00F71
_LCDDATA12                               (abs)         00F72
_LCDDATA13                               (abs)         00F73
_LCDDATA14                               (abs)         00F74
_LCDDATA15                               (abs)         00F75
_LCDDATA16                               (abs)         00F76
_LCDDATA17                               (abs)         00F77
_LCDDATA18                               (abs)         00F78
_LCDDATA19                               (abs)         00F79
_LCDDATA2                                (abs)         00FBD
_LCDDATA20                               (abs)         00F7A
_LCDDATA21                               (abs)         00F7B
_LCDDATA22                               (abs)         00F7C
_LCDDATA23                               (abs)         00F7D
_LCDDATA3                                (abs)         00FBE
_LCDDATA4                                (abs)         00FBF
_LCDDATA5                                (abs)         00F6B
_LCDDATA6                                (abs)         00F6C
_LCDDATA7                                (abs)         00F6D
_LCDDATA8                                (abs)         00F6E
_LCDDATA9                                (abs)         00F6F
_LCDDigitalIndexTable                    mediumconst   0EF8B
_LCDDigitalTable                         mediumconst   0EFB4
_LCDPSbits                               (abs)         00FAA
_LCDREG                                  (abs)         00FD2
_LCDSE0                                  (abs)         00FA9
_LCDSE1                                  (abs)         00FB6
_LCDSE2                                  (abs)         00FB7
_LCDSE3                                  (abs)         00FB8
_LCDSE4                                  (abs)         00FB9
_LCDSE5                                  (abs)         00FBA
_OSCCONbits                              (abs)         00FD3
_PADCFG1bits                             (abs)         00F54
_PIE1bits                                (abs)         00F9D
_PIE3bits                                (abs)         00FA3
_PIR1bits                                (abs)         00F9E
_PIR3bits                                (abs)         00FA4
_PORTB                                   (abs)         00F81
_PORTC                                   (abs)         00F82
_PR2                                     (abs)         00FCB
_RCONbits                                (abs)         00FD0
_RTCCFGbits                              (abs)         00F5F
_RTCVALH                                 (abs)         00F5D
_RTCVALL                                 (abs)         00F5C
_T1CONbits                               (abs)         00FCD
_T2CON                                   (abs)         00FCA
_TABLAT                                  (abs)         00FF5
_TBLPTRH                                 (abs)         00FF7
_TBLPTRL                                 (abs)         00FF6
_TBLPTRU                                 (abs)         00FF8
_TRISB                                   (abs)         00F93
_TRISC                                   (abs)         00F94
_TRISG                                   (abs)         00F98
__CFG_CCP2MX$DEFAULT                     (abs)         00000
__CFG_CP0$OFF                            (abs)         00000
__CFG_FCMEN$OFF                          (abs)         00000
__CFG_IESO$OFF                           (abs)         00000
__CFG_LPT1OSC$OFF                        (abs)         00000
__CFG_OSC$HS                             (abs)         00000
__CFG_RTCSOSC$T1OSCREF                   (abs)         00000
__CFG_STVREN$OFF                         (abs)         00000
__CFG_T1DIG$OFF                          (abs)         00000
__CFG_WDTEN$OFF                          (abs)         00000
__CFG_WDTPS$32768                        (abs)         00000
__CFG_XINST$OFF                          (abs)         00000
__HRAM                                   (abs)         00000
__Habs1                                  abs1          00000
__Hbank0                                 bank0         00000
__Hbank1                                 bank1         00000
__Hbank10                                bank10        00000
__Hbank11                                bank11        00000
__Hbank12                                bank12        00000
__Hbank13                                bank13        00000
__Hbank14                                bank14        00000
__Hbank15                                bank15        00000
__Hbank2                                 bank2         00000
__Hbank3                                 bank3         00000
__Hbank4                                 bank4         00000
__Hbank5                                 bank5         00000
__Hbank6                                 bank6         00000
__Hbank7                                 bank7         00000
__Hbank8                                 bank8         00000
__Hbank9                                 bank9         00000
__Hbigbss                                bigbss        00000
__Hbigdata                               bigdata       00000
__Hbigram                                bigram        00000
__Hbss                                   bss           00000
__HbssBANK0                              bssBANK0      00000
__HbssBANK1                              bssBANK1      00000
__HbssBANK2                              bssBANK2      00000
__HbssBANK3                              bssBANK3      00000
__HbssBANK4                              bssBANK4      00000
__HbssBANK5                              bssBANK5      00000
__HbssCOMRAM                             bssCOMRAM     00000
__Hcinit                                 cinit         00000
__Hclrtext                               clrtext       00000
__Hcomram                                comram        00000
__Hconfig                                config        0FFFE
__Hconst                                 const         00000
__HcstackBANK0                           cstackBANK0   00000
__HcstackBANK1                           cstackBANK1   00000
__HcstackBANK2                           cstackBANK2   00000
__HcstackCOMRAM                          cstackCOMRAM  00000
__Hdata                                  data          00000
__HdataBANK0                             dataBANK0     00000
__HdataBANK1                             dataBANK1     00000
__Hfarbss                                farbss        00000
__Hfardata                               fardata       00000
__Hibigdata                              ibigdata      00000
__Hidata                                 idata         00000
__HidataBANK0                            idataBANK0    00000
__HidataBANK1                            idataBANK1    00000
__Hidloc                                 idloc         00000
__Hifardata                              ifardata      00000
__Hinit                                  init          00084
__Hintcode                               intcode       0000C
__Hintcode_body                          intcode_body  00000
__Hintcodelo                             intcodelo     0007C
__Hintentry                              intentry      00000
__Hintret                                intret        00000
__Hintsave_regs                          intsave_regs  00000
__Hirdata                                irdata        00000
__Hjflash_buffer                         jflash_buffer 0F800
__Hmediumconst                           mediumconst   0F400
__HnvFARRAM                              nvFARRAM      00000
__Hnvbit                                 nvbit         00000
__Hnvrram                                nvrram        00000
__Hparam                                 rparam        00000
__Hpowerup                               powerup       0007C
__Hram                                   ram           00000
__Hramtop                                ramtop        01000
__Hrbit                                  rbit          00000
__Hrbss                                  rbss          00000
__Hrdata                                 rdata         00000
__Hreset_vec                             reset_vec     00004
__Hrparam                                rparam        00000
__Hsfr                                   sfr           00000
__Hsmallconst                            smallconst    00000
__Hspace_0                               (abs)         0FFFE
__Hspace_1                               (abs)         00600
__Hspace_2                               (abs)         00F54
__Hstack                                 stack         00F54
__Hstruct                                struct        00000
__Htemp                                  temp          00052
__Htext                                  text          00000
__Htext0                                 text0         00000
__Htext1                                 text1         00000
__Htext10                                text10        00000
__Htext100                               text100       00000
__Htext101                               text101       00000
__Htext102                               text102       00000
__Htext103                               text103       00000
__Htext104                               text104       00000
__Htext105                               text105       00000
__Htext106                               text106       00000
__Htext107                               text107       00000
__Htext108                               text108       00000
__Htext109                               text109       00000
__Htext11                                text11        00000
__Htext110                               text110       00000
__Htext111                               text111       00000
__Htext112                               text112       00000
__Htext113                               text113       00000
__Htext114                               text114       00000
__Htext115                               text115       00000
__Htext116                               text116       00000
__Htext117                               text117       00000
__Htext118                               text118       00000
__Htext119                               text119       00000
__Htext12                                text12        00000
__Htext120                               text120       00000
__Htext121                               text121       00000
__Htext122                               text122       00000
__Htext123                               text123       00000
__Htext124                               text124       00000
__Htext125                               text125       00000
__Htext126                               text126       00000
__Htext127                               text127       00000
__Htext128                               text128       00000
__Htext129                               text129       00000
__Htext13                                text13        00000
__Htext130                               text130       00000
__Htext131                               text131       00000
__Htext132                               text132       00000
__Htext133                               text133       00000
__Htext134                               text134       00000
__Htext135                               text135       00000
__Htext136                               text136       00000
__Htext137                               text137       00000
__Htext138                               text138       00000
__Htext139                               text139       00000
__Htext14                                text14        00000
__Htext140                               text140       00000
__Htext141                               text141       00000
__Htext142                               text142       00000
__Htext143                               text143       00000
__Htext144                               text144       00000
__Htext145                               text145       00000
__Htext147                               text147       00000
__Htext148                               text148       00000
__Htext15                                text15        00000
__Htext16                                text16        00000
__Htext17                                text17        00000
__Htext18                                text18        00000
__Htext19                                text19        00000
__Htext2                                 text2         00000
__Htext20                                text20        00000
__Htext21                                text21        00000
__Htext22                                text22        00000
__Htext23                                text23        00000
__Htext24                                text24        00000
__Htext25                                text25        00000
__Htext26                                text26        00000
__Htext27                                text27        00000
__Htext28                                text28        00000
__Htext29                                text29        00000
__Htext3                                 text3         00000
__Htext30                                text30        00000
__Htext31                                text31        00000
__Htext32                                text32        00000
__Htext33                                text33        00000
__Htext34                                text34        00000
__Htext35                                text35        00000
__Htext36                                text36        00000
__Htext37                                text37        00000
__Htext38                                text38        00000
__Htext39                                text39        00000
__Htext4                                 text4         00000
__Htext40                                text40        00000
__Htext41                                text41        00000
__Htext42                                text42        00000
__Htext43                                text43        00000
__Htext44                                text44        00000
__Htext45                                text45        00000
__Htext46                                text46        00000
__Htext47                                text47        00000
__Htext48                                text48        00000
__Htext49                                text49        00000
__Htext5                                 text5         00000
__Htext50                                text50        00000
__Htext51                                text51        00000
__Htext52                                text52        00000
__Htext53                                text53        00000
__Htext54                                text54        00000
__Htext55                                text55        00000
__Htext56                                text56        00000
__Htext57                                text57        00000
__Htext58                                text58        00000
__Htext59                                text59        00000
__Htext6                                 text6         00000
__Htext60                                text60        00000
__Htext61                                text61        00000
__Htext62                                text62        00000
__Htext63                                text63        00000
__Htext64                                text64        00000
__Htext65                                text65        00000
__Htext66                                text66        00000
__Htext67                                text67        00000
__Htext68                                text68        00000
__Htext69                                text69        00000
__Htext7                                 text7         00000
__Htext70                                text70        00000
__Htext71                                text71        00000
__Htext72                                text72        00000
__Htext73                                text73        00000
__Htext74                                text74        00000
__Htext75                                text75        00000
__Htext76                                text76        00000
__Htext77                                text77        00000
__Htext78                                text78        00000
__Htext79                                text79        00000
__Htext8                                 text8         00000
__Htext80                                text80        00000
__Htext81                                text81        00000
__Htext82                                text82        00000
__Htext83                                text83        00000
__Htext84                                text84        00000
__Htext85                                text85        00000
__Htext86                                text86        00000
__Htext87                                text87        00000
__Htext88                                text88        00000
__Htext89                                text89        00000
__Htext9                                 text9         00000
__Htext90                                text90        00000
__Htext91                                text91        00000
__Htext92                                text92        00000
__Htext93                                text93        00000
__Htext94                                text94        00000
__Htext95                                text95        00000
__Htext96                                text96        00000
__Htext97                                text97        00000
__Htext98                                text98        00000
__Htext99                                text99        00000
__LRAM                                   (abs)         00001
__Labs1                                  abs1          00000
__Lbank0                                 bank0         00000
__Lbank1                                 bank1         00000
__Lbank10                                bank10        00000
__Lbank11                                bank11        00000
__Lbank12                                bank12        00000
__Lbank13                                bank13        00000
__Lbank14                                bank14        00000
__Lbank15                                bank15        00000
__Lbank2                                 bank2         00000
__Lbank3                                 bank3         00000
__Lbank4                                 bank4         00000
__Lbank5                                 bank5         00000
__Lbank6                                 bank6         00000
__Lbank7                                 bank7         00000
__Lbank8                                 bank8         00000
__Lbank9                                 bank9         00000
__Lbigbss                                bigbss        00000
__Lbigdata                               bigdata       00000
__Lbigram                                bigram        00000
__Lbss                                   bss           00000
__LbssBANK0                              bssBANK0      00000
__LbssBANK1                              bssBANK1      00000
__LbssBANK2                              bssBANK2      00000
__LbssBANK3                              bssBANK3      00000
__LbssBANK4                              bssBANK4      00000
__LbssBANK5                              bssBANK5      00000
__LbssCOMRAM                             bssCOMRAM     00000
__Lcinit                                 cinit         00000
__Lclrtext                               clrtext       00000
__Lcomram                                comram        00000
__Lconfig                                config        0FFF8
__Lconst                                 const         00000
__LcstackBANK0                           cstackBANK0   00000
__LcstackBANK1                           cstackBANK1   00000
__LcstackBANK2                           cstackBANK2   00000
__LcstackCOMRAM                          cstackCOMRAM  00000
__Ldata                                  data          00000
__LdataBANK0                             dataBANK0     00000
__LdataBANK1                             dataBANK1     00000
__Lfarbss                                farbss        00000
__Lfardata                               fardata       00000
__Libigdata                              ibigdata      00000
__Lidata                                 idata         00000
__LidataBANK0                            idataBANK0    00000
__LidataBANK1                            idataBANK1    00000
__Lidloc                                 idloc         00000
__Lifardata                              ifardata      00000
__Linit                                  init          0007C
__Lintcode                               intcode       00008
__Lintcode_body                          intcode_body  00000
__Lintcodelo                             intcodelo     00018
__Lintentry                              intentry      00000
__Lintret                                intret        00000
__Lintsave_regs                          intsave_regs  00000
__Lirdata                                irdata        00000
__Ljflash_buffer                         jflash_buffer 0F800
__Lmediumconst                           mediumconst   0ED8A
__LnvFARRAM                              nvFARRAM      00000
__Lnvbit                                 nvbit         00000
__Lnvrram                                nvrram        00000
__Lparam                                 rparam        00000
__Lpowerup                               powerup       0007C
__Lram                                   ram           00000
__Lramtop                                ramtop        01000
__Lrbit                                  rbit          00000
__Lrbss                                  rbss          00000
__Lrdata                                 rdata         00000
__Lreset_vec                             reset_vec     00000
__Lrparam                                rparam        00000
__Lsfr                                   sfr           00000
__Lsmallconst                            smallconst    00000
__Lspace_0                               (abs)         00000
__Lspace_1                               (abs)         00000
__Lspace_2                               (abs)         00000
__Lstack                                 stack         00600
__Lstruct                                struct        00000
__Ltemp                                  temp          00046
__Ltext                                  text          00000
__Ltext0                                 text0         00000
__Ltext1                                 text1         00000
__Ltext10                                text10        00000
__Ltext100                               text100       00000
__Ltext101                               text101       00000
__Ltext102                               text102       00000
__Ltext103                               text103       00000
__Ltext104                               text104       00000
__Ltext105                               text105       00000
__Ltext106                               text106       00000
__Ltext107                               text107       00000
__Ltext108                               text108       00000
__Ltext109                               text109       00000
__Ltext11                                text11        00000
__Ltext110                               text110       00000
__Ltext111                               text111       00000
__Ltext112                               text112       00000
__Ltext113                               text113       00000
__Ltext114                               text114       00000
__Ltext115                               text115       00000
__Ltext116                               text116       00000
__Ltext117                               text117       00000
__Ltext118                               text118       00000
__Ltext119                               text119       00000
__Ltext12                                text12        00000
__Ltext120                               text120       00000
__Ltext121                               text121       00000
__Ltext122                               text122       00000
__Ltext123                               text123       00000
__Ltext124                               text124       00000
__Ltext125                               text125       00000
__Ltext126                               text126       00000
__Ltext127                               text127       00000
__Ltext128                               text128       00000
__Ltext129                               text129       00000
__Ltext13                                text13        00000
__Ltext130                               text130       00000
__Ltext131                               text131       00000
__Ltext132                               text132       00000
__Ltext133                               text133       00000
__Ltext134                               text134       00000
__Ltext135                               text135       00000
__Ltext136                               text136       00000
__Ltext137                               text137       00000
__Ltext138                               text138       00000
__Ltext139                               text139       00000
__Ltext14                                text14        00000
__Ltext140                               text140       00000
__Ltext141                               text141       00000
__Ltext142                               text142       00000
__Ltext143                               text143       00000
__Ltext144                               text144       00000
__Ltext145                               text145       00000
__Ltext147                               text147       00000
__Ltext148                               text148       00000
__Ltext15                                text15        00000
__Ltext16                                text16        00000
__Ltext17                                text17        00000
__Ltext18                                text18        00000
__Ltext19                                text19        00000
__Ltext2                                 text2         00000
__Ltext20                                text20        00000
__Ltext21                                text21        00000
__Ltext22                                text22        00000
__Ltext23                                text23        00000
__Ltext24                                text24        00000
__Ltext25                                text25        00000
__Ltext26                                text26        00000
__Ltext27                                text27        00000
__Ltext28                                text28        00000
__Ltext29                                text29        00000
__Ltext3                                 text3         00000
__Ltext30                                text30        00000
__Ltext31                                text31        00000
__Ltext32                                text32        00000
__Ltext33                                text33        00000
__Ltext34                                text34        00000
__Ltext35                                text35        00000
__Ltext36                                text36        00000
__Ltext37                                text37        00000
__Ltext38                                text38        00000
__Ltext39                                text39        00000
__Ltext4                                 text4         00000
__Ltext40                                text40        00000
__Ltext41                                text41        00000
__Ltext42                                text42        00000
__Ltext43                                text43        00000
__Ltext44                                text44        00000
__Ltext45                                text45        00000
__Ltext46                                text46        00000
__Ltext47                                text47        00000
__Ltext48                                text48        00000
__Ltext49                                text49        00000
__Ltext5                                 text5         00000
__Ltext50                                text50        00000
__Ltext51                                text51        00000
__Ltext52                                text52        00000
__Ltext53                                text53        00000
__Ltext54                                text54        00000
__Ltext55                                text55        00000
__Ltext56                                text56        00000
__Ltext57                                text57        00000
__Ltext58                                text58        00000
__Ltext59                                text59        00000
__Ltext6                                 text6         00000
__Ltext60                                text60        00000
__Ltext61                                text61        00000
__Ltext62                                text62        00000
__Ltext63                                text63        00000
__Ltext64                                text64        00000
__Ltext65                                text65        00000
__Ltext66                                text66        00000
__Ltext67                                text67        00000
__Ltext68                                text68        00000
__Ltext69                                text69        00000
__Ltext7                                 text7         00000
__Ltext70                                text70        00000
__Ltext71                                text71        00000
__Ltext72                                text72        00000
__Ltext73                                text73        00000
__Ltext74                                text74        00000
__Ltext75                                text75        00000
__Ltext76                                text76        00000
__Ltext77                                text77        00000
__Ltext78                                text78        00000
__Ltext79                                text79        00000
__Ltext8                                 text8         00000
__Ltext80                                text80        00000
__Ltext81                                text81        00000
__Ltext82                                text82        00000
__Ltext83                                text83        00000
__Ltext84                                text84        00000
__Ltext85                                text85        00000
__Ltext86                                text86        00000
__Ltext87                                text87        00000
__Ltext88                                text88        00000
__Ltext89                                text89        00000
__Ltext9                                 text9         00000
__Ltext90                                text90        00000
__Ltext91                                text91        00000
__Ltext92                                text92        00000
__Ltext93                                text93        00000
__Ltext94                                text94        00000
__Ltext95                                text95        00000
__Ltext96                                text96        00000
__Ltext97                                text97        00000
__Ltext98                                text98        00000
__Ltext99                                text99        00000
__S0                                     (abs)         0FFFE
__S1                                     (abs)         00600
__S2                                     (abs)         00F54
___aldiv                                 text104       05054
___aldiv@counter                         cstackCOMRAM  0001C
___aldiv@dividend                        cstackCOMRAM  00014
___aldiv@divisor                         cstackCOMRAM  00018
___aldiv@quotient                        cstackCOMRAM  0001E
___aldiv@sign                            cstackCOMRAM  0001D
___awdiv                                 text75        058C2
___awdiv@counter                         cstackCOMRAM  0000C
___awdiv@dividend                        cstackCOMRAM  00008
___awdiv@divisor                         cstackCOMRAM  0000A
___awdiv@quotient                        cstackCOMRAM  0000E
___awdiv@sign                            cstackCOMRAM  0000D
___awmod                                 text46        05FB8
___awmod@counter                         cstackCOMRAM  0000C
___awmod@dividend                        cstackCOMRAM  00008
___awmod@divisor                         cstackCOMRAM  0000A
___awmod@sign                            cstackCOMRAM  0000D
___enter_menu_set_base_zero              text24        06750
___enter_menu_set_base_zero@fps          cstackCOMRAM  00025
___enter_menu_set_density                text23        06DA8
___enter_menu_set_density@fps            cstackCOMRAM  0000A
___enter_menu_set_pose                   text22        06EBA
___enter_menu_set_pose@fps               cstackCOMRAM  00009
___exp_10                                text19        065B8
___exp_10@n                              cstackCOMRAM  0000A
___extmem_base                           (abs)         20000
___fladd                                 text112       0109E
___fladd@a                               cstackBANK0   00071
___fladd@aexp                            cstackCOMRAM  00040
___fladd@b                               cstackBANK0   0006D
___fladd@bexp                            cstackCOMRAM  00041
___fladd@grs                             cstackCOMRAM  00042
___fladd@signs                           cstackCOMRAM  0003F
___fldiv                                 text124       01F26
___fldiv@a                               cstackCOMRAM  00033
___fldiv@aexp                            cstackBANK0   0006C
___fldiv@b                               cstackCOMRAM  0002F
___fldiv@bexp                            cstackBANK0   0006B
___fldiv@grs                             cstackBANK0   00067
___fldiv@new_exp                         cstackBANK0   00065
___fldiv@rem                             cstackBANK0   00061
___fldiv@sign                            cstackBANK0   00060
___flge                                  text109       036A4
___flge@ff1                              cstackBANK0   0007D
___flge@ff2                              cstackBANK0   00081
___flmul                                 text123       0188A
___flmul@a                               cstackCOMRAM  0001A
___flmul@aexp                            cstackCOMRAM  00023
___flmul@b                               cstackCOMRAM  00016
___flmul@bexp                            cstackCOMRAM  00028
___flmul@grs                             cstackCOMRAM  00024
___flmul@prod                            cstackCOMRAM  00029
___flmul@sign                            cstackCOMRAM  00022
___flmul@temp                            cstackCOMRAM  0002D
___flneg                                 text111       06E34
___flneg@f1                              cstackCOMRAM  0003B
___fltol                                 text122       04ACA
___fltol@exp1                            cstackCOMRAM  00044
___fltol@f1                              cstackBANK0   0007D
___fltol@sign1                           cstackCOMRAM  00043
___int32_2_mflot32                       text77        04F6C
___int32_2_mflot32@F7642                 bssBANK1      00137
___int32_2_mflot32@mf                    cstackCOMRAM  00021
___int32_2_mflot32@t32                   cstackCOMRAM  0001D
___int32_2_mflot32@x                     cstackCOMRAM  00015
___inthi_sp                              stack         0091C
___intlo_sp                              stack         00C38
___lldiv                                 text78        05946
___lldiv@counter                         cstackCOMRAM  00014
___lldiv@dividend                        cstackCOMRAM  00008
___lldiv@divisor                         cstackCOMRAM  0000C
___lldiv@quotient                        cstackCOMRAM  00010
___lmul                                  text103       0650E
___lmul@multiplicand                     cstackCOMRAM  0000C
___lmul@multiplier                       cstackCOMRAM  00008
___lmul@product                          cstackCOMRAM  00010
___lwdiv                                 text49        0665C
___lwdiv@counter                         cstackCOMRAM  0000F
___lwdiv@dividend                        cstackCOMRAM  0000B
___lwdiv@divisor                         cstackCOMRAM  0000D
___lwdiv@quotient                        cstackCOMRAM  00010
___lwmod                                 text18        06994
___lwmod@counter                         cstackCOMRAM  00016
___lwmod@dividend                        cstackCOMRAM  00012
___lwmod@divisor                         cstackCOMRAM  00014
___mflot32_2_int32@F7647                 bssBANK1      00133
___param_bank                            (abs)         00000
___rparam_used                           (abs)         00001
___sp                                    stack         00600
___wmul                                  text133       0706E
___wmul@multiplicand                     cstackCOMRAM  0000D
___wmul@multiplier                       cstackCOMRAM  0000B
___wmul@product                          cstackCOMRAM  0000F
___x_arrange_str                         text36        06700
___x_arrange_str@i                       cstackCOMRAM  0000B
___x_arrange_str@len                     cstackCOMRAM  0000A
___x_arrange_str@str                     cstackCOMRAM  00008
___x_sample_fifo                         text93        046C2
___x_sample_fifo@buf                     cstackCOMRAM  00022
___x_sample_fifo@i                       cstackCOMRAM  00031
___x_sample_fifo@len                     cstackCOMRAM  00026
___x_sample_fifo@ret                     cstackCOMRAM  0002D
___x_sample_fifo@x                       cstackCOMRAM  00024
___x_sample_fliter                       text85        0334E
___x_sample_fliter@buf                   cstackCOMRAM  00022
___x_sample_fliter@i                     cstackCOMRAM  00036
___x_sample_fliter@len                   cstackCOMRAM  00024
___x_sample_fliter@loop                  cstackCOMRAM  00025
___x_sample_fliter@max                   cstackCOMRAM  0002E
___x_sample_fliter@maxLoc                cstackCOMRAM  0002C
___x_sample_fliter@min                   cstackCOMRAM  00030
___x_sample_fliter@minLoc                cstackCOMRAM  0002D
___x_sample_fliter@t32                   cstackCOMRAM  00032
___xxtofl                                text121       040BA
___xxtofl@arg                            cstackCOMRAM  00012
___xxtofl@exp                            cstackCOMRAM  00011
___xxtofl@sign                           cstackCOMRAM  00010
___xxtofl@val                            cstackCOMRAM  00008
__accesstop                              (abs)         00060
__activetblptr                           (abs)         00002
__end_of_HexTable                        mediumconst   0EFED
__end_of_LCDDigitalIndexTable            mediumconst   0EFB4
__end_of_LCDDigitalTable                 mediumconst   0EFDC
__end_of___aldiv                         text104       05120
__end_of___awdiv                         text75        05946
__end_of___awmod                         text46        06028
__end_of___enter_menu_set_base_zero      text24        0679E
__end_of___enter_menu_set_density        text23        06DD8
__end_of___enter_menu_set_pose           text22        06EE4
__end_of___exp_10                        text19        0660A
[...]
                  1    wreg      void 
 Registers used:
		wreg, fsr2l, fsr2h, status,2, status,0, cstack
 Tracked objects:
		On entry : 
		On exit  : 
		Unchanged: 
 Data sizes:     COMRAM   BANK0   BANK1   BANK2   BANK3   BANK4   BANK5   BANK6   BANK7   BANK8   BANK9  BANK10  BANK11  BANK12  BANK13  BANK14  BANK15
      Params:         0       0       0       0       0       0       0       0       0       0       0       0       0       0       0       0       0
      Locals:         0       0       0       0       0       0       0       0       0       0       0       0       0       0       0       0       0
      Temps:          0       0       0       0       0       0       0       0       0       0       0       0       0       0       0       0       0
      Totals:         0       0       0       0       0       0       0       0       0       0       0       0       0       0       0       0       0
Total ram usage:        0 bytes
 Hardware stack levels used:    1
 Hardware stack levels required when called:    5
 This function calls:
		_ads1115_init
 This function is called by:
		_main
 This function uses a non-reentrant model


 *************** function _ads1115_init *****************
 Defined at:
		line 5 in file "src/driver/ads1115.c"
 Parameters:    Size  Location     Type
  pAds1115        2    7[COMRAM] PTR struct .
		 -> ads1115Chip1(16), ads1115Chip0(16), NULL(0), 
  slvaddr         1    9[COMRAM] unsigned char 
 Auto vars:     Size  Location     Type
		None
 Return value:  Size  Location     Type
                  1    wreg      void 
 Registers used:
		wreg, fsr2l, fsr2h, status,2, status,0
 Tracked objects:
		On entry : 
		On exit  : 
		Unchanged: 
 Data sizes:     COMRAM   BANK0   BANK1   BANK2   BANK3   BANK4   BANK5   BANK6   BANK7   BANK8   BANK9  BANK10  BANK11  BANK12  BANK13  BANK14  BANK15
      Params:         3       0       0       0       0       0       0       0       0       0       0       0       0       0       0       0       0
      Locals:         0       0       0       0       0       0       0       0       0       0       0       0       0       0       0       0       0
      Temps:          0       0       0       0       0       0       0       0       0       0       0       0       0       0       0       0       0
      Totals:         3       0       0       0       0       0       0       0       0       0       0       0       0       0       0       0       0
Total ram usage:        3 bytes
 Hardware stack levels used:    1
 Hardware stack levels required when called:    4
 This function calls:
		Nothing
 This function is called by:
		_ads1115_init_all_chip
 This function uses a non-reentrant model


 *************** function _handler_interrupt_low *****************
 Defined at:
		line 38 in file "src/soc/int.c"
 Parameters:    Size  Location     Type
		None
 Auto vars:     Size  Location     Type
		None
 Return value:  Size  Location     Type
                  1    wreg      void 
 Registers used:
		wreg, status,2, status,0
 Tracked objects:
		On entry : 
		On exit  : 
		Unchanged: 
 Data sizes:     COMRAM   BANK0   BANK1   BANK2   BANK3   BANK4   BANK5   BANK6   BANK7   BANK8   BANK9  BANK10  BANK11  BANK12  BANK13  BANK14  BANK15
      Params:         0       0       0       0       0       0       0       0       0       0       0       0       0       0       0       0       0
      Locals:         0       0       0       0       0       0       0       0       0       0       0       0       0       0       0       0       0
      Temps:          5       0       0       0       0       0       0       0       0       0       0       0       0       0       0       0       0
      Totals:         5       0       0       0       0       0       0       0       0       0       0       0       0       0       0       0       0
Total ram usage:        5 bytes
 Hardware stack levels used:    1
 Hardware stack levels required when called:    3
 This function calls:
		_rtc_alrm_irq_hook
		_sys_ticker_irq_hook
 This function is called by:
		Interrupt level 1
 This function uses a non-reentrant model


 *************** function _sys_ticker_irq_hook *****************
 Defined at:
		line 40 in file "src/soc/ticker.c"
 Parameters:    Size  Location     Type
		None
 Auto vars:     Size  Location     Type
		None
 Return value:  Size  Location     Type
                  1  [STACK] void 
 Registers used:
		wreg, status,2, status,0
 Tracked objects:
		On entry : 
		On exit  : 
		Unchanged: 
 Data sizes:     COMRAM   BANK0   BANK1   BANK2   BANK3   BANK4   BANK5   BANK6   BANK7   BANK8   BANK9  BANK10  BANK11  BANK12  BANK13  BANK14  BANK15
      Params:         0       0       0       0       0       0       0       0       0       0       0       0       0       0       0       0       0
      Locals:         0       0       0       0       0       0       0       0       0       0       0       0       0       0       0       0       0
      Temps:          0       0       0       0       0       0       0       0       0       0       0       0       0       0       0       0       0
      Totals:         0       0       0       0       0       0       0       0       0       0       0       0       0       0       0       0       0
Total ram usage:        0 bytes
 Hardware stack levels used:    1
 Hardware stack levels required when called:    2
 This function calls:
		Nothing
 This function is called by:
		_handler_interrupt_hight
		_handler_interrupt_low
 This function uses a reentrant model


 *************** function _rtc_alrm_irq_hook *****************
 Defined at:
		line 103 in file "src/soc/rtc.c"
 Parameters:    Size  Location     Type
		None
 Auto vars:     Size  Location     Type
		None
 Return value:  Size  Location     Type
                  1  [STACK] void 
 Registers used:
		None
 Tracked objects:
		On entry : 
		On exit  : 
		Unchanged: 
 Data sizes:     COMRAM   BANK0   BANK1   BANK2   BANK3   BANK4   BANK5   BANK6   BANK7   BANK8   BANK9  BANK10  BANK11  BANK12  BANK13  BANK14  BANK15
      Params:         0       0       0       0       0       0       0       0       0       0       0       0       0       0       0       0       0
      Locals:         0       0       0       0       0       0       0       0       0       0       0       0       0       0       0       0       0
      Temps:          0       0       0       0       0       0       0       0       0       0       0       0       0       0       0       0       0
      Totals:         0       0       0       0       0       0       0       0       0       0       0       0       0       0       0       0       0
Total ram usage:        0 bytes
 Hardware stack levels used:    1
 Hardware stack levels required when called:    2
 This function calls:
		Nothing
 This function is called by:
		_handler_interrupt_hight
		_handler_interrupt_low
 This function uses a reentrant model


 *************** function _handler_interrupt_hight *****************
 Defined at:
		line 9 in file "src/soc/int.c"
 Parameters:    Size  Location     Type
		None
 Auto vars:     Size  Location     Type
		None
 Return value:  Size  Location     Type
                  1    wreg      void 
 Registers used:
		wreg, status,2, status,0
 Tracked objects:
		On entry : 
		On exit  : 
		Unchanged: 
 Data sizes:     COMRAM   BANK0   BANK1   BANK2   BANK3   BANK4   BANK5   BANK6   BANK7   BANK8   BANK9  BANK10  BANK11  BANK12  BANK13  BANK14  BANK15
      Params:         0       0       0       0       0       0       0       0       0       0       0       0       0       0       0       0       0
      Locals:         0       0       0       0       0       0       0       0       0       0       0       0       0       0       0       0       0
      Temps:          2       0       0       0       0       0       0       0       0       0       0       0       0       0       0       0       0
      Totals:         2       0       0       0       0       0       0       0       0       0       0       0       0       0       0       0       0
Total ram usage:        2 bytes
 Hardware stack levels used:    1
 Hardware stack levels required when called:    1
 This function calls:
		_rtc_alrm_irq_hook
		_sys_ticker_irq_hook
 This function is called by:
		Interrupt level 2
 This function uses a non-reentrant model



MODULE INFORMATION

Module		Function		Class		Link	Load	Size
src/soc/rtc.c
		_rtc_init      		CODE           	6AD8	0000	63
		_rtcc_reg_wr_disable		CODE           	71D0	0000	13
		_rtc_set       		CODE           	540C	0000	173
		_rtc_alrm_irq_hook		CODE           	71F2	0000	3
		_rtcc_reg_wr_enable		CODE           	71C4	0000	13

src/soc/rtc.c estimated size: 265

src/driver/i2c.c
		_iic_waite_ack 		CODE           	6346	0000	95
		_iic_send_ack  		CODE           	687E	0000	75
		_iic_send_byte 		CODE           	62E6	0000	97
		_iic_start     		CODE           	6B54	0000	63
		_iic_received_byte		CODE           	645C	0000	91
		_iic_received_byte_if_ack		CODE           	7148	0000	23
		_iic_stop      		CODE           	6BCE	0000	61

src/driver/i2c.c estimated size: 505

C:\Program Files\Microchip\xc8\v1.41\sources\common\Umul32.c
		___lmul        		CODE           	650E	0000	87

C:\Program Files\Microchip\xc8\v1.41\sources\common\Umul32.c estimated size: 87

C:\Program Files\Microchip\xc8\v1.41\sources\common\flge.c
		___flge        		CODE           	36A4	0000	401

C:\Program Files\Microchip\xc8\v1.41\sources\common\flge.c estimated size: 401

C:\Program Files\Microchip\xc8\v1.41\sources\common\flneg.c
		___flneg       		CODE           	6E34	0000	47

C:\Program Files\Microchip\xc8\v1.41\sources\common\flneg.c estimated size: 47

C:\Program Files\Microchip\xc8\v1.41\sources\common\sprcadd.c
		___fladd       		CODE           	109E	0000	1039

C:\Program Files\Microchip\xc8\v1.41\sources\common\sprcadd.c estimated size: 1039

src/driver/key.c
		_key_polling   		CODE           	6B92	0000	61

src/driver/key.c estimated size: 61

src/soc/clock.c
		_delay_us      		CODE           	6E8E	0000	45
		_delay_ms      		CODE           	70B8	0000	31

src/soc/clock.c estimated size: 76

src/api/sample.c
		_sample_diff_pr_chip_slow		CODE           	420A	0000	325
		___x_sample_fifo		CODE           	46C2	0000	267
		_sample_diff_pr_fliter		CODE           	6222	0000	99
		_sample_pr_chip_comm		CODE           	39BC	0000	389
		_sample_in_soc_adc_ch		CODE           	3180	0000	463
		_sample_diff_pr_chip_fast		CODE           	4480	0000	291
		___x_sample_fliter		CODE           	334E	0000	455

src/api/sample.c estimated size: 2289

src/driver/m_flash.c
		_m_flash_unlock		CODE           	712E	0000	27
		_m_flash_read  		CODE           	6096	0000	103
		_m_flash_erase 		CODE           	6564	0000	85
		_m_flash_write 		CODE           	4E82	0000	235

src/driver/m_flash.c estimated size: 450

src/depend/crc16.c
		_crc_sum       		CODE           	5ED2	0000	117
		_crc_append    		CODE           	6834	0000	75
		_crc_verify    		CODE           	6284	0000	99

src/depend/crc16.c estimated size: 291

C:\Program Files\Microchip\xc8\v1.41\sources\common\xxtofl.c
		___xxtofl      		CODE           	40BA	0000	337

C:\Program Files\Microchip\xc8\v1.41\sources\common\xxtofl.c estimated size: 337

C:\Program Files\Microchip\xc8\v1.41\sources\common\lwmod.c
		___lwmod       		CODE           	6994	0000	67

C:\Program Files\Microchip\xc8\v1.41\sources\common\lwmod.c estimated size: 67

C:\Program Files\Microchip\xc8\v1.41\sources\common\awmod.c
		___awmod       		CODE           	5FB8	0000	113

C:\Program Files\Microchip\xc8\v1.41\sources\common\awmod.c estimated size: 113

src/soc/soc.c
		_soc_init      		CODE           	715E	0000	17

src/soc/soc.c estimated size: 17

src/soc/ticker.c
		_sys_ticker_irq_hook		CODE           	70F4	0000	31
		_sys_ticker_init		CODE           	716E	0000	17
		_ticker_dly    		CODE           	6C0A	0000	55

src/soc/ticker.c estimated size: 103

src/driver/lcd.c
		_lcd_show_string_l0		CODE           	60FC	0000	99
		_lcd_show_string_l1		CODE           	6C76	0000	55
		_lcd_bl_on     		CODE           	71DC	0000	11
		_lcd_bl_off    		CODE           	71E6	0000	9
		_lcd_disp_unit_1st_m		CODE           	690C	0000	69
		_lcd_show_string		CODE           	615E	0000	99
		_lcd_disp_all  		CODE           	7022	0000	39
		_lcd_disp_logo 		CODE           	6EE4	0000	41
		_lcd_disp_refresh		CODE           	61C0	0000	99
		_lcd_disp_chr_loc_0		CODE           	5DEA	0000	117
		_lcd_disp_chr_loc_1		CODE           	5D76	0000	117
		_lcd_disp_get_code		CODE           	679E	0000	77
		_lcd_disp_chr_loc_2		CODE           	5D02	0000	117
		_lcd_disp_unit_mpa		CODE           	66AE	0000	83
		_lcd_disp_chr_loc_3		CODE           	5C8E	0000	117
		_lcd_disp_chr_loc_4		CODE           	5C1A	0000	117
		_lcd_disp_chr_loc_5		CODE           	5BA6	0000	117
		_lcd_disp_level		CODE           	6A98	0000	65
		_lcd_disp_chr_loc_6		CODE           	5B32	0000	117
		_lcd_disp_chr_loc_7		CODE           	5ABE	0000	117
		_lcd_disp_unit_1st_m3		CODE           	660A	0000	83
		_lcd_set_com_seg		CODE           	5684	0000	149
		_lcd_config    		CODE           	6DD8	0000	47
		_lcd_show_dp   		CODE           	63A4	0000	93
		_lcd_show_chr  		CODE           	59C8	0000	129
		_lcd_disp_level_bar		CODE           	0816	0000	1125
		_lcd_disp_dp_loc_0		CODE           	6FD4	0000	41
		_lcd_disp_unit_t		CODE           	68C8	0000	69
		_lcd_disp_dp_loc_1		CODE           	6FAC	0000	41
		_lcd_disp_dp_loc_2		CODE           	6F84	0000	41
		_lcd_disp_dp_loc_4		CODE           	6F5C	0000	41
		_lcd_disp_dp_loc_5		CODE           	6F34	0000	41
		_lcd_disp_dp_loc_6		CODE           	6F0C	0000	41
		_lcd_init      		CODE           	717E	0000	15

src/driver/lcd.c estimated size: 3638

src/driver/ex_eeprom.c
		_at24c02_init  		CODE           	5F46	0000	115
		_at24c02_read_n_byte		CODE           	3834	0000	393
		_at24c02_write_n_byte		CODE           	4D96	0000	237

src/driver/ex_eeprom.c estimated size: 745

src/depend/m_string.c
		_m_mem_cpy     		CODE           	6A58	0000	65
		_m_mem_set     		CODE           	7112	0000	29
		_m_mem_cpy_len 		CODE           	6950	0000	69
		_m_int16_2_str_4		CODE           	434E	0000	307
		_m_int8_2_hex  		CODE           	64B6	0000	89

src/depend/m_string.c estimated size: 559

shared
		_HexTable      		MEDIUMCONST    	EFDC	0000	18
		_LCDDigitalIndexTable		MEDIUMCONST    	EF8B	0000	42
		_LCDDigitalTable		MEDIUMCONST    	EFB4	0000	41
		_defultSystemData		MEDIUMCONST    	F315	0000	151
		_hKel          		MEDIUMCONST    	EFED	0000	405
		_hKcy          		MEDIUMCONST    	F181	0000	405
		__initialization		CODE           	535E	0000	165
		_auchCRCHi     		MEDIUMCONST    	EE8B	0000	257
		_auchCRCLo     		MEDIUMCONST    	ED8B	0000	257
		_flashTestbuf  		MEDIUMCONST    	F3AB	0000	66

shared estimated size: 1807

src/api/ui.c
		_ui_disp_menu  		CODE           	6C40	0000	55
		_ui_disp_adj_xfixed_pt		CODE           	54B8	0000	161
		_ui_disp_clear_num_dp		CODE           	67EA	0000	75
		_ui_disp_xfloat_pt		CODE           	49D0	0000	251
		___x_arrange_str		CODE           	6700	0000	81
		___int32_2_mflot32		CODE           	4F6C	0000	233
		_ui_disp_menu_home_00		CODE           	5834	0000	143
		_ui_disp_menu_home_01		CODE           	57A6	0000	143
		_ui_disp_menu_home_02		CODE           	5718	0000	143
		_ui_disp_menu_psw_adj		CODE           	6FFC	0000	39
		_ui_disp_start_cs600		CODE           	5A48	0000	119

src/api/ui.c estimated size: 1443

C:\Program Files\Microchip\xc8\v1.41\sources\common\lwdiv.c
		___lwdiv       		CODE           	665C	0000	83

C:\Program Files\Microchip\xc8\v1.41\sources\common\lwdiv.c estimated size: 83

C:\Program Files\Microchip\xc8\v1.41\sources\common\awdiv.c
		___awdiv       		CODE           	58C2	0000	133

C:\Program Files\Microchip\xc8\v1.41\sources\common\awdiv.c estimated size: 133

C:\Program Files\Microchip\xc8\v1.41\sources\common\Umul16.c
		___wmul        		CODE           	706E	0000	39

C:\Program Files\Microchip\xc8\v1.41\sources\common\Umul16.c estimated size: 39

C:\Program Files\Microchip\xc8\v1.41\sources\common\fltol.c
		___fltol       		CODE           	4ACA	0000	243

C:\Program Files\Microchip\xc8\v1.41\sources\common\fltol.c estimated size: 243

src/api/data.c
		_cal_diff_p_to_h		CODE           	4BBC	0000	239
		_calib_data_init_diff_pr		CODE           	48CE	0000	259
		_data_sys_cal_v1		CODE           	2F86	0000	507
		_data_sys_cal_v2		CODE           	3CB0	0000	351
		_cal_diff_hight_to_vol_h		CODE           	2836	0000	693
		_m_interp1_float_fast		CODE           	0C7A	0000	1061
		_calib_data_set_default_pr		CODE           	3E0E	0000	349
		_m_interp1_cal_p_t		CODE           	1BDA	0000	845
		_m_interp1_cal_p_v		CODE           	14AC	0000	991
		_cal_pt100_temperature_in		CODE           	2AEA	0000	665
		_cal_additional_pressute		CODE           	2D82	0000	517
		_cal_diff_press		CODE           	45A2	0000	289
		_data_init_all 		CODE           	71A8	0000	15
		_data_sys_init 		CODE           	3F6A	0000	337
		_cal_diff_hight_level		CODE           	2262	0000	785
		_calib_data_set_default_diff_pr		CODE           	3B40	0000	369
		_calib_data_init_pr		CODE           	47CC	0000	259
		_cal_diff_hight_to_vol_v		CODE           	0084	0000	1939
		_cal_pt100_temperature_ex		CODE           	2572	0000	709
		_cal_press     		CODE           	5E5E	0000	117

src/api/data.c estimated size: 11296

src/driver/in_adc.c
		_in_adc_start_and_read		CODE           	6400	0000	93
		_in_adc_init   		CODE           	7094	0000	37

src/driver/in_adc.c estimated size: 130

C:\Program Files\Microchip\xc8\v1.41\sources\common\sprcmul.c
		___flmul       		CODE           	188A	0000	849

C:\Program Files\Microchip\xc8\v1.41\sources\common\sprcmul.c estimated size: 849

C:\Program Files\Microchip\xc8\v1.41\sources\common\lldiv.c
		___lldiv       		CODE           	5946	0000	131

C:\Program Files\Microchip\xc8\v1.41\sources\common\lldiv.c estimated size: 131

src/app/event.c
		_event_process 		CODE           	6A18	0000	65
		_event_process_time_out		CODE           	718C	0000	15
		_event_process_rtc		CODE           	52A4	0000	187
		_event_process_ticker		CODE           	719A	0000	15

src/app/event.c estimated size: 282

C:\Program Files\Microchip\xc8\v1.41\sources\common\aldiv.c
		___aldiv       		CODE           	5054	0000	205

C:\Program Files\Microchip\xc8\v1.41\sources\common\aldiv.c estimated size: 205

C:\Program Files\Microchip\xc8\v1.41\sources\common\sprcdiv.c
		___fldiv       		CODE           	1F26	0000	829

C:\Program Files\Microchip\xc8\v1.41\sources\common\sprcdiv.c estimated size: 829

src/soc/int.c
		_handler_interrupt_low		CODE           	0018	0000	101
		_handler_interrupt_hight		CODE           	0008	0000	115

src/soc/int.c estimated size: 216

src/driver/ads1115.c
		_ads1115_init_all_chip		CODE           	6D46	0000	51
		_ads1115_init  		CODE           	55EE	0000	151
		_ads1115_read_reg		CODE           	3514	0000	401
		_ads1115_write_reg		CODE           	4CAA	0000	237
		_ads1115_start_conversion		CODE           	7048	0000	39
		_ads1115_read_conversion		CODE           	69D6	0000	67
		_ads1115_set_mux		CODE           	70D6	0000	31

src/driver/ads1115.c estimated size: 977

src/app/main.c
		_main          		CODE           	6CAC	0000	53

src/app/main.c estimated size: 53

src/api/key_menu.c
		_key_waite_release		CODE           	6B16	0000	63
		_key_process_set		CODE           	6E62	0000	45
		_key_shift_loc_fixed_point		CODE           	6E06	0000	47
		___enter_menu_set_base_zero		CODE           	6750	0000	79
		___exp_10      		CODE           	65B8	0000	83
		_key_adj_value_fixed_point		CODE           	5120	0000	203
		_key_process_set_down_long		CODE           	51EA	0000	187
		_key_process   		CODE           	5558	0000	151
		___enter_menu_set_pose		CODE           	6EBA	0000	43
		_key_process_down		CODE           	6CE0	0000	53
		_key_process_set_long		CODE           	6D14	0000	51
		_key_process_up		CODE           	6D78	0000	49
		___enter_menu_set_density		CODE           	6DA8	0000	49

src/api/key_menu.c estimated size: 1103

