Microchip MPLAB XC8 Compiler V1.41 ()

Linker command line:

-W-3 --edf=C:\Program Files (x86)\Microchip\xc8\v1.41\dat\en_msgs.txt -cs \
  -h+dist/default/production\cs600-redo.X.production.sym \
  --cmf=dist/default/production\cs600-redo.X.production.cmf -z -Q18F86J93 \
  -oC:\Users\ADMINI~1\AppData\Local\Temp\s5e8g.2 \
  -Mdist/default/production/cs600-redo.X.production.map -E1 -ver=XC8 \
  --acfsm=1493 -ASTACK=0600h-0f53h -pstack=STACK -ACODE=00h-0F3FFh \
  -ACONST=00h-0F3FFh -ASMALLCONST=01000h-010FFhx228 \
  -AMEDIUMCONST=01000h-0F3FFh -ACOMRAM=01h-05Fh -AABS1=00h-0F53h \
  -ABIGRAM=01h-0F53h -ARAM=060h-0FFh,0100h-01FFhx14,0F00h-0F53h \
  -ABANK0=060h-0FFh -ABANK1=0100h-01FFh -ABANK2=0200h-02FFh \
  -ABANK3=0300h-03FFh -ABANK4=0400h-04FFh -ABANK5=0500h-05FFh \
  -ABANK6=0600h-06FFh -ABANK7=0700h-07FFh -ABANK8=0800h-08FFh \
  -ABANK9=0900h-09FFh -ABANK10=0A00h-0AFFh -ABANK11=0B00h-0BFFh \
  -ABANK12=0C00h-0CFFh -ABANK13=0D00h-0DFFh -ABANK14=0E00h-0EFFh \
  -ABANK15=0F00h-0F53h -ASFR=0F54h-0F5Fh,0F60h-0FFFh \
  -preset_vec=00h,intcode=08h,intcodelo=018h,powerup,init -pramtop=01000h \
  -psmallconst=SMALLCONST -pmediumconst=MEDIUMCONST -pconst=CONST \
  -AFARRAM=00h-00h -ACONFIG=0FFF8h-0FFFFh -pconfig=CONFIG \
  -pjflash_buffer=0F800h \
  -prdata=COMRAM,nvrram=COMRAM,nvbit=COMRAM,rbss=COMRAM,rbit=COMRAM \
  -pfarbss=FARRAM,fardata=FARRAM,nvFARRAM=FARRAM \
  -pintsave_regs=BIGRAM,bigbss=BIGRAM,bigdata=BIGRAM -pbss=RAM \
  -pidata=CODE,irdata=CODE,ibigdata=CODE,ifardata=CODE -prparam=COMRAM \
  C:\Users\ADMINI~1\AppData\Local\Temp\s5e8g.obj \
  dist/default/production\cs600-redo.X.production.obj 

Object code version is 3.11

Machine type is 18F86J93

Call graph: (short form)




                Name                               Link     Load   Length Selector   Space Scale
C:\Users\ADMINI~1\AppData\Local\Temp\s5e8g.obj
                init                                 D8       D8        4        C       0
                reset_vec                             0        0        4        0       0
                config                             FFF8     FFF8        6     FFF8       0
dist/default/production\cs600-redo.X.production.obj
                intcodelo                            18       18       C0        C       0
                intcode                               8        8        6        4       0
                temp                                 40       40        1        1       1
                mediumconst                        ED8A     ED8A      676     76C5       0
                text146                            822C     822C        2     4102       0
                text145                            7A0E     7A0E       4E        C       0
                intcode_body                       5CCC     5CCC       C8        C       0
                text143                            822A     822A        2     4102       0
                text142                            79C0     79C0       4E        C       0
                text140                            6356     6356       A4        C       0
                text139                            7E28     7E28       36        C       0
                text138                            6F58     6F58       7C        C       0
                text137                            72E0     72E0       6A        C       0
                text136                            7A5C     7A5C       4A        C       0
                text135                            8164     8164       20        C       0
                text134                            7C6C     7C6C       3C        C       0
                text133                            75FA     75FA       5E        C       0
                text132                            720A     720A       6C        C       0
                text131                            7BF2     7BF2       3E        C       0
                text130                            44E0     44E0      1B8        C       0
                text129                            570E     570E      108        C       0
                text128                            7DF2     7DF2       36        C       0
                text127                            3BF0     3BF0      1EA        C       0
                text126                            649C     649C       9E        C       0
                text125                            7416     7416       64        C       0
                text124                            7972     7972       4E        C       0
                text123                            6D54     6D54       8C        C       0
                text122                            518C     518C      12E        C       0
                text121                            3FA8     3FA8      1C4        C       0
                text120                            505E     505E      12E        C       0
                text119                            2490     2490      3C0        C       0
                text118                            1728     1728      4A6        C       0
                text117                            5602     5602      10C        C       0
                text116                            3DDA     3DDA      1CE        C       0
                text115                            37F0     37F0      204        C       0
                text114                            4C66     4C66      164        C       0
                text113                            8184     8184       1A        C       0
                text112                            77C4     77C4       5A        C       0
                text111                            6E5E     6E5E       7E        C       0
                text110                            4F28     4F28      136        C       0
                text109                            4AFE     4AFE      168        C       0
                text108                            81E8     81E8        E        C       0
                text107                            1280     1280      4A8        C       0
                text106                            7D18     7D18       38        C       0
                text105                            39F4     39F4      1FC        C       0
                text104                            4698     4698      190        C       0
                text103                            2068     2068      428        C       0
                text102                            2E26     2E26      2AE        C       0
                text101                              DC       DC      792        C       0
                text100                            5B14     5B14       F0        C       0
                text99                             53D6     53D6      11A        C       0
                text98                             704C     704C       76        C       0
                text97                             1BCE     1BCE      49A        C       0
                text96                              86E      86E      540        C       0
                text95                             54F0     54F0      112        C       0
                text94                             6EDC     6EDC       7C        C       0
                text93                             2B56     2B56      2D0        C       0
                text92                             30D4     30D4      29C        C       0
                text91                             4994     4994      16A        C       0
                text90                             416C     416C      1BC        C       0
                text89                             7AA6     7AA6       46        C       0
                text88                             8140     8140       24        C       0
                text87                             591C     591C      100        C       0
                text86                             80CC     80CC       2A        C       0
                text85                             7CE0     7CE0       38        C       0
                text84                             80F6     80F6       26        C       0
                text83                             3370     3370      25E        C       0
                text82                             6DE0     6DE0       7E        C       0
                text81                             4828     4828      16C        C       0
                text80                             811C     811C       24        C       0
                text79                             7276     7276       6A        C       0
                text78                             35CE     35CE      222        C       0
                text77                             4328     4328      1B8        C       0
                text76                             5FD2     5FD2       BC        C       0
                text75                             5816     5816      106        C       0
                text74                             2850     2850      306        C       0
                text73                             5F14     5F14       BE        C       0
                text72                             5C04     5C04       C8        C       0
                text71                              DAE      DAE      4D2        C       0
                text70                             781E     781E       58        C       0
                text69                             74DC     74DC       62        C       0
                text68                             791E     791E       54        C       0
                text67                             73B0     73B0       66        C       0
                text66                             801A     801A       30        C       0
                text65                             7FEA     7FEA       30        C       0
                text64                             7FBA     7FBA       30        C       0
                text63                             719E     719E       6C        C       0
                text62                             6CC4     6CC4       90        C       0
                text61                             6C34     6C34       90        C       0
                text60                             6BA4     6BA4       90        C       0
                text59                             6B14     6B14       90        C       0
                text58                             6A84     6A84       90        C       0
                text57                             69F4     69F4       90        C       0
                text56                             6964     6964       90        C       0
                text55                             68D4     68D4       90        C       0
                text54                             759C     759C       5E        C       0
                text53                             683C     683C       98        C       0
                text52                             7130     7130       6E        C       0
                text51                             776A     776A       5A        C       0
                text50                             70C2     70C2       6E        C       0
                text49                             7B72     7B72       42        C       0
                text48                             63FA     63FA       A2        C       0
                text47                             4DCA     4DCA      15E        C       0
                text46                             61F8     61F8       B2        C       0
                text45                             670A     670A       9A        C       0
                text44                             734A     734A       66        C       0
                text43                             6670     6670       9A        C       0
                text42                             78CA     78CA       54        C       0
                text41                             65D6     65D6       9A        C       0
                text40                             7F8A     7F8A       30        C       0
                text39                             7F5A     7F5A       30        C       0
                text38                             753E     753E       5E        C       0
                text37                             7AEC     7AEC       44        C       0
                text36                             5D94     5D94       C2        C       0
                text35                             80A2     80A2       2A        C       0
                text34                             7DBC     7DBC       36        C       0
                text33                             6146     6146       B2        C       0
                text32                             52BA     52BA      11C        C       0
                text31                             81DA     81DA        E        C       0
                text30                             81CC     81CC        E        C       0
                text29                             7EC6     7EC6       34        C       0
                text28                             7C30     7C30       3C        C       0
                text27                             8078     8078       2A        C       0
                text26                             7876     7876       54        C       0
                text25                             7D86     7D86       36        C       0
                text24                             7F2A     7F2A       30        C       0
                text23                             5E56     5E56       BE        C       0
                text22                             7EFA     7EFA       30        C       0
                text21                             76B4     76B4       5C        C       0
                text20                             6FD4     6FD4       78        C       0
                text19                             747A     747A       62        C       0
                text18                             5A1C     5A1C       F8        C       0
                text17                             7E92     7E92       34        C       0
                text16                             7658     7658       5C        C       0
                text15                             7B30     7B30       42        C       0
                text14                             653A     653A       9C        C       0
                text13                             7E5E     7E5E       34        C       0
                text12                             821C     821C        A     4102       0
                text11                             804A     804A       2E        C       0
                text10                             81BE     81BE        E        C       0
                text9                              8210     8210        C     4102       0
                text8                              8204     8204        C     4102       0
                text7                              608E     608E       B8        C       0
                text6                              7BB4     7BB4       3E        C       0
                text5                              81AE     81AE       10        C       0
                text4                              819E     819E       10        C       0
                text3                              7710     7710       5A        C       0
                text2                              7D50     7D50       36        C       0
                text1                              67A4     67A4       98        C       0
                text0                              7CA8     7CA8       38        C       0
                cstackCOMRAM                          1        1       20        1       1
                cstackBANK0                          60       60       9E       60       1
                cstackBANK1                         1F3      1F3        1      100       1
                cstackBANK2                         2C2      2C2       1D      200       1
                bssBANK5                            500      500      100      500       1
                bssBANK4                            400      400      100      400       1
                bssBANK3                            300      300       A2      300       1
                bssBANK2                            200      200       C2      200       1
                dataBANK1                           1E6      1E6        D      100       1
                bssBANK1                            100      100       E6      100       1
                bssBANK0                             FE       FE        2       60       1
                dataCOMRAM                           3C       3C        4        1       1
                bssCOMRAM                            21       21       1B        1       1
                cinit                              62AA     62AA       AC        C       0
                idataBANK1                         81F6     81F6        D        C       0
                idataCOMRAM                        8226     8226        4     4102       0

TOTAL           Name                               Link     Load   Length     Space
        CLASS   STACK          

        CLASS   CODE           
                intcodelo                            18       18       C0         0
                intcode                               8        8        6         0
                init                                 D8       D8        4         0
                reset_vec                             0        0        4         0
                text146                            822C     822C        2         0
                text145                            7A0E     7A0E       4E         0
                intcode_body                       5CCC     5CCC       C8         0
                text143                            822A     822A        2         0
                text142                            79C0     79C0       4E         0
                text140                            6356     6356       A4         0
                text139                            7E28     7E28       36         0
                text138                            6F58     6F58       7C         0
                text137                            72E0     72E0       6A         0
                text136                            7A5C     7A5C       4A         0
                text135                            8164     8164       20         0
                text134                            7C6C     7C6C       3C         0
                text133                            75FA     75FA       5E         0
                text132                            720A     720A       6C         0
                text131                            7BF2     7BF2       3E         0
                text130                            44E0     44E0      1B8         0
                text129                            570E     570E      108         0
                text128                            7DF2     7DF2       36         0
                text127                            3BF0     3BF0      1EA         0
                text126                            649C     649C       9E         0
                text125                            7416     7416       64         0
                text124                            7972     7972       4E         0
                text123                            6D54     6D54       8C         0
                text122                            518C     518C      12E         0
                text121                            3FA8     3FA8      1C4         0
                text120                            505E     505E      12E         0
                text119                            2490     2490      3C0         0
                text118                            1728     1728      4A6         0
                text117                            5602     5602      10C         0
                text116                            3DDA     3DDA      1CE         0
                text115                            37F0     37F0      204         0
                text114                            4C66     4C66      164         0
                text113                            8184     8184       1A         0
                text112                            77C4     77C4       5A         0
                text111                            6E5E     6E5E       7E         0
                text110                            4F28     4F28      136         0
                text109                            4AFE     4AFE      168         0
                text108                            81E8     81E8        E         0
                text107                            1280     1280      4A8         0
                text106                            7D18     7D18       38         0
                text105                            39F4     39F4      1FC         0
                text104                            4698     4698      190         0
                text103                            2068     2068      428         0
                text102                            2E26     2E26      2AE         0
                text101                              DC       DC      792         0
                text100                            5B14     5B14       F0         0
                text99                             53D6     53D6      11A         0
                text98                             704C     704C       76         0
                text97                             1BCE     1BCE      49A         0
                text96                              86E      86E      540         0
                text95                             54F0     54F0      112         0
                text94                             6EDC     6EDC       7C         0
                text93                             2B56     2B56      2D0         0
                text92                             30D4     30D4      29C         0
                text91                             4994     4994      16A         0
                text90                             416C     416C      1BC         0
                text89                             7AA6     7AA6       46         0
                text88                             8140     8140       24         0
                text87                             591C     591C      100         0
                text86                             80CC     80CC       2A         0
                text85                             7CE0     7CE0       38         0
                text84                             80F6     80F6       26         0
                text83                             3370     3370      25E         0
                text82                             6DE0     6DE0       7E         0
                text81                             4828     4828      16C         0
                text80                             811C     811C       24         0
                text79                             7276     7276       6A         0
                text78                             35CE     35CE      222         0
                text77                             4328     4328      1B8         0
                text76                             5FD2     5FD2       BC         0
                text75                             5816     5816      106         0
                text74                             2850     2850      306         0
                text73                             5F14     5F14       BE         0
                text72                             5C04     5C04       C8         0
                text71                              DAE      DAE      4D2         0
                text70                             781E     781E       58         0
                text69                             74DC     74DC       62         0
                text68                             791E     791E       54         0
                text67                             73B0     73B0       66         0
                text66                             801A     801A       30         0
                text65                             7FEA     7FEA       30         0
                text64                             7FBA     7FBA       30         0
                text63                             719E     719E       6C         0
                text62                             6CC4     6CC4       90         0
                text61                             6C34     6C34       90         0
                text60                             6BA4     6BA4       90         0
                text59                             6B14     6B14       90         0
                text58                             6A84     6A84       90         0
                text57                             69F4     69F4       90         0
                text56                             6964     6964       90         0
                text55                             68D4     68D4       90         0
                text54                             759C     759C       5E         0
                text53                             683C     683C       98         0
                text52                             7130     7130       6E         0
                text51                             776A     776A       5A         0
                text50                             70C2     70C2       6E         0
                text49                             7B72     7B72       42         0
                text48                             63FA     63FA       A2         0
                text47                             4DCA     4DCA      15E         0
                text46                             61F8     61F8       B2         0
                text45                             670A     670A       9A         0
                text44                             734A     734A       66         0
                text43                             6670     6670       9A         0
                text42                             78CA     78CA       54         0
                text41                             65D6     65D6       9A         0
                text40                             7F8A     7F8A       30         0
                text39                             7F5A     7F5A       30         0
                text38                             753E     753E       5E         0
                text37                             7AEC     7AEC       44         0
                text36                             5D94     5D94       C2         0
                text35                             80A2     80A2       2A         0
                text34                             7DBC     7DBC       36         0
                text33                             6146     6146       B2         0
                text32                             52BA     52BA      11C         0
                text31                             81DA     81DA        E         0
                text30                             81CC     81CC        E         0
                text29                             7EC6     7EC6       34         0
                text28                             7C30     7C30       3C         0
                text27                             8078     8078       2A         0
                text26                             7876     7876       54         0
                text25                             7D86     7D86       36         0
                text24                             7F2A     7F2A       30         0
                text23                             5E56     5E56       BE         0
                text22                             7EFA     7EFA       30         0
                text21                             76B4     76B4       5C         0
                text20                             6FD4     6FD4       78         0
                text19                             747A     747A       62         0
                text18                             5A1C     5A1C       F8         0
                text17                             7E92     7E92       34         0
                text16                             7658     7658       5C         0
                text15                             7B30     7B30       42         0
                text14                             653A     653A       9C         0
                text13                             7E5E     7E5E       34         0
                text12                             821C     821C        A         0
                text11                             804A     804A       2E         0
                text10                             81BE     81BE        E         0
                text9                              8210     8210        C         0
                text8                              8204     8204        C         0
                text7                              608E     608E       B8         0
                text6                              7BB4     7BB4       3E         0
                text5                              81AE     81AE       10         0
                text4                              819E     819E       10         0
                text3                              7710     7710       5A         0
                text2                              7D50     7D50       36         0
                text1                              67A4     67A4       98         0
                text0                              7CA8     7CA8       38         0
                cinit                              62AA     62AA       AC         0
                idataBANK1                         81F6     81F6        D         0
                idataCOMRAM                        8226     8226        4         0

        CLASS   CONST          

        CLASS   SMALLCONST     

        CLASS   MEDIUMCONST    
                mediumconst                        ED8A     ED8A      676         0

        CLASS   COMRAM         
                temp                                 40       40        1         1
                cstackCOMRAM                          1        1       20         1
                dataCOMRAM                           3C       3C        4         1
                bssCOMRAM                            21       21       1B         1

        CLASS   ABS1           

        CLASS   BIGRAM         

        CLASS   RAM            

        CLASS   BANK0          
                cstackBANK0                          60       60       9E         1
                bssBANK0                             FE       FE        2         1

        CLASS   BANK1          
                cstackBANK1                         1F3      1F3        1         1
                dataBANK1                           1E6      1E6        D         1
                bssBANK1                            100      100       E6         1

        CLASS   BANK2          
                cstackBANK2                         2C2      2C2       1D         1
                bssBANK2                            200      200       C2         1

        CLASS   BANK3          
                bssBANK3                            300      300       A2         1

        CLASS   BANK4          
                bssBANK4                            400      400      100         1

        CLASS   BANK5          
                bssBANK5                            500      500      100         1

        CLASS   BANK6          

        CLASS   BANK7          

        CLASS   BANK8          

        CLASS   BANK9          

        CLASS   BANK10         

        CLASS   BANK11         

        CLASS   BANK12         

        CLASS   BANK13         

        CLASS   BANK14         

        CLASS   BANK15         

        CLASS   SFR            

        CLASS   FARRAM         

        CLASS   CONFIG         
                config                             FFF8     FFF8        6         0

        CLASS   IDLOC          



SEGMENTS        Name                           Load    Length   Top    Selector   Space  Class

                reset_vec                      000000  000004  000004         0       0  CODE    
                cstackCOMRAM                   000001  000040  000041         1       1  COMRAM  
                intcode                        000008  000006  00000E         4       0  CODE    
                intcodelo                      000018  0081EB  008203         C       0  CODE    
                cstackBANK0                    000060  0000A0  000100        60       1  BANK0   
                bssBANK1                       000100  0000F4  0001F4       100       1  BANK1   
                bssBANK2                       000200  0000DF  0002DF       200       1  BANK2   
                bssBANK3                       000300  0000A2  0003A2       300       1  BANK3   
                bssBANK4                       000400  000100  000500       400       1  BANK4   
                bssBANK5                       000500  000100  000600       500       1  BANK5   
                text8                          008204  00002A  00822E      4102       0  CODE    
                mediumconst                    00ED8A  000676  00F400      76C5       0  MEDIUMCO
                config                         00FFF8  000006  00FFFE      FFF8       0  CONFIG  


UNUSED ADDRESS RANGES

        Name                Unused          Largest block    Delta
        BANK1            001F4-001FF               C
        BANK10           00A00-00AFF             100
        BANK11           00B00-00BFF             100
        BANK12           00C00-00CFF             100
        BANK13           00D00-00DFF             100
        BANK14           00E00-00EFF             100
        BANK15           00F00-00F53              54
        BANK2            002DF-002FF              21
        BANK3            003A2-003FF              5E
        BANK6            00600-006FF             100
        BANK7            00700-007FF             100
        BANK8            00800-008FF             100
        BANK9            00900-009FF             100
        BIGRAM           00041-0005F              1F
                         001F4-001FF               C
                         002DF-002FF              21
                         003A2-003FF              5E
                         00600-00F53             954
        CODE             00004-00007               4
                         0000E-00017               A
                         08203-08203               1
                         0822E-0ED89            6B5C
        COMRAM           00041-0005F              1F
        CONFIG           0FFFE-0FFFF               2
        CONST            00004-00007               4
                         0000E-00017               A
                         08203-08203               1
                         0822E-0ED89            6B5C
        MEDIUMCONST      08203-08203               1
                         0822E-0ED89            6B5C
        RAM              001F4-001FF               C
                         002DF-002FF              21
                         003A2-003FF              5E
                         00600-00F53             100
        SFR              00F54-00FFF               C
        SMALLCONST       08203-08203               1
                         0822E-0ED89             100
        STACK            00600-00F53             954

                                  Symbol Table

?___aldiv                                cstackBANK0   00060
?___awdiv                                cstackBANK0   00060
?___awmod                                cstackBANK0   00060
?___exp_10                               cstackBANK0   00060
?___fladd                                cstackBANK0   000A4
?___fldiv                                cstackBANK0   00087
?___flmul                                cstackBANK0   0006E
?___flneg                                cstackBANK0   000A0
?___fltol                                cstackBANK0   000B8
?___int32_2_mflot32                      cstackBANK0   0006D
?___lldiv                                cstackBANK0   00060
?___lmul                                 cstackBANK0   0006E
?___lwdiv                                cstackBANK0   00062
?___lwmod                                cstackBANK0   00069
?___wmul                                 cstackBANK0   00062
?___x_sample_fifo                        cstackBANK0   0006E
?___x_sample_fliter                      cstackBANK0   0006E
?___xxtofl                               cstackBANK0   00060
?_ads1115_read_conversion                cstackBANK0   0006A
?_ads1115_read_reg                       cstackBANK0   00064
?_cal_diff_hight_to_vol_h                cstackBANK0   000E6
?_cal_diff_hight_to_vol_v                cstackBANK0   000E6
?_crc_sum                                cstackBANK0   00060
?_data_sys_cal_v1                        cstackBANK0   000C2
?_data_sys_cal_v2                        cstackBANK0   000C2
?_in_adc_start_and_read                  cstackBANK0   00064
?_key_waite_release                      cstackBANK0   00068
?_m_interp1_float_fast                   cstackBANK0   000C4
?_sample_diff_pr_chip_slow               cstackBANK0   00085
?_sample_pr_chip_comm                    cstackBANK0   0007E
_ADCON0bits                              (abs)         00FC2
_ADCON1                                  (abs)         00FC1
_ADCON2bits                              (abs)         00FC0
_ADRESH                                  (abs)         00FC4
_ADRESL                                  (abs)         00FC3
_ALRMCFGbits                             (abs)         00F5B
_ALRMRPT                                 (abs)         00F5A
_EECON1bits                              (abs)         00FA6
_FSR0H                                   (abs)         00FEA
_FSR0L                                   (abs)         00FE9
_HexTable                                mediumconst   0EFDC
_INTCON                                  (abs)         00FF2
_INTCON2bits                             (abs)         00FF1
_INTCONbits                              (abs)         00FF2
_IPR1bits                                (abs)         00F9F
_IPR3bits                                (abs)         00FA5
_LATB                                    (abs)         00F8A
_LATC                                    (abs)         00F8B
_LATG                                    (abs)         00F8F
_LCDCON                                  (abs)         00FA8
_LCDDATA0                                (abs)         00FBB
_LCDDATA1                                (abs)         00FBC
_LCDDATA10                               (abs)         00F70
_LCDDATA11                               (abs)         00F71
_LCDDATA12                               (abs)         00F72
_LCDDATA13                               (abs)         00F73
_LCDDATA14                               (abs)         00F74
_LCDDATA15                               (abs)         00F75
_LCDDATA16                               (abs)         00F76
_LCDDATA17                               (abs)         00F77
_LCDDATA18                               (abs)         00F78
_LCDDATA19                               (abs)         00F79
_LCDDATA2                                (abs)         00FBD
_LCDDATA20                               (abs)         00F7A
_LCDDATA21                               (abs)         00F7B
_LCDDATA22                               (abs)         00F7C
_LCDDATA23                               (abs)         00F7D
_LCDDATA3                                (abs)         00FBE
_LCDDATA4                                (abs)         00FBF
_LCDDATA5                                (abs)         00F6B
_LCDDATA6                                (abs)         00F6C
_LCDDATA7                                (abs)         00F6D
_LCDDATA8                                (abs)         00F6E
_LCDDATA9                                (abs)         00F6F
_LCDDigitalIndexTable                    mediumconst   0EF8B
_LCDDigitalTable                         mediumconst   0EFB4
_LCDPSbits                               (abs)         00FAA
_LCDREG                                  (abs)         00FD2
_LCDSE0                                  (abs)         00FA9
_LCDSE1                                  (abs)         00FB6
_LCDSE2                                  (abs)         00FB7
_LCDSE3                                  (abs)         00FB8
_LCDSE4                                  (abs)         00FB9
_LCDSE5                                  (abs)         00FBA
_OSCCONbits                              (abs)         00FD3
_PADCFG1bits                             (abs)         00F54
_PIE1bits                                (abs)         00F9D
_PIE3bits                                (abs)         00FA3
_PIR1bits                                (abs)         00F9E
_PIR3bits                                (abs)         00FA4
_PORTB                                   (abs)         00F81
_PORTC                                   (abs)         00F82
_PR2                                     (abs)         00FCB
_RCONbits                                (abs)         00FD0
_RTCCFGbits                              (abs)         00F5F
_RTCVALH                                 (abs)         00F5D
_RTCVALL                                 (abs)         00F5C
_T1CONbits                               (abs)         00FCD
_T2CON                                   (abs)         00FCA
_TABLAT                                  (abs)         00FF5
_TBLPTRH                                 (abs)         00FF7
_TBLPTRL                                 (abs)         00FF6
_TBLPTRU                                 (abs)         00FF8
_TRISB                                   (abs)         00F93
_TRISC                                   (abs)         00F94
_TRISG                                   (abs)         00F98
__CFG_CCP2MX$DEFAULT                     (abs)         00000
__CFG_CP0$OFF                            (abs)         00000
__CFG_FCMEN$OFF                          (abs)         00000
__CFG_IESO$OFF                           (abs)         00000
__CFG_LPT1OSC$OFF                        (abs)         00000
__CFG_OSC$HS                             (abs)         00000
__CFG_RTCSOSC$T1OSCREF                   (abs)         00000
__CFG_STVREN$OFF                         (abs)         00000
__CFG_T1DIG$OFF                          (abs)         00000
__CFG_WDTEN$OFF                          (abs)         00000
__CFG_WDTPS$32768                        (abs)         00000
__CFG_XINST$OFF                          (abs)         00000
__HRAM                                   (abs)         00000
__Habs1                                  abs1          00000
__Hbank0                                 bank0         00000
__Hbank1                                 bank1         00000
__Hbank10                                bank10        00000
__Hbank11                                bank11        00000
__Hbank12                                bank12        00000
__Hbank13                                bank13        00000
__Hbank14                                bank14        00000
__Hbank15                                bank15        00000
__Hbank2                                 bank2         00000
__Hbank3                                 bank3         00000
__Hbank4                                 bank4         00000
__Hbank5                                 bank5         00000
__Hbank6                                 bank6         00000
__Hbank7                                 bank7         00000
__Hbank8                                 bank8         00000
__Hbank9                                 bank9         00000
__Hbigbss                                bigbss        00000
__Hbigdata                               bigdata       00000
__Hbigram                                bigram        00000
__Hbss                                   bss           00000
__HbssBANK0                              bssBANK0      00000
__HbssBANK1                              bssBANK1      00000
__HbssBANK2                              bssBANK2      00000
__HbssBANK3                              bssBANK3      00000
__HbssBANK4                              bssBANK4      00000
__HbssBANK5                              bssBANK5      00000
__HbssCOMRAM                             bssCOMRAM     00000
__Hcinit                                 cinit         00000
__Hclrtext                               clrtext       00000
__Hcomram                                comram        00000
__Hconfig                                config        0FFFE
__Hconst                                 const         00000
__HcstackBANK0                           cstackBANK0   00000
__HcstackBANK1                           cstackBANK1   00000
__HcstackBANK2                           cstackBANK2   00000
__HcstackCOMRAM                          cstackCOMRAM  00000
__Hdata                                  data          00000
__HdataBANK1                             dataBANK1     00000
__HdataCOMRAM                            dataCOMRAM    00000
__Hfarbss                                farbss        00000
__Hfardata                               fardata       00000
__Hibigdata                              ibigdata      00000
__Hidata                                 idata         00000
__HidataBANK1                            idataBANK1    00000
__HidataCOMRAM                           idataCOMRAM   00000
__Hidloc                                 idloc         00000
__Hifardata                              ifardata      00000
__Hinit                                  init          000DC
__Hintcode                               intcode       0000E
__Hintcode_body                          intcode_body  00000
__Hintcodelo                             intcodelo     000D8
__Hintentry                              intentry      00000
__Hintret                                intret        00000
__Hintsave_regs                          intsave_regs  00000
__Hirdata                                irdata        00000
__Hjflash_buffer                         jflash_buffer 0F800
__Hmediumconst                           mediumconst   0F400
__HnvFARRAM                              nvFARRAM      00000
__Hnvbit                                 nvbit         00000
__Hnvrram                                nvrram        00000
__Hparam                                 rparam        00000
__Hpowerup                               powerup       000D8
__Hram                                   ram           00000
__Hramtop                                ramtop        01000
__Hrbit                                  rbit          00000
__Hrbss                                  rbss          00000
__Hrdata                                 rdata         00000
__Hreset_vec                             reset_vec     00004
__Hrparam                                rparam        00000
__Hsfr                                   sfr           00000
__Hsmallconst                            smallconst    00000
__Hspace_0                               (abs)         0FFFE
__Hspace_1                               (abs)         00600
__Hspace_2                               (abs)         00000
__Hstack                                 stack         00000
__Hstruct                                struct        00000
__Htemp                                  temp          00041
__Htext                                  text          00000
__Htext0                                 text0         00000
__Htext1                                 text1         00000
__Htext10                                text10        00000
__Htext100                               text100       00000
__Htext101                               text101       00000
__Htext102                               text102       00000
__Htext103                               text103       00000
__Htext104                               text104       00000
__Htext105                               text105       00000
__Htext106                               text106       00000
__Htext107                               text107       00000
__Htext108                               text108       00000
__Htext109                               text109       00000
__Htext11                                text11        00000
__Htext110                               text110       00000
__Htext111                               text111       00000
__Htext112                               text112       00000
__Htext113                               text113       00000
__Htext114                               text114       00000
__Htext115                               text115       00000
__Htext116                               text116       00000
__Htext117                               text117       00000
__Htext118                               text118       00000
__Htext119                               text119       00000
__Htext12                                text12        00000
__Htext120                               text120       00000
__Htext121                               text121       00000
__Htext122                               text122       00000
__Htext123                               text123       00000
__Htext124                               text124       00000
__Htext125                               text125       00000
__Htext126                               text126       00000
__Htext127                               text127       00000
__Htext128                               text128       00000
__Htext129                               text129       00000
__Htext13                                text13        00000
__Htext130                               text130       00000
__Htext131                               text131       00000
__Htext132                               text132       00000
__Htext133                               text133       00000
__Htext134                               text134       00000
__Htext135                               text135       00000
__Htext136                               text136       00000
__Htext137                               text137       00000
__Htext138                               text138       00000
__Htext139                               text139       00000
__Htext14                                text14        00000
__Htext140                               text140       00000
__Htext142                               text142       00000
__Htext143                               text143       00000
__Htext145                               text145       00000
__Htext146                               text146       00000
__Htext147                               text147       00000
__Htext15                                text15        00000
__Htext16                                text16        00000
__Htext17                                text17        00000
__Htext18                                text18        00000
__Htext19                                text19        00000
__Htext2                                 text2         00000
__Htext20                                text20        00000
__Htext21                                text21        00000
__Htext22                                text22        00000
__Htext23                                text23        00000
__Htext24                                text24        00000
__Htext25                                text25        00000
__Htext26                                text26        00000
__Htext27                                text27        00000
__Htext28                                text28        00000
__Htext29                                text29        00000
__Htext3                                 text3         00000
__Htext30                                text30        00000
__Htext31                                text31        00000
__Htext32                                text32        00000
__Htext33                                text33        00000
__Htext34                                text34        00000
__Htext35                                text35        00000
__Htext36                                text36        00000
__Htext37                                text37        00000
__Htext38                                text38        00000
__Htext39                                text39        00000
__Htext4                                 text4         00000
__Htext40                                text40        00000
__Htext41                                text41        00000
__Htext42                                text42        00000
__Htext43                                text43        00000
__Htext44                                text44        00000
__Htext45                                text45        00000
__Htext46                                text46        00000
__Htext47                                text47        00000
__Htext48                                text48        00000
__Htext49                                text49        00000
__Htext5                                 text5         00000
__Htext50                                text50        00000
__Htext51                                text51        00000
__Htext52                                text52        00000
__Htext53                                text53        00000
__Htext54                                text54        00000
__Htext55                                text55        00000
__Htext56                                text56        00000
__Htext57                                text57        00000
__Htext58                                text58        00000
__Htext59                                text59        00000
__Htext6                                 text6         00000
__Htext60                                text60        00000
__Htext61                                text61        00000
__Htext62                                text62        00000
__Htext63                                text63        00000
__Htext64                                text64        00000
__Htext65                                text65        00000
__Htext66                                text66        00000
__Htext67                                text67        00000
__Htext68                                text68        00000
__Htext69                                text69        00000
__Htext7                                 text7         00000
__Htext70                                text70        00000
__Htext71                                text71        00000
__Htext72                                text72        00000
__Htext73                                text73        00000
__Htext74                                text74        00000
__Htext75                                text75        00000
__Htext76                                text76        00000
__Htext77                                text77        00000
__Htext78                                text78        00000
__Htext79                                text79        00000
__Htext8                                 text8         00000
__Htext80                                text80        00000
__Htext81                                text81        00000
__Htext82                                text82        00000
__Htext83                                text83        00000
__Htext84                                text84        00000
__Htext85                                text85        00000
__Htext86                                text86        00000
__Htext87                                text87        00000
__Htext88                                text88        00000
__Htext89                                text89        00000
__Htext9                                 text9         00000
__Htext90                                text90        00000
__Htext91                                text91        00000
__Htext92                                text92        00000
__Htext93                                text93        00000
__Htext94                                text94        00000
__Htext95                                text95        00000
__Htext96                                text96        00000
__Htext97                                text97        00000
__Htext98                                text98        00000
__Htext99                                text99        00000
__LRAM                                   (abs)         00001
__Labs1                                  abs1          00000
__Lbank0                                 bank0         00000
__Lbank1                                 bank1         00000
__Lbank10                                bank10        00000
__Lbank11                                bank11        00000
__Lbank12                                bank12        00000
__Lbank13                                bank13        00000
__Lbank14                                bank14        00000
__Lbank15                                bank15        00000
__Lbank2                                 bank2         00000
__Lbank3                                 bank3         00000
__Lbank4                                 bank4         00000
__Lbank5                                 bank5         00000
__Lbank6                                 bank6         00000
__Lbank7                                 bank7         00000
__Lbank8                                 bank8         00000
__Lbank9                                 bank9         00000
__Lbigbss                                bigbss        00000
__Lbigdata                               bigdata       00000
__Lbigram                                bigram        00000
__Lbss                                   bss           00000
__LbssBANK0                              bssBANK0      00000
__LbssBANK1                              bssBANK1      00000
__LbssBANK2                              bssBANK2      00000
__LbssBANK3                              bssBANK3      00000
__LbssBANK4                              bssBANK4      00000
__LbssBANK5                              bssBANK5      00000
__LbssCOMRAM                             bssCOMRAM     00000
__Lcinit                                 cinit         00000
__Lclrtext                               clrtext       00000
__Lcomram                                comram        00000
__Lconfig                                config        0FFF8
__Lconst                                 const         00000
__LcstackBANK0                           cstackBANK0   00000
__LcstackBANK1                           cstackBANK1   00000
__LcstackBANK2                           cstackBANK2   00000
__LcstackCOMRAM                          cstackCOMRAM  00000
__Ldata                                  data          00000
__LdataBANK1                             dataBANK1     00000
__LdataCOMRAM                            dataCOMRAM    00000
__Lfarbss                                farbss        00000
__Lfardata                               fardata       00000
__Libigdata                              ibigdata      00000
__Lidata                                 idata         00000
__LidataBANK1                            idataBANK1    00000
__LidataCOMRAM                           idataCOMRAM   00000
__Lidloc                                 idloc         00000
__Lifardata                              ifardata      00000
__Linit                                  init          000D8
__Lintcode                               intcode       00008
__Lintcode_body                          intcode_body  00000
__Lintcodelo                             intcodelo     00018
__Lintentry                              intentry      00000
__Lintret                                intret        00000
__Lintsave_regs                          intsave_regs  00000
__Lirdata                                irdata        00000
__Ljflash_buffer                         jflash_buffer 0F800
__Lmediumconst                           mediumconst   0ED8A
__LnvFARRAM                              nvFARRAM      00000
__Lnvbit                                 nvbit         00000
__Lnvrram                                nvrram        00000
__Lparam                                 rparam        00000
__Lpowerup                               powerup       000D8
__Lram                                   ram           00000
__Lramtop                                ramtop        01000
__Lrbit                                  rbit          00000
__Lrbss                                  rbss          00000
__Lrdata                                 rdata         00000
__Lreset_vec                             reset_vec     00000
__Lrparam                                rparam        00000
__Lsfr                                   sfr           00000
__Lsmallconst                            smallconst    00000
__Lspace_0                               (abs)         00000
__Lspace_1                               (abs)         00000
__Lspace_2                               (abs)         00000
__Lstack                                 stack         00000
__Lstruct                                struct        00000
__Ltemp                                  temp          00040
__Ltext                                  text          00000
__Ltext0                                 text0         00000
__Ltext1                                 text1         00000
__Ltext10                                text10        00000
__Ltext100                               text100       00000
__Ltext101                               text101       00000
__Ltext102                               text102       00000
__Ltext103                               text103       00000
__Ltext104                               text104       00000
__Ltext105                               text105       00000
__Ltext106                               text106       00000
__Ltext107                               text107       00000
__Ltext108                               text108       00000
__Ltext109                               text109       00000
__Ltext11                                text11        00000
__Ltext110                               text110       00000
__Ltext111                               text111       00000
__Ltext112                               text112       00000
__Ltext113                               text113       00000
__Ltext114                               text114       00000
__Ltext115                               text115       00000
__Ltext116                               text116       00000
__Ltext117                               text117       00000
__Ltext118                               text118       00000
__Ltext119                               text119       00000
__Ltext12                                text12        00000
__Ltext120                               text120       00000
__Ltext121                               text121       00000
__Ltext122                               text122       00000
__Ltext123                               text123       00000
__Ltext124                               text124       00000
__Ltext125                               text125       00000
__Ltext126                               text126       00000
__Ltext127                               text127       00000
__Ltext128                               text128       00000
__Ltext129                               text129       00000
__Ltext13                                text13        00000
__Ltext130                               text130       00000
__Ltext131                               text131       00000
__Ltext132                               text132       00000
__Ltext133                               text133       00000
__Ltext134                               text134       00000
__Ltext135                               text135       00000
__Ltext136                               text136       00000
__Ltext137                               text137       00000
__Ltext138                               text138       00000
__Ltext139                               text139       00000
__Ltext14                                text14        00000
__Ltext140                               text140       00000
__Ltext142                               text142       00000
__Ltext143                               text143       00000
__Ltext145                               text145       00000
__Ltext146                               text146       00000
__Ltext147                               text147       00000
__Ltext15                                text15        00000
__Ltext16                                text16        00000
__Ltext17                                text17        00000
__Ltext18                                text18        00000
__Ltext19                                text19        00000
__Ltext2                                 text2         00000
__Ltext20                                text20        00000
__Ltext21                                text21        00000
__Ltext22                                text22        00000
__Ltext23                                text23        00000
__Ltext24                                text24        00000
__Ltext25                                text25        00000
__Ltext26                                text26        00000
__Ltext27                                text27        00000
__Ltext28                                text28        00000
__Ltext29                                text29        00000
__Ltext3                                 text3         00000
__Ltext30                                text30        00000
__Ltext31                                text31        00000
__Ltext32                                text32        00000
__Ltext33                                text33        00000
__Ltext34                                text34        00000
__Ltext35                                text35        00000
__Ltext36                                text36        00000
__Ltext37                                text37        00000
__Ltext38                                text38        00000
__Ltext39                                text39        00000
__Ltext4                                 text4         00000
__Ltext40                                text40        00000
__Ltext41                                text41        00000
__Ltext42                                text42        00000
__Ltext43                                text43        00000
__Ltext44                                text44        00000
__Ltext45                                text45        00000
__Ltext46                                text46        00000
__Ltext47                                text47        00000
__Ltext48                                text48        00000
__Ltext49                                text49        00000
__Ltext5                                 text5         00000
__Ltext50                                text50        00000
__Ltext51                                text51        00000
__Ltext52                                text52        00000
__Ltext53                                text53        00000
__Ltext54                                text54        00000
__Ltext55                                text55        00000
__Ltext56                                text56        00000
__Ltext57                                text57        00000
__Ltext58                                text58        00000
__Ltext59                                text59        00000
__Ltext6                                 text6         00000
__Ltext60                                text60        00000
__Ltext61                                text61        00000
__Ltext62                                text62        00000
__Ltext63                                text63        00000
__Ltext64                                text64        00000
__Ltext65                                text65        00000
__Ltext66                                text66        00000
__Ltext67                                text67        00000
__Ltext68                                text68        00000
__Ltext69                                text69        00000
__Ltext7                                 text7         00000
__Ltext70                                text70        00000
__Ltext71                                text71        00000
__Ltext72                                text72        00000
__Ltext73                                text73        00000
__Ltext74                                text74        00000
__Ltext75                                text75        00000
__Ltext76                                text76        00000
__Ltext77                                text77        00000
__Ltext78                                text78        00000
__Ltext79                                text79        00000
__Ltext8                                 text8         00000
__Ltext80                                text80        00000
__Ltext81                                text81        00000
__Ltext82                                text82        00000
__Ltext83                                text83        00000
__Ltext84                                text84        00000
__Ltext85                                text85        00000
__Ltext86                                text86        00000
__Ltext87                                text87        00000
__Ltext88                                text88        00000
__Ltext89                                text89        00000
__Ltext9                                 text9         00000
__Ltext90                                text90        00000
__Ltext91                                text91        00000
__Ltext92                                text92        00000
__Ltext93                                text93        00000
__Ltext94                                text94        00000
__Ltext95                                text95        00000
__Ltext96                                text96        00000
__Ltext97                                text97        00000
__Ltext98                                text98        00000
__Ltext99                                text99        00000
__S0                                     (abs)         0FFFE
__S1                                     (abs)         00600
__S2                                     (abs)         00000
___aldiv                                 text99        053D6
___aldiv@counter                         cstackBANK0   00068
___aldiv@dividend                        cstackBANK0   00060
___aldiv@divisor                         cstackBANK0   00064
___aldiv@quotient                        cstackBANK0   0006A
___aldiv@sign                            cstackBANK0   00069
___awdiv                                 text73        05F14
___awdiv@counter                         cstackBANK0   00064
___awdiv@dividend                        cstackBANK0   00060
___awdiv@divisor                         cstackBANK0   00062
___awdiv@quotient                        cstackBANK0   00066
___awdiv@sign                            cstackBANK0   00065
___awmod                                 text48        063FA
___awmod@counter                         cstackBANK0   00064
___awmod@dividend                        cstackBANK0   00060
___awmod@divisor                         cstackBANK0   00062
___awmod@sign                            cstackBANK0   00065
___enter_menu_set_base_zero              text26        07876
___enter_menu_set_base_zero@fps          cstackBANK0   0007D
___enter_menu_set_density                text25        07D86
___enter_menu_set_density@fps            cstackBANK0   00062
___enter_menu_set_pose                   text24        07F2A
___enter_menu_set_pose@fps               cstackBANK0   00060
___exp_10                                text21        076B4
___exp_10@n                              cstackCOMRAM  00020
___extmem_base                           (abs)         20000
___fladd                                 text107       01280
___fladd@a                               cstackBANK0   000A8
___fladd@aexp                            cstackBANK0   000B5
___fladd@b                               cstackBANK0   000A4
___fladd@bexp                            cstackBANK0   000B6
___fladd@grs                             cstackBANK0   000B7
___fladd@signs                           cstackBANK0   000B4
___fldiv                                 text119       02490
___fldiv@a                               cstackBANK0   0008B
___fldiv@aexp                            cstackBANK0   0009F
___fldiv@b                               cstackBANK0   00087
___fldiv@bexp                            cstackBANK0   0009E
___fldiv@grs                             cstackBANK0   0009A
___fldiv@new_exp                         cstackBANK0   00098
___fldiv@rem                             cstackBANK0   00094
___fldiv@sign                            cstackBANK0   00093
___flge                                  text104       04698
___flge@ff1                              cstackBANK0   000B8
___flge@ff2                              cstackBANK0   000BC
___flmul                                 text118       01728
___flmul@a                               cstackBANK0   00072
___flmul@aexp                            cstackBANK0   0007B
___flmul@b                               cstackBANK0   0006E
___flmul@bexp                            cstackBANK0   00080
___flmul@grs                             cstackBANK0   0007C
___flmul@prod                            cstackBANK0   00081
___flmul@sign                            cstackBANK0   0007A
___flmul@temp                            cstackBANK0   00085
___flneg                                 text106       07D18
___flneg@f1                              cstackBANK0   000A0
___fltol                                 text117       05602
___fltol@exp1                            cstackBANK0   000C1
___fltol@f1                              cstackBANK0   000B8
___fltol@sign1                           cstackBANK0   000C0
___int32_2_mflot32                       text75        05816
___int32_2_mflot32@F7641                 bssBANK1      00142
___int32_2_mflot32@mf                    cstackBANK0   00079
___int32_2_mflot32@t32                   cstackBANK0   00075
___int32_2_mflot32@x                     cstackBANK0   0006D
___inthi_sp                              stack         00000
___intlo_sp                              stack         00000
___lldiv                                 text76        05FD2
___lldiv@counter                         cstackBANK0   0006C
___lldiv@dividend                        cstackBANK0   00060
___lldiv@divisor                         cstackBANK0   00064
___lldiv@quotient                        cstackBANK0   00068
___lmul                                  text98        0704C
___lmul@multiplicand                     cstackBANK0   00072
___lmul@multiplier                       cstackBANK0   0006E
___lmul@product                          cstackBANK0   00076
___lwdiv                                 text20        06FD4
___lwdiv@counter                         cstackBANK0   00066
___lwdiv@dividend                        cstackBANK0   00062
___lwdiv@divisor                         cstackBANK0   00064
___lwdiv@quotient                        cstackBANK0   00067
___lwmod                                 text19        0747A
___lwmod@counter                         cstackBANK0   0006D
___lwmod@dividend                        cstackBANK0   00069
___lwmod@divisor                         cstackBANK0   0006B
___mflot32_2_int32@F7646                 bssBANK1      0013E
___param_bank                            (abs)         00000
___rparam_used                           (abs)         00001
___sp                                    stack         00000
___wmul                                  text128       07DF2
___wmul@multiplicand                     cstackBANK0   00064
___wmul@multiplier                       cstackBANK0   00062
___wmul@product                          cstackBANK0   00066
___x_arrange_str                         text38        0753E
___x_arrange_str@i                       cstackCOMRAM  00020
___x_arrange_str@len                     cstackBANK0   00062
___x_arrange_str@str                     cstackBANK0   00060
___x_sample_fifo                         text91        04994
___x_sample_fifo@buf                     cstackBANK0   0006E
___x_sample_fifo@i                       cstackBANK0   0007D
___x_sample_fifo@len                     cstackBANK0   00072
___x_sample_fifo@ret                     cstackBANK0   00079
___x_sample_fifo@x                       cstackBANK0   00070
___x_sample_fliter                       text83        03370
___x_sample_fliter@buf                   cstackBANK0   0006E
___x_sample_fliter@i                     cstackBANK0   00082
___x_sample_fliter@len                   cstackBANK0   00070
___x_sample_fliter@loop                  cstackBANK0   00071
___x_sample_fliter@max                   cstackBANK0   0007A
___x_sample_fliter@maxLoc                cstackBANK0   00078
___x_sample_fliter@min                   cstackBANK0   0007C
___x_sample_fliter@minLoc                cstackBANK0   00079
___x_sample_fliter@t32                   cstackBANK0   0007E
___xxtofl                                text116       03DDA
___xxtofl@arg                            cstackBANK0   0006A
___xxtofl@exp                            cstackBANK0   00069
___xxtofl@sign                           cstackBANK0   00068
___xxtofl@val                            cstackBANK0   00060
__accesstop                              (abs)         00060
__activetblptr                           (abs)         00002
__end_of_HexTable                        mediumconst   0EFED
__end_of_LCDDigitalIndexTable            mediumconst   0EFB4
__end_of_LCDDigitalTable                 mediumconst   0EFDC
__end_of___aldiv                         text99        054F0
__end_of___awdiv                         text73        05FD2
__end_of___awmod                         text48        0649C
__end_of___enter_menu_set_base_zero      text26        078CA
__end_of___enter_menu_set_density        text25        07DBC
__end_of___enter_menu_set_pose           text24        07F5A
__end_of___exp_10                        text21        07710
__end_of___fladd                         text107       01728
__end_of___fldiv                         text119       02850
__end_of___flge                          text104       04828
__end_of___flmul                         text118       01BCE
__end_of___flneg                         text106       07D50
__end_of___fltol                         text117       0570E
__end_of___int32_2_mflot32               text75        0591C
__end_of___lldiv                         text76        0608E
__end_of___lmul                          text98        070C2
__end_of___lwdiv                         text20        0704C
__end_of___lwmod                         text19        074DC
__end_of___wmul                          text128       07E28
__end_of___x_arrange_str                 text38        0759C
__end_of___x_sample_fifo                 text91        04AFE
__end_of___x_sample_fliter               text83        035CE
__end_of___xxtofl                        text116       03FA8
__end_of__initialization                 cinit         06348
[...]
 Defined at:
		line 38 in file "src/soc/int.c"
 Parameters:    Size  Location     Type
		None
 Auto vars:     Size  Location     Type
		None
 Return value:  Size  Location     Type
                  1    wreg      void 
 Registers used:
		wreg, status,2, status,0, cstack
 Tracked objects:
		On entry : 
		On exit  : 
		Unchanged: 
 Data sizes:     COMRAM   BANK0   BANK1   BANK2   BANK3   BANK4   BANK5   BANK6   BANK7   BANK8   BANK9  BANK10  BANK11  BANK12  BANK13  BANK14  BANK15
      Params:         0       0       0       0       0       0       0       0       0       0       0       0       0       0       0       0       0
      Locals:         0       0       0       0       0       0       0       0       0       0       0       0       0       0       0       0       0
      Temps:         17       0       0       0       0       0       0       0       0       0       0       0       0       0       0       0       0
      Totals:        17       0       0       0       0       0       0       0       0       0       0       0       0       0       0       0       0
Total ram usage:       17 bytes
 Hardware stack levels used:    1
 Hardware stack levels required when called:    3
 This function calls:
		_rtc_alrm_irq_hook
		_sys_ticker_irq_hook
 This function is called by:
		Interrupt level 1
 This function uses a non-reentrant model


 *************** function _sys_ticker_irq_hook *****************
 Defined at:
		line 40 in file "src/soc/ticker.c"
 Parameters:    Size  Location     Type
		None
 Auto vars:     Size  Location     Type
		None
 Return value:  Size  Location     Type
                  1    wreg      void 
 Registers used:
		wreg, status,2, status,0
 Tracked objects:
		On entry : 
		On exit  : 
		Unchanged: 
 Data sizes:     COMRAM   BANK0   BANK1   BANK2   BANK3   BANK4   BANK5   BANK6   BANK7   BANK8   BANK9  BANK10  BANK11  BANK12  BANK13  BANK14  BANK15
      Params:         0       0       0       0       0       0       0       0       0       0       0       0       0       0       0       0       0
      Locals:         0       0       0       0       0       0       0       0       0       0       0       0       0       0       0       0       0
      Temps:          0       0       0       0       0       0       0       0       0       0       0       0       0       0       0       0       0
      Totals:         0       0       0       0       0       0       0       0       0       0       0       0       0       0       0       0       0
Total ram usage:        0 bytes
 Hardware stack levels used:    1
 Hardware stack levels required when called:    2
 This function calls:
		Nothing
 This function is called by:
		_handler_interrupt_low
 This function uses a non-reentrant model


 *************** function _rtc_alrm_irq_hook *****************
 Defined at:
		line 103 in file "src/soc/rtc.c"
 Parameters:    Size  Location     Type
		None
 Auto vars:     Size  Location     Type
		None
 Return value:  Size  Location     Type
                  1    wreg      void 
 Registers used:
		None
 Tracked objects:
		On entry : 
		On exit  : 
		Unchanged: 
 Data sizes:     COMRAM   BANK0   BANK1   BANK2   BANK3   BANK4   BANK5   BANK6   BANK7   BANK8   BANK9  BANK10  BANK11  BANK12  BANK13  BANK14  BANK15
      Params:         0       0       0       0       0       0       0       0       0       0       0       0       0       0       0       0       0
      Locals:         0       0       0       0       0       0       0       0       0       0       0       0       0       0       0       0       0
      Temps:          0       0       0       0       0       0       0       0       0       0       0       0       0       0       0       0       0
      Totals:         0       0       0       0       0       0       0       0       0       0       0       0       0       0       0       0       0
Total ram usage:        0 bytes
 Hardware stack levels used:    1
 Hardware stack levels required when called:    2
 This function calls:
		Nothing
 This function is called by:
		_handler_interrupt_low
 This function uses a non-reentrant model


 *************** function _handler_interrupt_hight *****************
 Defined at:
		line 9 in file "src/soc/int.c"
 Parameters:    Size  Location     Type
		None
 Auto vars:     Size  Location     Type
		None
 Return value:  Size  Location     Type
                  1    wreg      void 
 Registers used:
		wreg, status,2, status,0, cstack
 Tracked objects:
		On entry : 
		On exit  : 
		Unchanged: 
 Data sizes:     COMRAM   BANK0   BANK1   BANK2   BANK3   BANK4   BANK5   BANK6   BANK7   BANK8   BANK9  BANK10  BANK11  BANK12  BANK13  BANK14  BANK15
      Params:         0       0       0       0       0       0       0       0       0       0       0       0       0       0       0       0       0
      Locals:         0       0       0       0       0       0       0       0       0       0       0       0       0       0       0       0       0
      Temps:         14       0       0       0       0       0       0       0       0       0       0       0       0       0       0       0       0
      Totals:        14       0       0       0       0       0       0       0       0       0       0       0       0       0       0       0       0
Total ram usage:       14 bytes
 Hardware stack levels used:    1
 Hardware stack levels required when called:    1
 This function calls:
		i2_rtc_alrm_irq_hook
		i2_sys_ticker_irq_hook
 This function is called by:
		Interrupt level 2
 This function uses a non-reentrant model


 *************** function i2_sys_ticker_irq_hook *****************
 Defined at:
		line 40 in file "src/soc/ticker.c"
 Parameters:    Size  Location     Type
		None
 Auto vars:     Size  Location     Type
		None
 Return value:  Size  Location     Type
                  1    wreg      void 
 Registers used:
		wreg, status,2, status,0
 Tracked objects:
		On entry : 
		On exit  : 
		Unchanged: 
 Data sizes:     COMRAM   BANK0   BANK1   BANK2   BANK3   BANK4   BANK5   BANK6   BANK7   BANK8   BANK9  BANK10  BANK11  BANK12  BANK13  BANK14  BANK15
      Params:         0       0       0       0       0       0       0       0       0       0       0       0       0       0       0       0       0
      Locals:         0       0       0       0       0       0       0       0       0       0       0       0       0       0       0       0       0
      Temps:          0       0       0       0       0       0       0       0       0       0       0       0       0       0       0       0       0
      Totals:         0       0       0       0       0       0       0       0       0       0       0       0       0       0       0       0       0
Total ram usage:        0 bytes
 Hardware stack levels used:    1
 This function calls:
		Nothing
 This function is called by:
		_handler_interrupt_hight
 This function uses a non-reentrant model


 *************** function i2_rtc_alrm_irq_hook *****************
 Defined at:
		line 103 in file "src/soc/rtc.c"
 Parameters:    Size  Location     Type
		None
 Auto vars:     Size  Location     Type
		None
 Return value:  Size  Location     Type
                  1    wreg      void 
 Registers used:
		None
 Tracked objects:
		On entry : 
		On exit  : 
		Unchanged: 
 Data sizes:     COMRAM   BANK0   BANK1   BANK2   BANK3   BANK4   BANK5   BANK6   BANK7   BANK8   BANK9  BANK10  BANK11  BANK12  BANK13  BANK14  BANK15
      Params:         0       0       0       0       0       0       0       0       0       0       0       0       0       0       0       0       0
      Locals:         0       0       0       0       0       0       0       0       0       0       0       0       0       0       0       0       0
      Temps:          0       0       0       0       0       0       0       0       0       0       0       0       0       0       0       0       0
      Totals:         0       0       0       0       0       0       0       0       0       0       0       0       0       0       0       0       0
Total ram usage:        0 bytes
 Hardware stack levels used:    1
 This function calls:
		Nothing
 This function is called by:
		_handler_interrupt_hight
 This function uses a non-reentrant model



MODULE INFORMATION

Module		Function		Class		Link	Load	Size
C:\Program Files (x86)\Microchip\xc8\v1.41\sources\common\lwdiv.c
		___lwdiv       		CODE           	6FD4	0000	121

C:\Program Files (x86)\Microchip\xc8\v1.41\sources\common\lwdiv.c estimated size: 121

C:\Program Files (x86)\Microchip\xc8\v1.41\sources\common\awdiv.c
		___awdiv       		CODE           	5F14	0000	191

C:\Program Files (x86)\Microchip\xc8\v1.41\sources\common\awdiv.c estimated size: 191

C:\Program Files (x86)\Microchip\xc8\v1.41\sources\common\fltol.c
		___fltol       		CODE           	5602	0000	269

C:\Program Files (x86)\Microchip\xc8\v1.41\sources\common\fltol.c estimated size: 269

src/soc/rtc.c
		_rtc_init      		CODE           	7BB4	0000	63
		_rtcc_reg_wr_disable		CODE           	8210	0000	13
		_rtc_set       		CODE           	608E	0000	185
		_rtc_alrm_irq_hook		CODE           	822A	0000	3
		_rtcc_reg_wr_enable		CODE           	8204	0000	13

src/soc/rtc.c estimated size: 277

src/driver/i2c.c
		_iic_waite_ack 		CODE           	75FA	0000	95
		_iic_send_ack  		CODE           	7A5C	0000	75
		_iic_send_byte 		CODE           	720A	0000	109
		_iic_start     		CODE           	7BF2	0000	63
		_iic_received_byte		CODE           	72E0	0000	107
		_iic_received_byte_if_ack		CODE           	8164	0000	33
		_iic_stop      		CODE           	7C6C	0000	61

src/driver/i2c.c estimated size: 543

C:\Program Files (x86)\Microchip\xc8\v1.41\sources\common\lldiv.c
		___lldiv       		CODE           	5FD2	0000	189

C:\Program Files (x86)\Microchip\xc8\v1.41\sources\common\lldiv.c estimated size: 189

C:\Program Files (x86)\Microchip\xc8\v1.41\sources\common\aldiv.c
		___aldiv       		CODE           	53D6	0000	283

C:\Program Files (x86)\Microchip\xc8\v1.41\sources\common\aldiv.c estimated size: 283

C:\Program Files (x86)\Microchip\xc8\v1.41\sources\common\flge.c
		___flge        		CODE           	4698	0000	401

C:\Program Files (x86)\Microchip\xc8\v1.41\sources\common\flge.c estimated size: 401

C:\Program Files (x86)\Microchip\xc8\v1.41\sources\common\Umul16.c
		___wmul        		CODE           	7DF2	0000	55

C:\Program Files (x86)\Microchip\xc8\v1.41\sources\common\Umul16.c estimated size: 55

C:\Program Files (x86)\Microchip\xc8\v1.41\sources\common\sprcadd.c
		___fladd       		CODE           	1280	0000	1193

C:\Program Files (x86)\Microchip\xc8\v1.41\sources\common\sprcadd.c estimated size: 1193

src/driver/key.c
		_key_polling   		CODE           	7658	0000	93

src/driver/key.c estimated size: 93

src/soc/clock.c
		_delay_us      		CODE           	7CE0	0000	57
		_delay_ms      		CODE           	80F6	0000	39

src/soc/clock.c estimated size: 96

src/api/sample.c
		_sample_diff_pr_chip_slow		CODE           	4828	0000	365
		___x_sample_fifo		CODE           	4994	0000	363
		_sample_diff_pr_fliter		CODE           	6DE0	0000	127
		_sample_pr_chip_comm		CODE           	4328	0000	441
		_sample_in_soc_adc_ch		CODE           	35CE	0000	547
		_sample_diff_pr_chip_fast		CODE           	52BA	0000	285
		___x_sample_fliter		CODE           	3370	0000	607

src/api/sample.c estimated size: 2735

src/driver/m_flash.c
		_m_flash_unlock		CODE           	8184	0000	27
		_m_flash_read  		CODE           	6E5E	0000	127
		_m_flash_erase 		CODE           	77C4	0000	91
		_m_flash_write 		CODE           	4F28	0000	311

src/driver/m_flash.c estimated size: 556

src/depend/crc16.c
		_crc_sum       		CODE           	649C	0000	159
		_crc_append    		CODE           	7416	0000	101
		_crc_verify    		CODE           	6D54	0000	141

src/depend/crc16.c estimated size: 401

C:\Program Files (x86)\Microchip\xc8\v1.41\sources\common\flneg.c
		___flneg       		CODE           	7D18	0000	57

C:\Program Files (x86)\Microchip\xc8\v1.41\sources\common\flneg.c estimated size: 57

C:\Program Files (x86)\Microchip\xc8\v1.41\sources\common\Umul32.c
		___lmul        		CODE           	704C	0000	119

C:\Program Files (x86)\Microchip\xc8\v1.41\sources\common\Umul32.c estimated size: 119

src/soc/soc.c
		_soc_init      		CODE           	819E	0000	17

src/soc/soc.c estimated size: 17

src/soc/ticker.c
		_sys_ticker_irq_hook		CODE           	79C0	0000	79
		_sys_ticker_init		CODE           	81AE	0000	17
		_ticker_dly    		CODE           	7D50	0000	55

src/soc/ticker.c estimated size: 151

src/driver/lcd.c
		_lcd_show_string_l0		CODE           	70C2	0000	111
		_lcd_show_string_l1		CODE           	7B72	0000	67
		_lcd_bl_on     		CODE           	821C	0000	11
		_lcd_disp_unit_1st_m		CODE           	791E	0000	85
		_lcd_show_string		CODE           	7130	0000	111
		_lcd_disp_all  		CODE           	7F8A	0000	49
		_lcd_disp_logo 		CODE           	7F5A	0000	49
		_lcd_disp_refresh		CODE           	74DC	0000	99
		_lcd_disp_chr_loc_0		CODE           	6CC4	0000	145
		_lcd_disp_chr_loc_1		CODE           	6C34	0000	145
		_lcd_disp_get_code		CODE           	759C	0000	95
		_lcd_disp_chr_loc_2		CODE           	6BA4	0000	145
		_lcd_disp_unit_mpa		CODE           	73B0	0000	103
		_lcd_disp_chr_loc_3		CODE           	6B14	0000	145
		_lcd_disp_chr_loc_4		CODE           	6A84	0000	145
		_lcd_disp_chr_loc_5		CODE           	69F4	0000	145
		_lcd_disp_level		CODE           	781E	0000	89
		_lcd_disp_chr_loc_6		CODE           	6964	0000	145
		_lcd_disp_chr_loc_7		CODE           	68D4	0000	145
		_lcd_disp_unit_1st_m3		CODE           	734A	0000	103
		_lcd_set_com_seg		CODE           	5C04	0000	201
		_lcd_config    		CODE           	804A	0000	47
		_lcd_show_dp   		CODE           	719E	0000	109
		_lcd_show_chr  		CODE           	683C	0000	153
		_lcd_disp_level_bar		CODE           	0DAE	0000	1235
		_lcd_disp_dp_loc_0		CODE           	801A	0000	49
		_lcd_disp_unit_t		CODE           	78CA	0000	85
		_lcd_disp_dp_loc_1		CODE           	7FEA	0000	49
		_lcd_disp_dp_loc_2		CODE           	7FBA	0000	49
		_lcd_init      		CODE           	81BE	0000	15

src/driver/lcd.c estimated size: 4124

src/driver/ex_eeprom.c
		_at24c02_init  		CODE           	6F58	0000	125
		_at24c02_read_n_byte		CODE           	44E0	0000	441
		_at24c02_write_n_byte		CODE           	570E	0000	265

src/driver/ex_eeprom.c estimated size: 831

src/depend/m_string.c
		_m_mem_cpy     		CODE           	7AEC	0000	69
		_m_mem_cpy_len 		CODE           	7972	0000	79
		_m_int16_2_str_4		CODE           	4DCA	0000	351
		_m_int8_2_hex  		CODE           	7710	0000	91

src/depend/m_string.c estimated size: 590

shared
		_HexTable      		MEDIUMCONST    	EFDC	0000	18
		i2_rtc_alrm_irq_hook		CODE           	822C	0000	3
		_LCDDigitalIndexTable		MEDIUMCONST    	EF8B	0000	42
		_LCDDigitalTable		MEDIUMCONST    	EFB4	0000	41
		_defultSystemData		MEDIUMCONST    	F315	0000	151
		_hKel          		MEDIUMCONST    	EFED	0000	405
		_hKcy          		MEDIUMCONST    	F181	0000	405
		i2_sys_ticker_irq_hook		CODE           	7A0E	0000	79
		__initialization		CODE           	62AA	0000	159
		_auchCRCHi     		MEDIUMCONST    	EE8B	0000	257
		_auchCRCLo     		MEDIUMCONST    	ED8B	0000	257
		_flashTestbuf  		MEDIUMCONST    	F3AB	0000	66

shared estimated size: 1883

C:\Program Files (x86)\Microchip\xc8\v1.41\sources\common\lwmod.c
		___lwmod       		CODE           	747A	0000	99

C:\Program Files (x86)\Microchip\xc8\v1.41\sources\common\lwmod.c estimated size: 99

C:\Program Files (x86)\Microchip\xc8\v1.41\sources\common\awmod.c
		___awmod       		CODE           	63FA	0000	163

C:\Program Files (x86)\Microchip\xc8\v1.41\sources\common\awmod.c estimated size: 163

src/api/ui.c
		_ui_disp_menu  		CODE           	7DBC	0000	55
		_ui_disp_adj_xfixed_pt		CODE           	5D94	0000	195
		_ui_disp_clear_num_dp		CODE           	776A	0000	91
		_ui_disp_xfloat_pt		CODE           	61F8	0000	179
		___x_arrange_str		CODE           	753E	0000	95
		___int32_2_mflot32		CODE           	5816	0000	263
		_ui_disp_menu_home_00		CODE           	670A	0000	155
		_ui_disp_menu_home_01		CODE           	6670	0000	155
		_ui_disp_menu_home_02		CODE           	65D6	0000	155
		_ui_disp_menu_psw_adj		CODE           	80A2	0000	43
		_ui_disp_start_cs600		CODE           	67A4	0000	153

src/api/ui.c estimated size: 1539

src/api/data.c
		_cal_diff_p_to_h		CODE           	5B14	0000	241
		_calib_data_init_diff_pr		CODE           	518C	0000	303
		_data_sys_cal_v1		CODE           	37F0	0000	517
		_data_sys_cal_v2		CODE           	4C66	0000	357
		_cal_diff_hight_to_vol_h		CODE           	2E26	0000	687
		_m_interp1_float_fast		CODE           	2068	0000	1065
		_calib_data_set_default_pr		CODE           	3FA8	0000	453
		_m_interp1_cal_p_t		CODE           	1BCE	0000	1179
		_m_interp1_cal_p_v		CODE           	086E	0000	1345
		_cal_pt100_temperature_in		CODE           	30D4	0000	669
		_cal_additional_pressute		CODE           	39F4	0000	509
		_cal_diff_press		CODE           	54F0	0000	275
		_data_init_all 		CODE           	81E8	0000	15
		_data_sys_init 		CODE           	4AFE	0000	361
		_cal_diff_hight_level		CODE           	2850	0000	775
		_calib_data_set_default_diff_pr		CODE           	3BF0	0000	491
		_calib_data_init_pr		CODE           	505E	0000	303
		_cal_diff_hight_to_vol_v		CODE           	00DC	0000	1939
		_cal_pt100_temperature_ex		CODE           	2B56	0000	721
		_cal_press     		CODE           	6EDC	0000	125

src/api/data.c estimated size: 12330

C:\Program Files (x86)\Microchip\xc8\v1.41\sources\common\xxtofl.c
		___xxtofl      		CODE           	3DDA	0000	463

C:\Program Files (x86)\Microchip\xc8\v1.41\sources\common\xxtofl.c estimated size: 463

src/driver/in_adc.c
		_in_adc_start_and_read		CODE           	7276	0000	107
		_in_adc_init   		CODE           	811C	0000	37

src/driver/in_adc.c estimated size: 144

C:\Program Files (x86)\Microchip\xc8\v1.41\sources\common\sprcmul.c
		___flmul       		CODE           	1728	0000	1191

C:\Program Files (x86)\Microchip\xc8\v1.41\sources\common\sprcmul.c estimated size: 1191

src/app/event.c
		_event_process 		CODE           	7E5E	0000	53
		_event_process_time_out		CODE           	81CC	0000	15
		_event_process_rtc		CODE           	6146	0000	179
		_event_process_ticker		CODE           	81DA	0000	15

src/app/event.c estimated size: 262

C:\Program Files (x86)\Microchip\xc8\v1.41\sources\common\sprcdiv.c
		___fldiv       		CODE           	2490	0000	961

C:\Program Files (x86)\Microchip\xc8\v1.41\sources\common\sprcdiv.c estimated size: 961

src/soc/int.c
		_handler_interrupt_low		CODE           	0018	0000	193
		_handler_interrupt_hight		CODE           	0008	0000	207

src/soc/int.c estimated size: 400

src/driver/ads1115.c
		_ads1115_init_all_chip		CODE           	7E28	0000	55
		_ads1115_init  		CODE           	6356	0000	165
		_ads1115_read_reg		CODE           	416C	0000	445
		_ads1115_write_reg		CODE           	591C	0000	257
		_ads1115_start_conversion		CODE           	80CC	0000	43
		_ads1115_read_conversion		CODE           	7AA6	0000	71
		_ads1115_set_mux		CODE           	8140	0000	37

src/driver/ads1115.c estimated size: 1073

src/app/main.c
		_main          		CODE           	7CA8	0000	57

src/app/main.c estimated size: 57

src/api/key_menu.c
		_key_waite_release		CODE           	7B30	0000	67
		_key_process_set		CODE           	8078	0000	43
		_key_shift_loc_fixed_point		CODE           	7EC6	0000	53
		___enter_menu_set_base_zero		CODE           	7876	0000	85
		___exp_10      		CODE           	76B4	0000	93
		_key_adj_value_fixed_point		CODE           	5A1C	0000	249
		_key_process_set_down_long		CODE           	5E56	0000	191
		_key_process   		CODE           	653A	0000	157
		___enter_menu_set_pose		CODE           	7F2A	0000	49
		_key_process_down		CODE           	7C30	0000	61
		_key_process_set_long		CODE           	7EFA	0000	49
		_key_process_up		CODE           	7E92	0000	53
		___enter_menu_set_density		CODE           	7D86	0000	55

src/api/key_menu.c estimated size: 1205

