Microchip MPLAB XC8 Compiler V1.42 ()

Linker command line:

-W-3 --edf=C:\Program Files (x86)\Microchip\xc8\v1.42\dat\en_msgs.txt -cs \
  -h+dist/default/debug\cs600-redo.X.debug.sym \
  --cmf=dist/default/debug\cs600-redo.X.debug.cmf -z -Q18F86J93 \
  -oC:\Users\ADMINI~1\AppData\Local\Temp\stq0.2 \
  -Mdist/default/debug/cs600-redo.X.debug.map -E1 -ver=XC8 --acfsm=1493 \
  -ASTACK=0700h-0f53h -pstack=STACK -ACODE=00h-0F3FFh -ACONST=00h-0F3FFh \
  -ASMALLCONST=01000h-010FFhx228 -AMEDIUMCONST=01000h-0F3FFh \
  -ACOMRAM=01h-05Fh -AABS1=00h-0F53h -ABIGRAM=01h-0F53h \
  -ARAM=060h-0FFh,0100h-01FFhx14,0F00h-0F53h -ABANK0=060h-0FFh \
  -ABANK1=0100h-01FFh -ABANK2=0200h-02FFh -ABANK3=0300h-03FFh \
  -ABANK4=0400h-04FFh -ABANK5=0500h-05FFh -ABANK6=0600h-06FFh \
  -ABANK7=0700h-07FFh -ABANK8=0800h-08FFh -ABANK9=0900h-09FFh \
  -ABANK10=0A00h-0AFFh -ABANK11=0B00h-0BFFh -ABANK12=0C00h-0CFFh \
  -ABANK13=0D00h-0DFFh -ABANK14=0E00h-0EFFh -ABANK15=0F00h-0F53h \
  -ASFR=0F54h-0F5Fh,0F60h-0FFCh \
  -preset_vec=00h,intcode=08h,intcodelo=018h,powerup,init -pramtop=01000h \
  -psmallconst=SMALLCONST -pmediumconst=MEDIUMCONST -pconst=CONST \
  -AFARRAM=00h-00h -ACONFIG=0FFF8h-0FFFFh -pconfig=CONFIG \
  -pjflash_buffer=0F800h \
  -prdata=COMRAM,nvrram=COMRAM,nvbit=COMRAM,rbss=COMRAM,rbit=COMRAM \
  -pfarbss=FARRAM,fardata=FARRAM,nvFARRAM=FARRAM \
  -pintsave_regs=BIGRAM,bigbss=BIGRAM,bigdata=BIGRAM -pbss=RAM \
  -pidata=CODE,irdata=CODE,ibigdata=CODE,ifardata=CODE -prparam=COMRAM \
  C:\Users\ADMINI~1\AppData\Local\Temp\stq0.obj \
  dist/default/debug\cs600-redo.X.debug.obj 

Object code version is 3.11

Machine type is 18F86J93

Call graph: (short form)




                Name                               Link     Load   Length Selector   Space Scale
C:\Users\ADMINI~1\AppData\Local\Temp\stq0.obj
                stack                               700      700      4B0      700       2
                init                                 78       78        8        C       0
                reset_vec                             0        0        6        0       0
                config                             FFF8     FFF8        6     FFF8       0
dist/default/debug\cs600-redo.X.debug.obj
                intcodelo                            18       18       60        C       0
                intcode                               8        8        4        4       0
                temp                                 42       42        C        1       1
                mediumconst                        ECB6     ECB6      74A     765B       0
                intcode_body                       76D2     76D2       6A        C       0
                text221                            8D5E     8D5E       1E        C       0
                text219                            6B20     6B20       96        C       0
                text218                            86F6     86F6       3A        C       0
                text217                            7438     7438       72        C       0
                text216                            663A     663A       A2        C       0
                text215                            5D62     5D62       BA        C       0
                text214                            8E6E     8E6E       16        C       0
                text213                            89B6     89B6       2C        C       0
                text212                            88CE     88CE       30        C       0
                text211                            6594     6594       A6        C       0
                text210                            571E     571E       D0        C       0
                text209                            886C     886C       32        C       0
                text208                            379C     379C      188        C       0
                text207                            8D40     8D40       1E        C       0
                text206                            43FE     43FE      138        C       0
                text205                            8C5C     8C5C       26        C       0
                text204                            3AA2     3AA2      170        C       0
                text203                            73C4     73C4       74        C       0
                text202                            82E6     82E6       4A        C       0
                text201                            8442     8442       44        C       0
                text200                            7ABC     7ABC       62        C       0
                text199                            4CE2     4CE2      102        C       0
                text198                            3D70     3D70      15C        C       0
                text197                            4BE0     4BE0      102        C       0
                text196                            1EC0     1EC0      33C        C       0
                text195                            1824     1824      350        C       0
                text194                            50D0     50D0       F2        C       0
                text193                            4176     4176      150        C       0
                text192                            2EEC     2EEC      1FA        C       0
                text191                            3C12     3C12      15E        C       0
                text190                            8E24     8E24       1A        C       0
                text189                            7DE8     7DE8       54        C       0
                text188                            780A     780A       66        C       0
                text187                            539C     539C       EA        C       0
                text186                            3ECC     3ECC      15A        C       0
                text185                            8F98     8F98        E        C       0
                text184                            8F6C     8F6C       10        C       0
                text183                            8E56     8E56       18        C       0
                text182                             716      716      4A8        C       0
                text181                            360C     360C      190        C       0
                text180                            24F8     24F8      2B4        C       0
                text179                            8988     8988       2E        C       0
                text178                            1022     1022      424        C       0
                text177                            2A5C     2A5C      278        C       0
                text176                              80       80      696        C       0
                text175                            4EDE     4EDE       FA        C       0
                text174                            58BC     58BC       CC        C       0
                text173                            7D3E     7D3E       56        C       0
                text172                            1B74     1B74      34C        C       0
                text171                            1446     1446      3DE        C       0
                text170                            8E08     8E08       1C        C       0
                text169                            48B4     48B4      11A        C       0
                text168                            8E98     8E98       14        C       0
                text167                            8D22     8D22       1E        C       0
                text166                            8DEC     8DEC       1C        C       0
                text165                            8CA6     8CA6       22        C       0
                text164                            7350     7350       74        C       0
                text163                            8E84     8E84       14        C       0
                text162                            8D04     8D04       1E        C       0
                text161                            8028     8028       52        C       0
                text160                            57EE     57EE       CE        C       0
                text159                            8F5C     8F5C       10        C       0
                text158                            8FD2     8FD2        6     47DA       0
                text157                            8FCC     8FCC        6     47DA       0
                text156                            8C36     8C36       26        C       0
                text155                            6C4A     6C4A       84        C       0
                text154                            6BB6     6BB6       94        C       0
                text153                            8B76     8B76       28        C       0
                text152                            811A     811A       50        C       0
                text151                            7A5A     7A5A       62        C       0
                text150                            758A     758A       70        C       0
                text149                            4536     4536      132        C       0
                text148                            773C     773C       68        C       0
                text147                            8B4E     8B4E       28        C       0
                text146                            8B26     8B26       28        C       0
                text145                            8AFE     8AFE       28        C       0
                text144                            8AD6     8AD6       28        C       0
                text143                            8AAE     8AAE       28        C       0
                text142                            8A86     8A86       28        C       0
                text141                            7BD8     7BD8       5C        C       0
                text140                            72DC     72DC       74        C       0
                text139                            7268     7268       74        C       0
                text138                            71F4     71F4       74        C       0
                text137                            7180     7180       74        C       0
                text136                            710C     710C       74        C       0
                text135                            7098     7098       74        C       0
                text134                            7024     7024       74        C       0
                text133                            6FB0     6FB0       74        C       0
                text132                            8206     8206       4C        C       0
                text131                            6DD0     6DD0       80        C       0
                text130                            79F8     79F8       62        C       0
                text129                            829C     829C       4A        C       0
                text128                            62F0     62F0       AC        C       0
                text127                            8A0C     8A0C       2A        C       0
                text126                            30E6     30E6      1EC        C       0
                text125                            8C10     8C10       26        C       0
                text124                            86BC     86BC       3A        C       0
                text123                            5B1A     5B1A       C8        C       0
                text122                            6244     6244       AC        C       0
                text121                            8BEA     8BEA       26        C       0
                text120                            69EE     69EE       9A        C       0
                text119                            68B8     68B8       9C        C       0
                text118                            6CCE     6CCE       82        C       0
                text117                            5486     5486       E8        C       0
                text116                             BBE      BBE      464        C       0
                text115                            858A     858A       40        C       0
                text114                            83FE     83FE       44        C       0
                text113                            7FD6     7FD6       52        C       0
                text112                            7F84     7F84       52        C       0
                text111                            75FA     75FA       6E        C       0
                text110                            7F32     7F32       52        C       0
                text109                            83BA     83BA       44        C       0
                text108                            7EE0     7EE0       52        C       0
                text107                            7E8E     7E8E       52        C       0
                text106                            7996     7996       62        C       0
                text105                            87D2     87D2       36        C       0
                text104                            4DE4     4DE4       FA        C       0
                text103                            32D2     32D2      1AA        C       0
                text102                            80CA     80CA       50        C       0
                text101                            8BC4     8BC4       26        C       0
                text100                            7C34     7C34       5A        C       0
                text99                             751A     751A       70        C       0
                text98                             89E2     89E2       2A        C       0
                text97                             677C     677C       A0        C       0
                text96                             8B9E     8B9E       26        C       0
                text95                             51C2     51C2       EE        C       0
                text94                             6446     6446       A8        C       0
                text93                             7B1E     7B1E       5E        C       0
                text92                             60EA     60EA       AE        C       0
                text91                             8680     8680       3C        C       0
                text90                             8FD8     8FD8        2     47DA       0
                text89                             854A     854A       40        C       0
                text88                             8DD0     8DD0       1C        C       0
                text87                             8DB4     8DB4       1C        C       0
                text86                             8A5E     8A5E       28        C       0
                text85                             8D98     8D98       1C        C       0
                text84                             4798     4798      11C        C       0
                text83                             8E3E     8E3E       18        C       0
                text82                             5646     5646       D8        C       0
                text81                             84C8     84C8       42        C       0
                text80                             6A88     6A88       98        C       0
                text79                             8330     8330       46        C       0
                text78                             21FC     21FC      2FC        C       0
                text77                             639C     639C       AA        C       0
                text76                             4FD8     4FD8       F8        C       0
                text75                             5F8C     5F8C       B0        C       0
                text74                             6954     6954       9A        C       0
                text73                             4668     4668      130        C       0
                text72                             8376     8376       44        C       0
                text71                             74AA     74AA       70        C       0
                text70                             7934     7934       62        C       0
                text69                             78D2     78D2       62        C       0
                text68                             879C     879C       36        C       0
                text67                             4AD8     4AD8      108        C       0
                text66                             556E     556E       D8        C       0
                text65                             27AC     27AC      2B0        C       0
                text64                             7D94     7D94       54        C       0
                text63                             6D50     6D50       80        C       0
                text62                             64EE     64EE       A6        C       0
                text61                             5A52     5A52       C8        C       0
                text60                             681C     681C       9C        C       0
                text59                             850A     850A       40        C       0
                text58                             7CE6     7CE6       58        C       0
                text57                             807A     807A       50        C       0
                text56                             8D7C     8D7C       1C        C       0
                text55                             5ED4     5ED4       B8        C       0
                text54                             8766     8766       36        C       0
                text53                             6F3C     6F3C       74        C       0
                text52                             7668     7668       6A        C       0
                text51                             8F2A     8F2A       12        C       0
                text50                             5BE2     5BE2       C4        C       0
                text49                             7E3C     7E3C       52        C       0
                text48                             8486     8486       42        C       0
                text47                             5988     5988       CA        C       0
                text46                             8F18     8F18       12        C       0
                text45                             883A     883A       32        C       0
                text44                             5E1C     5E1C       B8        C       0
                text43                             8F06     8F06       12        C       0
                text42                             8EF4     8EF4       12        C       0
                text41                             895A     895A       2E        C       0
                text40                             889E     889E       30        C       0
                text39                             8EE2     8EE2       12        C       0
                text38                             8A36     8A36       28        C       0
                text37                             8ED0     8ED0       12        C       0
                text36                             77A4     77A4       66        C       0
                text35                             892C     892C       2E        C       0
                text34                             8EBE     8EBE       12        C       0
                text33                             8644     8644       3C        C       0
                text32                             8EAC     8EAC       12        C       0
                text31                             603C     603C       AE        C       0
                text30                             8608     8608       3C        C       0
                text29                             8252     8252       4A        C       0
                text28                             8F8A     8F8A        E        C       0
                text27                             8F4C     8F4C       10        C       0
                text26                             5CA6     5CA6       BC        C       0
                text25                             88FE     88FE       2E        C       0
                text24                             8F7C     8F7C        E        C       0
                text23                             8FC0     8FC0        C     47DA       0
                text22                             8FB4     8FB4        C     47DA       0
                text21                             6198     6198       AC        C       0
                text20                             49CE     49CE      10A        C       0
                text19                             347C     347C      190        C       0
                text18                             81B8     81B8       4E        C       0
                text17                             8CE6     8CE6       1E        C       0
                text16                             8CC8     8CC8       1E        C       0
                text15                             52B0     52B0       EC        C       0
                text14                             8808     8808       32        C       0
                text13                             2CD4     2CD4      218        C       0
                text12                             7870     7870       62        C       0
                text11                             3924     3924      17E        C       0
                text10                             8C82     8C82       24        C       0
                text9                              7B7C     7B7C       5C        C       0
                text8                              42C6     42C6      138        C       0
                text7                              4026     4026      150        C       0
                text6                              816A     816A       4E        C       0
                text5                              85CA     85CA       3E        C       0
                text4                              8F3C     8F3C       10        C       0
                text3                              7C8E     7C8E       58        C       0
                text2                              8730     8730       36        C       0
                text1                              6EC6     6EC6       76        C       0
                text0                              6E50     6E50       76        C       0
                cstackCOMRAM                          1        1       41        1       1
                cstackBANK0                          60       60       69       60       1
                cstackBANK1                         100      100      100      100       1
                bssBANK6                            600      600      100      600       1
                bssBANK5                            500      500       A2      500       1
                bssBANK4                            400      400       C2      400       1
                bssBANK3                            300      300      100      300       1
                dataBANK2                           2EE      2EE        D      200       1
                bssBANK2                            200      200       EE      200       1
                dataBANK0                            FE       FE        1       60       1
                bssBANK0                             C9       C9       35       60       1
                bssCOMRAM                            4E       4E        B        1       1
                cinit                              66DC     66DC       A0        C       0
                idataBANK2                         8FA6     8FA6        D        C       0
                idataBANK0                         8FDA     8FDA        1     47DA       0

TOTAL           Name                               Link     Load   Length     Space
        CLASS   STACK          
                stack                               700      700      4B0         2

        CLASS   CODE           
                intcodelo                            18       18       60         0
                intcode                               8        8        4         0
                init                                 78       78        8         0
                reset_vec                             0        0        6         0
                intcode_body                       76D2     76D2       6A         0
                text221                            8D5E     8D5E       1E         0
                text219                            6B20     6B20       96         0
                text218                            86F6     86F6       3A         0
                text217                            7438     7438       72         0
                text216                            663A     663A       A2         0
                text215                            5D62     5D62       BA         0
                text214                            8E6E     8E6E       16         0
                text213                            89B6     89B6       2C         0
                text212                            88CE     88CE       30         0
                text211                            6594     6594       A6         0
                text210                            571E     571E       D0         0
                text209                            886C     886C       32         0
                text208                            379C     379C      188         0
                text207                            8D40     8D40       1E         0
                text206                            43FE     43FE      138         0
                text205                            8C5C     8C5C       26         0
                text204                            3AA2     3AA2      170         0
                text203                            73C4     73C4       74         0
                text202                            82E6     82E6       4A         0
                text201                            8442     8442       44         0
                text200                            7ABC     7ABC       62         0
                text199                            4CE2     4CE2      102         0
                text198                            3D70     3D70      15C         0
                text197                            4BE0     4BE0      102         0
                text196                            1EC0     1EC0      33C         0
                text195                            1824     1824      350         0
                text194                            50D0     50D0       F2         0
                text193                            4176     4176      150         0
                text192                            2EEC     2EEC      1FA         0
                text191                            3C12     3C12      15E         0
                text190                            8E24     8E24       1A         0
                text189                            7DE8     7DE8       54         0
                text188                            780A     780A       66         0
                text187                            539C     539C       EA         0
                text186                            3ECC     3ECC      15A         0
                text185                            8F98     8F98        E         0
                text184                            8F6C     8F6C       10         0
                text183                            8E56     8E56       18         0
                text182                             716      716      4A8         0
                text181                            360C     360C      190         0
                text180                            24F8     24F8      2B4         0
                text179                            8988     8988       2E         0
                text178                            1022     1022      424         0
                text177                            2A5C     2A5C      278         0
                text176                              80       80      696         0
                text175                            4EDE     4EDE       FA         0
                text174                            58BC     58BC       CC         0
                text173                            7D3E     7D3E       56         0
                text172                            1B74     1B74      34C         0
                text171                            1446     1446      3DE         0
                text170                            8E08     8E08       1C         0
                text169                            48B4     48B4      11A         0
                text168                            8E98     8E98       14         0
                text167                            8D22     8D22       1E         0
                text166                            8DEC     8DEC       1C         0
                text165                            8CA6     8CA6       22         0
                text164                            7350     7350       74         0
                text163                            8E84     8E84       14         0
                text162                            8D04     8D04       1E         0
                text161                            8028     8028       52         0
                text160                            57EE     57EE       CE         0
                text159                            8F5C     8F5C       10         0
                text158                            8FD2     8FD2        6         0
                text157                            8FCC     8FCC        6         0
                text156                            8C36     8C36       26         0
                text155                            6C4A     6C4A       84         0
                text154                            6BB6     6BB6       94         0
                text153                            8B76     8B76       28         0
                text152                            811A     811A       50         0
                text151                            7A5A     7A5A       62         0
                text150                            758A     758A       70         0
                text149                            4536     4536      132         0
                text148                            773C     773C       68         0
                text147                            8B4E     8B4E       28         0
                text146                            8B26     8B26       28         0
                text145                            8AFE     8AFE       28         0
                text144                            8AD6     8AD6       28         0
                text143                            8AAE     8AAE       28         0
                text142                            8A86     8A86       28         0
                text141                            7BD8     7BD8       5C         0
                text140                            72DC     72DC       74         0
                text139                            7268     7268       74         0
                text138                            71F4     71F4       74         0
                text137                            7180     7180       74         0
                text136                            710C     710C       74         0
                text135                            7098     7098       74         0
                text134                            7024     7024       74         0
                text133                            6FB0     6FB0       74         0
                text132                            8206     8206       4C         0
                text131                            6DD0     6DD0       80         0
                text130                            79F8     79F8       62         0
                text129                            829C     829C       4A         0
                text128                            62F0     62F0       AC         0
                text127                            8A0C     8A0C       2A         0
                text126                            30E6     30E6      1EC         0
                text125                            8C10     8C10       26         0
                text124                            86BC     86BC       3A         0
                text123                            5B1A     5B1A       C8         0
                text122                            6244     6244       AC         0
                text121                            8BEA     8BEA       26         0
                text120                            69EE     69EE       9A         0
                text119                            68B8     68B8       9C         0
                text118                            6CCE     6CCE       82         0
                text117                            5486     5486       E8         0
                text116                             BBE      BBE      464         0
                text115                            858A     858A       40         0
                text114                            83FE     83FE       44         0
                text113                            7FD6     7FD6       52         0
                text112                            7F84     7F84       52         0
                text111                            75FA     75FA       6E         0
                text110                            7F32     7F32       52         0
                text109                            83BA     83BA       44         0
                text108                            7EE0     7EE0       52         0
                text107                            7E8E     7E8E       52         0
                text106                            7996     7996       62         0
                text105                            87D2     87D2       36         0
                text104                            4DE4     4DE4       FA         0
                text103                            32D2     32D2      1AA         0
                text102                            80CA     80CA       50         0
                text101                            8BC4     8BC4       26         0
                text100                            7C34     7C34       5A         0
                text99                             751A     751A       70         0
                text98                             89E2     89E2       2A         0
                text97                             677C     677C       A0         0
                text96                             8B9E     8B9E       26         0
                text95                             51C2     51C2       EE         0
                text94                             6446     6446       A8         0
                text93                             7B1E     7B1E       5E         0
                text92                             60EA     60EA       AE         0
                text91                             8680     8680       3C         0
                text90                             8FD8     8FD8        2         0
                text89                             854A     854A       40         0
                text88                             8DD0     8DD0       1C         0
                text87                             8DB4     8DB4       1C         0
                text86                             8A5E     8A5E       28         0
                text85                             8D98     8D98       1C         0
                text84                             4798     4798      11C         0
                text83                             8E3E     8E3E       18         0
                text82                             5646     5646       D8         0
                text81                             84C8     84C8       42         0
                text80                             6A88     6A88       98         0
                text79                             8330     8330       46         0
                text78                             21FC     21FC      2FC         0
                text77                             639C     639C       AA         0
                text76                             4FD8     4FD8       F8         0
                text75                             5F8C     5F8C       B0         0
                text74                             6954     6954       9A         0
                text73                             4668     4668      130         0
                text72                             8376     8376       44         0
                text71                             74AA     74AA       70         0
                text70                             7934     7934       62         0
                text69                             78D2     78D2       62         0
                text68                             879C     879C       36         0
                text67                             4AD8     4AD8      108         0
                text66                             556E     556E       D8         0
                text65                             27AC     27AC      2B0         0
                text64                             7D94     7D94       54         0
                text63                             6D50     6D50       80         0
                text62                             64EE     64EE       A6         0
                text61                             5A52     5A52       C8         0
                text60                             681C     681C       9C         0
                text59                             850A     850A       40         0
                text58                             7CE6     7CE6       58         0
                text57                             807A     807A       50         0
                text56                             8D7C     8D7C       1C         0
                text55                             5ED4     5ED4       B8         0
                text54                             8766     8766       36         0
                text53                             6F3C     6F3C       74         0
                text52                             7668     7668       6A         0
                text51                             8F2A     8F2A       12         0
                text50                             5BE2     5BE2       C4         0
                text49                             7E3C     7E3C       52         0
                text48                             8486     8486       42         0
                text47                             5988     5988       CA         0
                text46                             8F18     8F18       12         0
                text45                             883A     883A       32         0
                text44                             5E1C     5E1C       B8         0
                text43                             8F06     8F06       12         0
                text42                             8EF4     8EF4       12         0
                text41                             895A     895A       2E         0
                text40                             889E     889E       30         0
                text39                             8EE2     8EE2       12         0
                text38                             8A36     8A36       28         0
                text37                             8ED0     8ED0       12         0
                text36                             77A4     77A4       66         0
                text35                             892C     892C       2E         0
                text34                             8EBE     8EBE       12         0
                text33                             8644     8644       3C         0
                text32                             8EAC     8EAC       12         0
                text31                             603C     603C       AE         0
                text30                             8608     8608       3C         0
                text29                             8252     8252       4A         0
                text28                             8F8A     8F8A        E         0
                text27                             8F4C     8F4C       10         0
                text26                             5CA6     5CA6       BC         0
                text25                             88FE     88FE       2E         0
                text24                             8F7C     8F7C        E         0
                text23                             8FC0     8FC0        C         0
                text22                             8FB4     8FB4        C         0
                text21                             6198     6198       AC         0
                text20                             49CE     49CE      10A         0
                text19                             347C     347C      190         0
                text18                             81B8     81B8       4E         0
                text17                             8CE6     8CE6       1E         0
                text16                             8CC8     8CC8       1E         0
                text15                             52B0     52B0       EC         0
                text14                             8808     8808       32         0
                text13                             2CD4     2CD4      218         0
                text12                             7870     7870       62         0
                text11                             3924     3924      17E         0
                text10                             8C82     8C82       24         0
                text9                              7B7C     7B7C       5C         0
                text8                              42C6     42C6      138         0
                text7                              4026     4026      150         0
                text6                              816A     816A       4E         0
                text5                              85CA     85CA       3E         0
                text4                              8F3C     8F3C       10         0
                text3                              7C8E     7C8E       58         0
                text2                              8730     8730       36         0
                text1                              6EC6     6EC6       76         0
                text0                              6E50     6E50       76         0
                cinit                              66DC     66DC       A0         0
                idataBANK2                         8FA6     8FA6        D         0
                idataBANK0                         8FDA     8FDA        1         0

        CLASS   CONST          

        CLASS   SMALLCONST     

        CLASS   MEDIUMCONST    
                mediumconst                        ECB6     ECB6      74A         0

        CLASS   COMRAM         
                temp                                 42       42        C         1
                cstackCOMRAM                          1        1       41         1
                bssCOMRAM                            4E       4E        B         1

        CLASS   ABS1           

        CLASS   BIGRAM         

        CLASS   RAM            

        CLASS   BANK0          
                cstackBANK0                          60       60       69         1
                dataBANK0                            FE       FE        1         1
                bssBANK0                             C9       C9       35         1

        CLASS   BANK1          
                cstackBANK1                         100      100      100         1

        CLASS   BANK2          
                dataBANK2                           2EE      2EE        D         1
                bssBANK2                            200      200       EE         1

        CLASS   BANK3          
                bssBANK3                            300      300      100         1

        CLASS   BANK4          
                bssBANK4                            400      400       C2         1

        CLASS   BANK5          
                bssBANK5                            500      500       A2         1

        CLASS   BANK6          
                bssBANK6                            600      600      100         1

        CLASS   BANK7          

        CLASS   BANK8          

        CLASS   BANK9          

        CLASS   BANK10         

        CLASS   BANK11         

        CLASS   BANK12         

        CLASS   BANK13         

        CLASS   BANK14         

        CLASS   BANK15         

        CLASS   SFR            

        CLASS   FARRAM         

        CLASS   CONFIG         
                config                             FFF8     FFF8        6         0

        CLASS   IDLOC          



SEGMENTS        Name                           Load    Length   Top    Selector   Space  Class

                reset_vec                      000000  000006  000006         0       0  CODE    
                cstackCOMRAM                   000001  000058  000059         1       1  COMRAM  
                intcode                        000008  000004  00000C         4       0  CODE    
                intcodelo                      000018  008F9B  008FB3         C       0  CODE    
                cstackBANK0                    000060  00009F  0000FF        60       1  BANK0   
                cstackBANK1                    000100  000100  000200       100       1  BANK1   
                bssBANK2                       000200  0000FB  0002FB       200       1  BANK2   
                bssBANK3                       000300  000100  000400       300       1  BANK3   
                bssBANK4                       000400  0000C2  0004C2       400       1  BANK4   
                bssBANK5                       000500  0000A2  0005A2       500       1  BANK5   
                bssBANK6                       000600  000100  000700       600       1  BANK6   
                stack                          000700  0004B0  000BB0       700       2  STACK   
                text22                         008FB4  000027  008FDB      47DA       0  CODE    
                mediumconst                    00ECB6  00074A  00F400      765B       0  MEDIUMCO
                config                         00FFF8  000006  00FFFE      FFF8       0  CONFIG  


UNUSED ADDRESS RANGES

        Name                Unused          Largest block    Delta
        BANK0            000FF-000FF               1
        BANK10           00A00-00AFF             100
        BANK11           00B00-00BFF             100
        BANK12           00C00-00CFF             100
        BANK13           00D00-00DFF             100
        BANK14           00E00-00EFF             100
        BANK15           00F00-00F53              54
        BANK2            002FB-002FF               5
        BANK4            004C2-004FF              3E
        BANK5            005A2-005FF              5E
        BANK7            00700-007FF             100
        BANK8            00800-008FF             100
        BANK9            00900-009FF             100
        BIGRAM           00059-0005F               7
                         000FF-000FF               1
                         002FB-002FF               5
                         004C2-004FF              3E
                         005A2-005FF              5E
                         00700-00F53             854
        CODE             00006-00007               2
                         0000C-00017               C
                         08FB3-08FB3               1
                         08FDB-0ECB5            5CDB
        COMRAM           00059-0005F               7
        CONFIG           0FFFE-0FFFF               2
        CONST            00006-00007               2
                         0000C-00017               C
                         08FB3-08FB3               1
                         08FDB-0ECB5            5CDB
        MEDIUMCONST      08FB3-08FB3               1
                         08FDB-0ECB5            5CDB
        RAM              000FF-000FF               1
                         002FB-002FF               5
                         004C2-004FF              3E
                         005A2-005FF              5E
                         00700-00F53             100
        SFR              00F54-00FFC               C
        SMALLCONST       08FB3-08FB3               1
                         08FDB-0ECB5             100
        STACK            00BB0-00F53             3A4

                                  Symbol Table

?___aldiv                                  cstackCOMRAM  00014
?___awdiv                                  cstackCOMRAM  00008
?___awmod                                  cstackCOMRAM  00008
?___exp_10                                 cstackCOMRAM  00008
?___fladd                                  cstackBANK0   0006D
?___fldiv                                  cstackCOMRAM  0002F
?___flmul                                  cstackCOMRAM  00016
?___flneg                                  cstackCOMRAM  0003B
?___fltol                                  cstackBANK0   00081
?___int32_2_mflot32                        cstackCOMRAM  00015
?___lldiv                                  cstackCOMRAM  00008
?___lmul                                   cstackCOMRAM  00008
?___lwdiv                                  cstackCOMRAM  0000B
?___lwmod                                  cstackCOMRAM  00012
?___mflot32_2_int32                        cstackCOMRAM  00014
?___wmul                                   cstackCOMRAM  0000B
?___x_sample_fifo                          cstackCOMRAM  00022
?___x_sample_fliter                        cstackCOMRAM  00022
?___xxtofl                                 cstackCOMRAM  00008
?_ads1115_read_conversion                  cstackCOMRAM  00015
?_ads1115_read_reg                         cstackCOMRAM  0000F
?_cal_diff_hight_to_vol_h                  cstackBANK0   000AF
?_cal_diff_hight_to_vol_v                  cstackBANK0   000AF
?_crc_sum                                  cstackCOMRAM  00008
?_data_sys_cal_v1                          cstackBANK0   00089
?_data_sys_cal_v2                          cstackBANK0   00089
?_in_adc_start_and_read                    cstackCOMRAM  0000C
?_key_waite_release                        cstackCOMRAM  00010
?_m_interp1_float_fast                     cstackBANK0   0008D
?_m_str_cmp_len                            cstackCOMRAM  00008
_ADCON0bits                                (abs)         00FC2
_ADCON1                                    (abs)         00FC1
_ADCON2bits                                (abs)         00FC0
_ADRESH                                    (abs)         00FC4
_ADRESL                                    (abs)         00FC3
_ALRMCFGbits                               (abs)         00F5B
_ALRMRPT                                   (abs)         00F5A
_EECON1bits                                (abs)         00FA6
_FSR0H                                     (abs)         00FEA
_FSR0L                                     (abs)         00FE9
_HexTable                                  mediumconst   0EF0C
_INTCON                                    (abs)         00FF2
_INTCON2bits                               (abs)         00FF1
_INTCONbits                                (abs)         00FF2
_IPR1bits                                  (abs)         00F9F
_IPR3bits                                  (abs)         00FA5
_LATB                                      (abs)         00F8A
_LATC                                      (abs)         00F8B
_LATG                                      (abs)         00F8F
_LCDCON                                    (abs)         00FA8
_LCDDATA0                                  (abs)         00FBB
_LCDDATA1                                  (abs)         00FBC
_LCDDATA10                                 (abs)         00F70
_LCDDATA11                                 (abs)         00F71
_LCDDATA12                                 (abs)         00F72
_LCDDATA13                                 (abs)         00F73
_LCDDATA14                                 (abs)         00F74
_LCDDATA15                                 (abs)         00F75
_LCDDATA16                                 (abs)         00F76
_LCDDATA17                                 (abs)         00F77
_LCDDATA18                                 (abs)         00F78
_LCDDATA19                                 (abs)         00F79
_LCDDATA2                                  (abs)         00FBD
_LCDDATA20                                 (abs)         00F7A
_LCDDATA21                                 (abs)         00F7B
_LCDDATA22                                 (abs)         00F7C
_LCDDATA23                                 (abs)         00F7D
_LCDDATA3                                  (abs)         00FBE
_LCDDATA4                                  (abs)         00FBF
_LCDDATA5                                  (abs)         00F6B
_LCDDATA6                                  (abs)         00F6C
_LCDDATA7                                  (abs)         00F6D
_LCDDATA8                                  (abs)         00F6E
_LCDDATA9                                  (abs)         00F6F
_LCDDigitalIndexTable                      mediumconst   0EEB7
_LCDDigitalTable                           mediumconst   0EEE2
_LCDPSbits                                 (abs)         00FAA
_LCDREG                                    (abs)         00FD2
_LCDSE0                                    (abs)         00FA9
_LCDSE1                                    (abs)         00FB6
_LCDSE2                                    (abs)         00FB7
_LCDSE3                                    (abs)         00FB8
_LCDSE4                                    (abs)         00FB9
_LCDSE5                                    (abs)         00FBA
_OSCCONbits                                (abs)         00FD3
_PADCFG1bits                               (abs)         00F54
_PIE1bits                                  (abs)         00F9D
_PIE3bits                                  (abs)         00FA3
_PIR1bits                                  (abs)         00F9E
_PIR3bits                                  (abs)         00FA4
_PORTB                                     (abs)         00F81
_PORTC                                     (abs)         00F82
_PR2                                       (abs)         00FCB
_PrChipSampleFinish                        bssBANK0      000EE
_PrChipSampleTimer                         bssBANK0      000D5
_RCONbits                                  (abs)         00FD0
_RTCCFGbits                                (abs)         00F5F
_RTCVALH                                   (abs)         00F5D
_RTCVALL                                   (abs)         00F5C
_T1CONbits                                 (abs)         00FCD
_T2CON                                     (abs)         00FCA
_TABLAT                                    (abs)         00FF5
_TBLPTRH                                   (abs)         00FF7
_TBLPTRL                                   (abs)         00FF6
_TBLPTRU                                   (abs)         00FF8
_TRISB                                     (abs)         00F93
_TRISC                                     (abs)         00F94
_TRISG                                     (abs)         00F98
__CFG_CCP2MX$DEFAULT                       (abs)         00000
__CFG_CP0$OFF                              (abs)         00000
__CFG_FCMEN$OFF                            (abs)         00000
__CFG_IESO$OFF                             (abs)         00000
__CFG_LPT1OSC$OFF                          (abs)         00000
__CFG_OSC$HS                               (abs)         00000
__CFG_RTCSOSC$T1OSCREF                     (abs)         00000
__CFG_STVREN$ON                            (abs)         00000
__CFG_T1DIG$OFF                            (abs)         00000
__CFG_WDTEN$OFF                            (abs)         00000
__CFG_WDTPS$32768                          (abs)         00000
__CFG_XINST$OFF                            (abs)         00000
__HRAM                                     (abs)         00000
__Habs1                                    abs1          00000
__Hbank0                                   bank0         00000
__Hbank1                                   bank1         00000
__Hbank10                                  bank10        00000
__Hbank11                                  bank11        00000
__Hbank12                                  bank12        00000
__Hbank13                                  bank13        00000
__Hbank14                                  bank14        00000
__Hbank15                                  bank15        00000
__Hbank2                                   bank2         00000
__Hbank3                                   bank3         00000
__Hbank4                                   bank4         00000
__Hbank5                                   bank5         00000
__Hbank6                                   bank6         00000
__Hbank7                                   bank7         00000
__Hbank8                                   bank8         00000
__Hbank9                                   bank9         00000
__Hbigbss                                  bigbss        00000
__Hbigdata                                 bigdata       00000
__Hbigram                                  bigram        00000
__Hbss                                     bss           00000
__HbssBANK0                                bssBANK0      00000
__HbssBANK2                                bssBANK2      00000
__HbssBANK3                                bssBANK3      00000
__HbssBANK4                                bssBANK4      00000
__HbssBANK5                                bssBANK5      00000
__HbssBANK6                                bssBANK6      00000
__HbssCOMRAM                               bssCOMRAM     00000
__Hcinit                                   cinit         00000
__Hclrtext                                 clrtext       00000
__Hcomram                                  comram        00000
__Hconfig                                  config        0FFFE
__Hconst                                   const         00000
__HcstackBANK0                             cstackBANK0   00000
__HcstackBANK1                             cstackBANK1   00000
__HcstackCOMRAM                            cstackCOMRAM  00000
__Hdata                                    data          00000
__HdataBANK0                               dataBANK0     00000
__HdataBANK2                               dataBANK2     00000
__Hfarbss                                  farbss        00000
__Hfardata                                 fardata       00000
__Hibigdata                                ibigdata      00000
__Hidata                                   idata         00000
__HidataBANK0                              idataBANK0    00000
__HidataBANK2                              idataBANK2    00000
__Hidloc                                   idloc         00000
__Hifardata                                ifardata      00000
__Hinit                                    init          00080
__Hintcode                                 intcode       0000C
__Hintcode_body                            intcode_body  00000
__Hintcodelo                               intcodelo     00078
__Hintentry                                intentry      00000
__Hintret                                  intret        00000
__Hintsave_regs                            intsave_regs  00000
__Hirdata                                  irdata        00000
__Hjflash_buffer                           jflash_buffer 0F800
__Hmediumconst                             mediumconst   0F400
__HnvFARRAM                                nvFARRAM      00000
__Hnvbit                                   nvbit         00000
__Hnvrram                                  nvrram        00000
__Hparam                                   rparam        00000
__Hpowerup                                 powerup       00078
__Hram                                     ram           00000
__Hramtop                                  ramtop        01000
__Hrbit                                    rbit          00000
__Hrbss                                    rbss          00000
__Hrdata                                   rdata         00000
__Hreset_vec                               reset_vec     00006
__Hrparam                                  rparam        00000
__Hsfr                                     sfr           00000
__Hsmallconst                              smallconst    00000
__Hspace_0                                 (abs)         0FFFE
__Hspace_1                                 (abs)         00700
__Hspace_2                                 (abs)         00BB0
__Hstack                                   stack         00BB0
__Hstruct                                  struct        00000
__Htemp                                    temp          0004E
__Htext                                    text          00000
__Htext0                                   text0         00000
__Htext1                                   text1         00000
__Htext10                                  text10        00000
__Htext100                                 text100       00000
__Htext101                                 text101       00000
__Htext102                                 text102       00000
__Htext103                                 text103       00000
__Htext104                                 text104       00000
__Htext105                                 text105       00000
__Htext106                                 text106       00000
__Htext107                                 text107       00000
__Htext108                                 text108       00000
__Htext109                                 text109       00000
__Htext11                                  text11        00000
__Htext110                                 text110       00000
__Htext111                                 text111       00000
__Htext112                                 text112       00000
__Htext113                                 text113       00000
__Htext114                                 text114       00000
__Htext115                                 text115       00000
__Htext116                                 text116       00000
__Htext117                                 text117       00000
__Htext118                                 text118       00000
__Htext119                                 text119       00000
__Htext12                                  text12        00000
__Htext120                                 text120       00000
__Htext121                                 text121       00000
__Htext122                                 text122       00000
__Htext123                                 text123       00000
__Htext124                                 text124       00000
__Htext125                                 text125       00000
__Htext126                                 text126       00000
__Htext127                                 text127       00000
__Htext128                                 text128       00000
__Htext129                                 text129       00000
__Htext13                                  text13        00000
__Htext130                                 text130       00000
__Htext131                                 text131       00000
__Htext132                                 text132       00000
__Htext133                                 text133       00000
__Htext134                                 text134       00000
__Htext135                                 text135       00000
__Htext136                                 text136       00000
__Htext137                                 text137       00000
__Htext138                                 text138       00000
__Htext139                                 text139       00000
__Htext14                                  text14        00000
__Htext140                                 text140       00000
__Htext141                                 text141       00000
__Htext142                                 text142       00000
__Htext143                                 text143       00000
__Htext144                                 text144       00000
__Htext145                                 text145       00000
__Htext146                                 text146       00000
__Htext147                                 text147       00000
__Htext148                                 text148       00000
__Htext149                                 text149       00000
__Htext15                                  text15        00000
__Htext150                                 text150       00000
__Htext151                                 text151       00000
__Htext152                                 text152       00000
__Htext153                                 text153       00000
__Htext154                                 text154       00000
__Htext155                                 text155       00000
__Htext156                                 text156       00000
__Htext157                                 text157       00000
__Htext158                                 text158       00000
__Htext159                                 text159       00000
__Htext16                                  text16        00000
__Htext160                                 text160       00000
__Htext161                                 text161       00000
__Htext162                                 text162       00000
__Htext163                                 text163       00000
__Htext164                                 text164       00000
__Htext165                                 text165       00000
__Htext166                                 text166       00000
__Htext167                                 text167       00000
__Htext168                                 text168       00000
__Htext169                                 text169       00000
__Htext17                                  text17        00000
__Htext170                                 text170       00000
__Htext171                                 text171       00000
__Htext172                                 text172       00000
__Htext173                                 text173       00000
__Htext174                                 text174       00000
__Htext175                                 text175       00000
__Htext176                                 text176       00000
__Htext177                                 text177       00000
__Htext178                                 text178       00000
__Htext179                                 text179       00000
__Htext18                                  text18        00000
__Htext180                                 text180       00000
__Htext181                                 text181       00000
__Htext182                                 text182       00000
__Htext183                                 text183       00000
__Htext184                                 text184       00000
__Htext185                                 text185       00000
__Htext186                                 text186       00000
__Htext187                                 text187       00000
__Htext188                                 text188       00000
__Htext189                                 text189       00000
__Htext19                                  text19        00000
__Htext190                                 text190       00000
__Htext191                                 text191       00000
__Htext192                                 text192       00000
__Htext193                                 text193       00000
__Htext194                                 text194       00000
__Htext195                                 text195       00000
__Htext196                                 text196       00000
__Htext197                                 text197       00000
__Htext198                                 text198       00000
__Htext199                                 text199       00000
__Htext2                                   text2         00000
__Htext20                                  text20        00000
__Htext200                                 text200       00000
__Htext201                                 text201       00000
__Htext202                                 text202       00000
__Htext203                                 text203       00000
__Htext204                                 text204       00000
__Htext205                                 text205       00000
__Htext206                                 text206       00000
__Htext207                                 text207       00000
__Htext208                                 text208       00000
__Htext209                                 text209       00000
__Htext21                                  text21        00000
__Htext210                                 text210       00000
__Htext211                                 text211       00000
__Htext212                                 text212       00000
__Htext213                                 text213       00000
__Htext214                                 text214       00000
__Htext215                                 text215       00000
__Htext216                                 text216       00000
__Htext217                                 text217       00000
__Htext218                                 text218       00000
__Htext219                                 text219       00000
__Htext22                                  text22        00000
__Htext221                                 text221       00000
__Htext23                                  text23        00000
__Htext24                                  text24        00000
__Htext25                                  text25        00000
__Htext26                                  text26        00000
__Htext27                                  text27        00000
__Htext28                                  text28        00000
__Htext29                                  text29        00000
__Htext3                                   text3         00000
__Htext30                                  text30        00000
__Htext31                                  text31        00000
__Htext32                                  text32        00000
__Htext33                                  text33        00000
__Htext34                                  text34        00000
__Htext35                                  text35        00000
__Htext36                                  text36        00000
__Htext37                                  text37        00000
__Htext38                                  text38        00000
__Htext39                                  text39        00000
__Htext4                                   text4         00000
__Htext40                                  text40        00000
__Htext41                                  text41        00000
__Htext42                                  text42        00000
__Htext43                                  text43        00000
__Htext44                                  text44        00000
__Htext45                                  text45        00000
__Htext46                                  text46        00000
__Htext47                                  text47        00000
__Htext48                                  text48        00000
__Htext49                                  text49        00000
__Htext5                                   text5         00000
__Htext50                                  text50        00000
__Htext51                                  text51        00000
__Htext52                                  text52        00000
__Htext53                                  text53        00000
__Htext54                                  text54        00000
__Htext55                                  text55        00000
__Htext56                                  text56        00000
__Htext57                                  text57        00000
__Htext58                                  text58        00000
__Htext59                                  text59        00000
__Htext6                                   text6         00000
__Htext60                                  text60        00000
__Htext61                                  text61        00000
__Htext62                                  text62        00000
__Htext63                                  text63        00000
__Htext64                                  text64        00000
__Htext65                                  text65        00000
__Htext66                                  text66        00000
__Htext67                                  text67        00000
__Htext68                                  text68        00000
__Htext69                                  text69        00000
__Htext7                                   text7         00000
__Htext70                                  text70        00000
__Htext71                                  text71        00000
__Htext72                                  text72        00000
__Htext73                                  text73        00000
__Htext74                                  text74        00000
__Htext75                                  text75        00000
__Htext76                                  text76        00000
__Htext77                                  text77        00000
__Htext78                                  text78        00000
__Htext79                                  text79        00000
__Htext8                                   text8         00000
__Htext80                                  text80        00000
__Htext81                                  text81        00000
__Htext82                                  text82        00000
__Htext83                                  text83        00000
__Htext84                                  text84        00000
__Htext85                                  text85        00000
__Htext86                                  text86        00000
__Htext87                                  text87        00000
__Htext88                                  text88        00000
__Htext89                                  text89        00000
__Htext9                                   text9         00000
__Htext90                                  text90        00000
__Htext91                                  text91        00000
__Htext92                                  text92        00000
__Htext93                                  text93        00000
__Htext94                                  text94        00000
__Htext95                                  text95        00000
__Htext96                                  text96        00000
__Htext97                                  text97        00000
__Htext98                                  text98        00000
__Htext99                                  text99        00000
__LRAM                                     (abs)         00001
__Labs1                                    abs1          00000
__Lbank0                                   bank0         00000
__Lbank1                                   bank1         00000
__Lbank10                                  bank10        00000
__Lbank11                                  bank11        00000
__Lbank12                                  bank12        00000
__Lbank13                                  bank13        00000
__Lbank14                                  bank14        00000
__Lbank15                                  bank15        00000
__Lbank2                                   bank2         00000
__Lbank3                                   bank3         00000
__Lbank4                                   bank4         00000
__Lbank5                                   bank5         00000
__Lbank6                                   bank6         00000
__Lbank7                                   bank7         00000
__Lbank8                                   bank8         00000
__Lbank9                                   bank9         00000
__Lbigbss                                  bigbss        00000
__Lbigdata                                 bigdata       00000
__Lbigram                                  bigram        00000
__Lbss                                     bss           00000
__LbssBANK0                                bssBANK0      00000
__LbssBANK2                                bssBANK2      00000
__LbssBANK3                                bssBANK3      00000
__LbssBANK4                                bssBANK4      00000
__LbssBANK5                                bssBANK5      00000
__LbssBANK6                                bssBANK6      00000
__LbssCOMRAM                               bssCOMRAM     00000
__Lcinit                                   cinit         00000
__Lclrtext                                 clrtext       00000
__Lcomram                                  comram        00000
__Lconfig                                  config        0FFF8
__Lconst                                   const         00000
__LcstackBANK0                             cstackBANK0   00000
__LcstackBANK1                             cstackBANK1   00000
__LcstackCOMRAM                            cstackCOMRAM  00000
__Ldata                                    data          00000
__LdataBANK0                               dataBANK0     00000
__LdataBANK2                               dataBANK2     00000
__Lfarbss                                  farbss        00000
__Lfardata                                 fardata       00000
__Libigdata                                ibigdata      00000
__Lidata                                   idata         00000
__LidataBANK0                              idataBANK0    00000
__LidataBANK2                              idataBANK2    00000
__Lidloc                                   idloc         00000
__Lifardata                                ifardata      00000
__Linit                                    init          00078
__Lintcode                                 intcode       00008
__Lintcode_body                            intcode_body  00000
__Lintcodelo                               intcodelo     00018
__Lintentry                                intentry      00000
__Lintret                                  intret        00000
__Lintsave_regs                            intsave_regs  00000
__Lirdata                                  irdata        00000
__Ljflash_buffer                           jflash_buffer 0F800
__Lmediumconst                             mediumconst   0ECB6
__LnvFARRAM                                nvFARRAM      00000
__Lnvbit                                   nvbit         00000
__Lnvrram                                  nvrram        00000
__Lparam                                   rparam        00000
[...]
		None
 Auto vars:     Size  Location     Type
		None
 Return value:  Size  Location     Type
                  1    wreg      void 
 Registers used:
		wreg, status,2, status,0
 Tracked objects:
		On entry : 
		On exit  : 
		Unchanged: 
 Data sizes:     COMRAM   BANK0   BANK1   BANK2   BANK3   BANK4   BANK5   BANK6   BANK7   BANK8   BANK9  BANK10  BANK11  BANK12  BANK13  BANK14  BANK15
      Params:         0       0       0       0       0       0       0       0       0       0       0       0       0       0       0       0       0
      Locals:         0       0       0       0       0       0       0       0       0       0       0       0       0       0       0       0       0
      Temps:          5       0       0       0       0       0       0       0       0       0       0       0       0       0       0       0       0
      Totals:         5       0       0       0       0       0       0       0       0       0       0       0       0       0       0       0       0
Total ram usage:        5 bytes
 Hardware stack levels used:    1
 Hardware stack levels required when called:    3
 This function calls:
		_sys_ticker_irq_hook
 This function is called by:
		Interrupt level 1
 This function uses a non-reentrant model


 *************** function _sys_ticker_irq_hook *****************
 Defined at:
		line 41 in file "src/soc/ticker.c"
 Parameters:    Size  Location     Type
		None
 Auto vars:     Size  Location     Type
		None
 Return value:  Size  Location     Type
                  1  [STACK] void 
 Registers used:
		wreg, status,2, status,0
 Tracked objects:
		On entry : 
		On exit  : 
		Unchanged: 
 Data sizes:     COMRAM   BANK0   BANK1   BANK2   BANK3   BANK4   BANK5   BANK6   BANK7   BANK8   BANK9  BANK10  BANK11  BANK12  BANK13  BANK14  BANK15
      Params:         0       0       0       0       0       0       0       0       0       0       0       0       0       0       0       0       0
      Locals:         0       0       0       0       0       0       0       0       0       0       0       0       0       0       0       0       0
      Temps:          0       0       0       0       0       0       0       0       0       0       0       0       0       0       0       0       0
      Totals:         0       0       0       0       0       0       0       0       0       0       0       0       0       0       0       0       0
Total ram usage:        0 bytes
 Hardware stack levels used:    1
 Hardware stack levels required when called:    2
 This function calls:
		Nothing
 This function is called by:
		_handler_interrupt_hight
		_handler_interrupt_low
 This function uses a reentrant model


 *************** function _handler_interrupt_hight *****************
 Defined at:
		line 9 in file "src/soc/int.c"
 Parameters:    Size  Location     Type
		None
 Auto vars:     Size  Location     Type
		None
 Return value:  Size  Location     Type
                  1    wreg      void 
 Registers used:
		wreg, status,2, status,0
 Tracked objects:
		On entry : 
		On exit  : 
		Unchanged: 
 Data sizes:     COMRAM   BANK0   BANK1   BANK2   BANK3   BANK4   BANK5   BANK6   BANK7   BANK8   BANK9  BANK10  BANK11  BANK12  BANK13  BANK14  BANK15
      Params:         0       0       0       0       0       0       0       0       0       0       0       0       0       0       0       0       0
      Locals:         0       0       0       0       0       0       0       0       0       0       0       0       0       0       0       0       0
      Temps:          2       0       0       0       0       0       0       0       0       0       0       0       0       0       0       0       0
      Totals:         2       0       0       0       0       0       0       0       0       0       0       0       0       0       0       0       0
Total ram usage:        2 bytes
 Hardware stack levels used:    1
 Hardware stack levels required when called:    1
 This function calls:
		_sys_ticker_irq_hook
 This function is called by:
		Interrupt level 2
 This function uses a non-reentrant model



MODULE INFORMATION

Module		Function		Class		Link	Load	Size
src/soc/rtc.c
		_rtc_init      		CODE           	85CA	0000	63
		_rtcc_reg_wr_disable		CODE           	8FC0	0000	13
		_rtc_set       		CODE           	6198	0000	173
		_rtcc_reg_wr_enable		CODE           	8FB4	0000	13

src/soc/rtc.c estimated size: 262

src/driver/i2c.c
		_iic_waite_ack 		CODE           	6594	0000	167
		_iic_send_ack  		CODE           	5D62	0000	187
		_iic_send_byte 		CODE           	571E	0000	209
		_iic_start     		CODE           	886C	0000	51
		_iic_received_byte		CODE           	663A	0000	163
		_iic_received_byte_if_ack		CODE           	8E6E	0000	23
		_iic_stop      		CODE           	88CE	0000	49

src/driver/i2c.c estimated size: 849

C:\Program Files (x86)\Microchip\xc8\v1.42\sources\common\flge.c
		___flge        		CODE           	360C	0000	401

C:\Program Files (x86)\Microchip\xc8\v1.42\sources\common\flge.c estimated size: 401

C:\Program Files (x86)\Microchip\xc8\v1.42\sources\common\lwdiv.c
		___lwdiv       		CODE           	7E8E	0000	83

C:\Program Files (x86)\Microchip\xc8\v1.42\sources\common\lwdiv.c estimated size: 83

C:\Program Files (x86)\Microchip\xc8\v1.42\sources\common\awdiv.c
		___awdiv       		CODE           	6C4A	0000	133

C:\Program Files (x86)\Microchip\xc8\v1.42\sources\common\awdiv.c estimated size: 133

C:\Program Files (x86)\Microchip\xc8\v1.42\sources\common\fltol.c
		___fltol       		CODE           	50D0	0000	243

C:\Program Files (x86)\Microchip\xc8\v1.42\sources\common\fltol.c estimated size: 243

C:\Program Files (x86)\Microchip\xc8\v1.42\sources\common\Umul32.c
		___lmul        		CODE           	7D3E	0000	87

C:\Program Files (x86)\Microchip\xc8\v1.42\sources\common\Umul32.c estimated size: 87

C:\Program Files (x86)\Microchip\xc8\v1.42\sources\common\sprcmul.c
		___flmul       		CODE           	1824	0000	849

C:\Program Files (x86)\Microchip\xc8\v1.42\sources\common\sprcmul.c estimated size: 849

C:\Program Files (x86)\Microchip\xc8\v1.42\sources\common\lldiv.c
		___lldiv       		CODE           	6CCE	0000	131

C:\Program Files (x86)\Microchip\xc8\v1.42\sources\common\lldiv.c estimated size: 131

C:\Program Files (x86)\Microchip\xc8\v1.42\sources\common\aldiv.c
		___aldiv       		CODE           	58BC	0000	205

C:\Program Files (x86)\Microchip\xc8\v1.42\sources\common\aldiv.c estimated size: 205

src/driver/key.c
		_key_polling   		CODE           	8608	0000	61

src/driver/key.c estimated size: 61

C:\Program Files (x86)\Microchip\xc8\v1.42\sources\common\sprcdiv.c
		___fldiv       		CODE           	1EC0	0000	829

C:\Program Files (x86)\Microchip\xc8\v1.42\sources\common\sprcdiv.c estimated size: 829

src/soc/clock.c
		_delay_us      		CODE           	89B6	0000	45
		_delay_ms      		CODE           	8D40	0000	31

src/soc/clock.c estimated size: 76

src/api/sample.c
		_sample_call_cal_in_soc		CODE           	8CA6	0000	35
		_sample_call_cal_pr		CODE           	8D04	0000	31
		_sample_all_power_off		CODE           	8F6C	0000	17
		___x_sample_fifo		CODE           	49CE	0000	267
		_sample_diff_pr_fliter		CODE           	7870	0000	99
		_sample_call_cal_diff_pr		CODE           	8D22	0000	31
		_sample_function_enable_fi_in_rtc		CODE           	57EE	0000	207
		_sample_variable_init		CODE           	8028	0000	83
		_sample_call_in_ticker		CODE           	816A	0000	79
		_sample_all_power_on		CODE           	8E56	0000	25
		_sample_in_soc_adc_ch		CODE           	42C6	0000	313
		_sample_diff_pr_chip_fast		CODE           	3924	0000	383
		___x_sample_fliter		CODE           	2CD4	0000	537
		_sample_pr_chip_fast		CODE           	4026	0000	337

src/api/sample.c estimated size: 2444

src/driver/m_flash.c
		_m_flash_unlock		CODE           	8E24	0000	27
		_m_flash_read  		CODE           	780A	0000	103
		_m_flash_erase 		CODE           	7DE8	0000	85
		_m_flash_write 		CODE           	539C	0000	235

src/driver/m_flash.c estimated size: 450

src/depend/crc16.c
		_crc_sum       		CODE           	73C4	0000	117
		_crc_append    		CODE           	82E6	0000	75
		_crc_verify    		CODE           	7ABC	0000	99

src/depend/crc16.c estimated size: 291

src/soc/soc.c
		_soc_init      		CODE           	8F3C	0000	17

src/soc/soc.c estimated size: 17

C:\Program Files (x86)\Microchip\xc8\v1.42\sources\common\xxtofl.c
		___xxtofl      		CODE           	4176	0000	337

C:\Program Files (x86)\Microchip\xc8\v1.42\sources\common\xxtofl.c estimated size: 337

C:\Program Files (x86)\Microchip\xc8\v1.42\sources\common\flneg.c
		___flneg       		CODE           	8988	0000	47

C:\Program Files (x86)\Microchip\xc8\v1.42\sources\common\flneg.c estimated size: 47

src/soc/ticker.c
		_sys_ticker_start		CODE           	8FD2	0000	7
		_sys_ticker_irq_hook		CODE           	8D5E	0000	31
		_sys_ticker_init		CODE           	8F5C	0000	17
		_sys_ticker_stop		CODE           	8FCC	0000	7
		_ticker_dly    		CODE           	8730	0000	55

src/soc/ticker.c estimated size: 117

C:\Program Files (x86)\Microchip\xc8\v1.42\sources\common\lbdiv.c
		___lbdiv       		CODE           	86BC	0000	59

C:\Program Files (x86)\Microchip\xc8\v1.42\sources\common\lbdiv.c estimated size: 59

src/driver/lcd.c
		_lcd_show_string_l0		CODE           	7996	0000	99
		_lcd_show_string_l1		CODE           	87D2	0000	55
		_lcd_disp_unit_2nd_m		CODE           	7F84	0000	83
		_lcd_bl_on     		CODE           	8F4C	0000	17
		_lcd_bl_off    		CODE           	8F8A	0000	15
		_lcd_disp_unit_temperature		CODE           	7EE0	0000	83
		_lcd_disp_unit_1st_m		CODE           	83FE	0000	69
		_lcd_show_string		CODE           	79F8	0000	99
		_lcd_disp_all  		CODE           	8C36	0000	39
		_lcd_disp_logo 		CODE           	8B76	0000	41
		_lcd_disp_refresh		CODE           	7A5A	0000	99
		_lcd_disp_chr_loc_0		CODE           	72DC	0000	117
		_lcd_disp_chr_loc_1		CODE           	7268	0000	117
		_lcd_disp_get_code		CODE           	8206	0000	77
		_lcd_disp_unit_2nd_m3		CODE           	75FA	0000	111
		_lcd_disp_chr_loc_2		CODE           	71F4	0000	117
		_lcd_disp_unit_mpa		CODE           	7F32	0000	83
		_lcd_disp_chr_loc_3		CODE           	7180	0000	117
		_lcd_disp_chr_loc_4		CODE           	710C	0000	117
		_lcd_disp_chr_loc_5		CODE           	7098	0000	117
		_lcd_disp_level		CODE           	858A	0000	65
		_lcd_disp_chr_loc_6		CODE           	7024	0000	117
		_lcd_disp_chr_loc_7		CODE           	6FB0	0000	117
		_lcd_disp_unit_1st_m3		CODE           	7FD6	0000	83
		_lcd_set_com_seg		CODE           	6BB6	0000	149
		_lcd_config    		CODE           	88FE	0000	47
		_lcd_show_dp   		CODE           	7BD8	0000	93
		_lcd_show_chr  		CODE           	6DD0	0000	129
		_lcd_disp_level_bar		CODE           	0BBE	0000	1125
		_lcd_disp_dp_loc_0		CODE           	8B4E	0000	41
		_lcd_disp_unit_t		CODE           	83BA	0000	69
		_lcd_disp_dp_loc_1		CODE           	8B26	0000	41
		_lcd_disp_dp_loc_2		CODE           	8AFE	0000	41
		_lcd_disp_dp_loc_4		CODE           	8AD6	0000	41
		_lcd_disp_dp_loc_5		CODE           	8AAE	0000	41
		_lcd_disp_dp_loc_6		CODE           	8A86	0000	41
		_lcd_init      		CODE           	8F7C	0000	15

src/driver/lcd.c estimated size: 3927

src/driver/ex_eeprom.c
		_at24c02_init  		CODE           	7438	0000	115
		_at24c02_read_n_byte		CODE           	379C	0000	393
		_at24c02_write_n_byte		CODE           	43FE	0000	313

src/driver/ex_eeprom.c estimated size: 821

C:\Program Files (x86)\Microchip\xc8\v1.42\sources\common\sprcadd.c
		___fladd       		CODE           	0716	0000	1193

C:\Program Files (x86)\Microchip\xc8\v1.42\sources\common\sprcadd.c estimated size: 1193

src/depend/m_string.c
		_m_mem_cpy     		CODE           	773C	0000	105
		_m_mem_set     		CODE           	8E08	0000	29
		_m_mem_cpy_len 		CODE           	8442	0000	69
		_m_int16_2_str_4		CODE           	4536	0000	307
		_m_str_cmp_len 		CODE           	8330	0000	71
		_m_int8_2_hex  		CODE           	7C8E	0000	89

src/depend/m_string.c estimated size: 670

shared
		_HexTable      		MEDIUMCONST    	EF0C	0000	18
		_LCDDigitalIndexTable		MEDIUMCONST    	EEB7	0000	44
		_LCDDigitalTable		MEDIUMCONST    	EEE2	0000	43
		_defultSystemData		MEDIUMCONST    	F245	0000	241
		_hKel          		MEDIUMCONST    	EF1D	0000	405
		_hKcy          		MEDIUMCONST    	F0B1	0000	405
		__initialization		CODE           	66DC	0000	151
		_auchCRCHi     		MEDIUMCONST    	EDB7	0000	257
		_auchCRCLo     		MEDIUMCONST    	ECB7	0000	257
		_flashTestbuf  		MEDIUMCONST    	F335	0000	66

shared estimated size: 1887

src/api/ui.c
		_ui_disp_menu  		CODE           	60EA	0000	175
		_ui_disp_menu_calib_pr_adj		CODE           	6244	0000	173
		_ui_disp_adj_xfixed_pt		CODE           	677C	0000	161
		_ui_disp_menu_home		CODE           	32D2	0000	427
		_ui_disp_clear_num_dp		CODE           	829C	0000	75
		_ui_disp_adj_xfloat_pt		CODE           	30E6	0000	493
		_ui_disp_menu_calib_diff_adj		CODE           	5B1A	0000	201
		_ui_disp_xfloat_pt		CODE           	4DE4	0000	251
		_ui_disp_menu_d_adj		CODE           	8BC4	0000	39
		_ui_disp_menu_h_adj		CODE           	7C34	0000	91
		___x_arrange_str		CODE           	811A	0000	81
		___int32_2_mflot32		CODE           	5486	0000	233
		_ui_disp_menu_density_adj		CODE           	8BEA	0000	39
		_ui_disp_menu_warn_t_adj		CODE           	51C2	0000	239
		_ui_disp_adj_xfixed_pt_dp		CODE           	62F0	0000	173
		___mflot32_2_int32		CODE           	6A88	0000	153
		_ui_disp_menu_warn_v_adj		CODE           	6446	0000	169
		_ui_disp_menu_bar_full_adj		CODE           	8A0C	0000	43
		_ui_disp_menu_pos_adj		CODE           	751A	0000	113
		_ui_disp_menu_psw_adj		CODE           	8B9E	0000	39
		_ui_disp_start_cs600		CODE           	6EC6	0000	119
		_ui_disp_menu_bzero_adj		CODE           	8C10	0000	39
		_ui_disp_menu_epr_calib_adj		CODE           	69EE	0000	155
		_ui_disp_menu_poly_c_adj		CODE           	80CA	0000	81
		_ui_disp_menu_work_mode_adj		CODE           	7B1E	0000	95
		_ui_disp_menu_epr_ilp_scale_adj		CODE           	68B8	0000	157
		_ui_disp_menu_pose_size		CODE           	89E2	0000	43

src/api/ui.c estimated size: 4057

C:\Program Files (x86)\Microchip\xc8\v1.42\sources\common\lwmod.c
		___lwmod       		CODE           	8486	0000	67

C:\Program Files (x86)\Microchip\xc8\v1.42\sources\common\lwmod.c estimated size: 67

C:\Program Files (x86)\Microchip\xc8\v1.42\sources\common\awmod.c
		___awmod       		CODE           	758A	0000	113

C:\Program Files (x86)\Microchip\xc8\v1.42\sources\common\awmod.c estimated size: 113

src/api/data.c
		_cal_diff_p_to_h		CODE           	4EDE	0000	251
		_calib_data_init_diff_pr		CODE           	4CE2	0000	259
		_data_sys_cal_v1		CODE           	2EEC	0000	507
		_data_sys_cal_v2		CODE           	3C12	0000	351
		_cal_diff_hight_to_vol_h		CODE           	2A5C	0000	633
		_m_interp1_float_fast		CODE           	1022	0000	1061
		_calib_data_set_default_pr		CODE           	3D70	0000	349
		_m_interp1_cal_p_t		CODE           	1B74	0000	845
		_m_interp1_cal_p_v		CODE           	1446	0000	991
		_cal_pt100_temperature_in		CODE           	8E98	0000	21
		_cal_additional_pressute		CODE           	8DEC	0000	29
		_cal_diff_press		CODE           	48B4	0000	283
		_data_init_all 		CODE           	8F98	0000	15
		_data_sys_init 		CODE           	3ECC	0000	347
		_cal_diff_hight_level		CODE           	24F8	0000	693
		_calib_data_set_default_diff_pr		CODE           	3AA2	0000	369
		_calib_data_init_pr		CODE           	4BE0	0000	259
		_cal_diff_hight_to_vol_v		CODE           	0080	0000	1687
		_cal_pt100_temperature_ex		CODE           	8E84	0000	21
		_cal_press     		CODE           	7350	0000	117

src/api/data.c estimated size: 9088

src/driver/in_adc.c
		_in_adc_start_and_read		CODE           	7B7C	0000	93
		_in_adc_init   		CODE           	8C82	0000	37

src/driver/in_adc.c estimated size: 130

C:\Program Files (x86)\Microchip\xc8\v1.42\sources\common\Umul16.c
		___wmul        		CODE           	8C5C	0000	39

C:\Program Files (x86)\Microchip\xc8\v1.42\sources\common\Umul16.c estimated size: 39

src/soc/int.c
		_handler_interrupt_low		CODE           	0018	0000	97
		_handler_interrupt_hight		CODE           	0008	0000	111

src/soc/int.c estimated size: 208

src/driver/ads1115.c
		_ads1115_init_all_chip		CODE           	86F6	0000	59
		_ads1115_init  		CODE           	6B20	0000	151
		_ads1115_read_reg		CODE           	347C	0000	401
		_ads1115_write_reg		CODE           	52B0	0000	237
		_ads1115_start_conversion		CODE           	8808	0000	51
		_ads1115_read_conversion		CODE           	81B8	0000	79
		_ads1115_set_pga		CODE           	8CC8	0000	31
		_ads1115_set_mux		CODE           	8CE6	0000	31

src/driver/ads1115.c estimated size: 1040

src/app/main.c
		_main          		CODE           	6E50	0000	119
		_event_process_time_out		CODE           	8FD8	0000	3
		_event_process_rtc		CODE           	8680	0000	61

src/app/main.c estimated size: 183

src/api/key_menu.c
		___up_base_zero_adj		CODE           	8F06	0000	19
		___enter_menu_poly_coeffic		CODE           	8376	0000	69
		_key_waite_release		CODE           	8252	0000	75
		___set_long_bar_level_scale		CODE           	850A	0000	65
		___set_short_poly_coefic		CODE           	74AA	0000	113
		___up_density_adj		CODE           	8EF4	0000	19
		_key_adj_value_float		CODE           	5E1C	0000	185
		___enter_menu_warn_value		CODE           	64EE	0000	167
		___down_pr_calib		CODE           	8D98	0000	29
		___down_home_adj		CODE           	8DB4	0000	29
		_key_process_set		CODE           	681C	0000	157
		___up_warn_type_adj		CODE           	8644	0000	61
		___up_pr_calib_adj		CODE           	892C	0000	47
		___sys_data_save_write_flash		CODE           	4FD8	0000	249
		___up_epr_calib_adj		CODE           	889E	0000	49
		___set_long_work_mode		CODE           	8D7C	0000	29
		___exit_menu_to_home_unsave		CODE           	84C8	0000	67
		___set_short_warn_type		CODE           	6D50	0000	129
		___up_home_adj 		CODE           	8A36	0000	41
		___enter_menu_set_d		CODE           	7934	0000	99
		___up_epr_ilp_scale_adj		CODE           	8EE2	0000	19
		___enter_menu_set_base_zero		CODE           	6F3C	0000	117
		___up_pose_size_adj		CODE           	77A4	0000	103
		___exp_10      		CODE           	7E3C	0000	83
		___enter_menu_set_h		CODE           	78D2	0000	99
		___enter_menu_set_pose_size		CODE           	879C	0000	55
		___set_short_pose_size		CODE           	4AD8	0000	265
		_key_process_set_up_long		CODE           	5BE2	0000	197
		___up_adj_bar_level_scale		CODE           	8F18	0000	19
		___set_short_warn_value		CODE           	5A52	0000	201
		___up_diff_calib_adj		CODE           	895A	0000	47
		___enter_menu_calib_press		CODE           	556E	0000	217
		___enter_menu_bar_scale		CODE           	8766	0000	55
		___enter_menu_epr_calib		CODE           	6954	0000	155
		___set_short_epr_ilp_scale		CODE           	5F8C	0000	177
		___up_warn_value_adj		CODE           	8EAC	0000	19
		___enter_menu_work_mode		CODE           	8F2A	0000	19
		___up_poly_coefic_adj		CODE           	8ED0	0000	19
		_key_adj_value_fixed		CODE           	5988	0000	203
		_key_process   		CODE           	5CA6	0000	189
		___set_long_base_zero		CODE           	7CE6	0000	89
		_key_shift_loc 		CODE           	854A	0000	65
		___set_long_density		CODE           	807A	0000	81
		___up_adj_work_mode		CODE           	883A	0000	51
		___enter_menu_calib_press_diff		CODE           	5646	0000	217
		___down_dpr_calib		CODE           	8DD0	0000	29
		___enter_menu_password		CODE           	8E3E	0000	25
		___down_pose_size		CODE           	8A5E	0000	41
		_key_process_down		CODE           	4798	0000	285
		___enter_menu_epr_ilp_scale		CODE           	639C	0000	171
		_key_process_set_long		CODE           	5ED4	0000	185
		___up_psw_adj  		CODE           	8EBE	0000	19
		___enter_menu_warn_type		CODE           	7D94	0000	85
		___set_short_epr_param		CODE           	4668	0000	305
		___set_short_pr_calib		CODE           	27AC	0000	689
		_key_process_up		CODE           	603C	0000	175
		___enter_menu_set_density		CODE           	7668	0000	107
		___set_short_diff_calib		CODE           	21FC	0000	765

src/api/key_menu.c estimated size: 7340

