Microchip MPLAB XC8 Compiler V1.41 ()

Linker command line:

-W-3 --edf=C:\Program Files (x86)\Microchip\xc8\v1.41\dat\en_msgs.txt -cs \
  -h+dist/default/debug\cs600-redo.X.debug.sym \
  --cmf=dist/default/debug\cs600-redo.X.debug.cmf -z -Q18F86J93 \
  -oC:\Users\ADMINI~1\AppData\Local\Temp\s183c.2 \
  -Mdist/default/debug/cs600-redo.X.debug.map -E1 -ver=XC8 --acfsm=1493 \
  -ASTACK=0600h-0f53h -pstack=STACK -ACODE=00h-0F3FFh -ACONST=00h-0F3FFh \
  -ASMALLCONST=01000h-010FFhx228 -AMEDIUMCONST=01000h-0F3FFh \
  -ACOMRAM=01h-05Fh -AABS1=00h-0F53h -ABIGRAM=01h-0F53h \
  -ARAM=060h-0FFh,0100h-01FFhx14,0F00h-0F53h -ABANK0=060h-0FFh \
  -ABANK1=0100h-01FFh -ABANK2=0200h-02FFh -ABANK3=0300h-03FFh \
  -ABANK4=0400h-04FFh -ABANK5=0500h-05FFh -ABANK6=0600h-06FFh \
  -ABANK7=0700h-07FFh -ABANK8=0800h-08FFh -ABANK9=0900h-09FFh \
  -ABANK10=0A00h-0AFFh -ABANK11=0B00h-0BFFh -ABANK12=0C00h-0CFFh \
  -ABANK13=0D00h-0DFFh -ABANK14=0E00h-0EFFh -ABANK15=0F00h-0F53h \
  -ASFR=0F54h-0F5Fh,0F60h-0FFCh \
  -preset_vec=00h,intcode=08h,intcodelo=018h,powerup,init -pramtop=01000h \
  -psmallconst=SMALLCONST -pmediumconst=MEDIUMCONST -pconst=CONST \
  -AFARRAM=00h-00h -ACONFIG=0FFF8h-0FFFFh -pconfig=CONFIG \
  -pjflash_buffer=0F800h \
  -prdata=COMRAM,nvrram=COMRAM,nvbit=COMRAM,rbss=COMRAM,rbit=COMRAM \
  -pfarbss=FARRAM,fardata=FARRAM,nvFARRAM=FARRAM \
  -pintsave_regs=BIGRAM,bigbss=BIGRAM,bigdata=BIGRAM -pbss=RAM \
  -pidata=CODE,irdata=CODE,ibigdata=CODE,ifardata=CODE -prparam=COMRAM \
  C:\Users\ADMINI~1\AppData\Local\Temp\s183c.obj \
  dist/default/debug\cs600-redo.X.debug.obj 

Object code version is 3.11

Machine type is 18F86J93

Call graph: (short form)




                Name                               Link     Load   Length Selector   Space Scale
C:\Users\ADMINI~1\AppData\Local\Temp\s183c.obj
                stack                               600      600      954      600       2
                init                                 7C       7C        8        C       0
                reset_vec                             0        0        6        0       0
                config                             FFF8     FFF8        6     FFF8       0
dist/default/debug\cs600-redo.X.debug.obj
                intcodelo                            18       18       64        C       0
                intcode                               8        8        4        4       0
                temp                                 46       46        C        1       1
                mediumconst                        ED1C     ED1C      6E4     768E       0
                intcode_body                       724A     724A       6E        C       0
                text217                            8D5C     8D5C        2     4694       0
                text216                            8B36     8B36       1E        C       0
                text214                            64C2     64C2       96        C       0
                text213                            8588     8588       3A        C       0
                text212                            708A     708A       72        C       0
                text211                            7B42     7B42       5A        C       0
                text210                            80F4     80F4       4A        C       0
                text209                            8BD8     8BD8       16        C       0
                text208                            8512     8512       3C        C       0
                text207                            79D2     79D2       5E        C       0
                text206                            7914     7914       60        C       0
                text205                            845C     845C       3E        C       0
                text204                            3852     3852      188        C       0
                text203                            537C     537C       EC        C       0
                text202                            8A34     8A34       26        C       0
                text201                            39DA     39DA      170        C       0
                text200                            7016     7016       74        C       0
                text199                            80AA     80AA       4A        C       0
                text198                            8254     8254       44        C       0
                text197                            78B2     78B2       62        C       0
                text196                            49EC     49EC      102        C       0
                text195                            3CA8     3CA8      15C        C       0
                text194                            48EA     48EA      102        C       0
                text193                            1F26     1F26      33C        C       0
                text192                            188A     188A      350        C       0
                text191                            4ED6     4ED6       F2        C       0
                text190                            40A4     40A4      150        C       0
                text189                            2F86     2F86      1FA        C       0
                text188                            3B4A     3B4A      15E        C       0
                text187                            8BA6     8BA6       1A        C       0
                text186                            7CF4     7CF4       54        C       0
                text185                            759C     759C       66        C       0
                text184                            5468     5468       EA        C       0
                text183                            3F54     3F54      150        C       0
                text182                            8D0C     8D0C        E        C       0
                text181                            8CC4     8CC4       10        C       0
                text180                            8BC0     8BC0       18        C       0
                text179                            109E     109E      40E        C       0
                text178                            36C2     36C2      190        C       0
                text177                            8762     8762       2E        C       0
                text176                             C7A      C7A      424        C       0
                text175                            2836     2836      2B4        C       0
                text174                              84       84      792        C       0
                text173                            50B6     50B6       EE        C       0
                text172                            5722     5722       CC        C       0
                text171                            7C4A     7C4A       56        C       0
                text170                            1BDA     1BDA      34C        C       0
                text169                            14AC     14AC      3DE        C       0
                text168                            8B70     8B70       1C        C       0
                text167                            46C0     46C0      120        C       0
                text166                            2AEA     2AEA      298        C       0
                text165                            8B18     8B18       1E        C       0
                text164                            2D82     2D82      204        C       0
                text163                            8A7E     8A7E       22        C       0
                text162                            6FA2     6FA2       74        C       0
                text161                            2572     2572      2C4        C       0
                text160                            8AFA     8AFA       1E        C       0
                text159                            7CA0     7CA0       54        C       0
                text158                            597E     597E       BE        C       0
                text157                            7EE2     7EE2       50        C       0
                text156                            7850     7850       62        C       0
                text155                            682A     682A       84        C       0
                text154                            716C     716C       70        C       0
                text153                            4462     4462      132        C       0
                text152                            7468     7468       68        C       0
                text151                            65EC     65EC       94        C       0
                text150                            8928     8928       28        C       0
                text149                            8900     8900       28        C       0
                text148                            88D8     88D8       28        C       0
                text147                            88B0     88B0       28        C       0
                text146                            8888     8888       28        C       0
                text145                            8860     8860       28        C       0
                text144                            7A8C     7A8C       5C        C       0
                text143                            6F2E     6F2E       74        C       0
                text142                            6EBA     6EBA       74        C       0
                text141                            6E46     6E46       74        C       0
                text140                            6DD2     6DD2       74        C       0
                text139                            6D5E     6D5E       74        C       0
                text138                            6CEA     6CEA       74        C       0
                text137                            6C76     6C76       74        C       0
                text136                            6C02     6C02       74        C       0
                text135                            7FCA     7FCA       4C        C       0
                text134                            6930     6930       80        C       0
                text133                            77EE     77EE       62        C       0
                text132                            8060     8060       4A        C       0
                text131                            5F20     5F20       AC        C       0
                text130                            8ADC     8ADC       1E        C       0
                text129                            8A0E     8A0E       26        C       0
                text128                            8838     8838       28        C       0
                text127                            3180     3180      1EC        C       0
                text126                            89E8     89E8       26        C       0
                text125                            854E     854E       3A        C       0
                text124                            73FC     73FC       6C        C       0
                text123                            7536     7536       66        C       0
                text122                            89C2     89C2       26        C       0
                text121                            7390     7390       6C        C       0
                text120                            7324     7324       6C        C       0
                text119                            68AE     68AE       82        C       0
                text118                            563A     563A       E8        C       0
                text117                            2262     2262      310        C       0
                text116                             816      816      464        C       0
                text115                            83DE     83DE       40        C       0
                text114                            8210     8210       44        C       0
                text113                            7E90     7E90       52        C       0
                text112                            7E3E     7E3E       52        C       0
                text111                            778C     778C       62        C       0
                text110                            8668     8668       36        C       0
                text109                            4CE6     4CE6       FA        C       0
                text108                            679C     679C       8E        C       0
                text107                            7DEC     7DEC       52        C       0
                text106                            670E     670E       8E        C       0
                text105                            81CC     81CC       44        C       0
                text104                            6680     6680       8E        C       0
                text103                            87E6     87E6       2A        C       0
                text102                            611A     611A       A0        C       0
                text101                            7F7E     7F7E       4C        C       0
                text100                            899C     899C       26        C       0
                text99                             7AE8     7AE8       5A        C       0
                text98                             70FC     70FC       70        C       0
                text97                             87BC     87BC       2A        C       0
                text96                             8976     8976       26        C       0
                text95                             4FC8     4FC8       EE        C       0
                text94                             7D9A     7D9A       52        C       0
                text93                             5552     5552       E8        C       0
                text92                             7974     7974       5E        C       0
                text91                             5D16     5D16       B0        C       0
                text90                             869E     869E       34        C       0
                text89                             47E0     47E0      10A        C       0
                text88                             3532     3532      190        C       0
                text87                             831C     831C       42        C       0
                text86                             8ABE     8ABE       1E        C       0
                text85                             5290     5290       EC        C       0
                text84                             8950     8950       26        C       0
                text83                             336C     336C      1C6        C       0
                text82                             772A     772A       62        C       0
                text81                             432C     432C      136        C       0
                text80                             8A5A     8A5A       24        C       0
                text79                             8790     8790       2C        C       0
                text78                             7A30     7A30       5C        C       0
                text77                             41F4     41F4      138        C       0
                text76                             3E04     3E04      150        C       0
                text75                             7F32     7F32       4C        C       0
                text74                             8D40     8D40        C     4694       0
                text73                             8D5A     8D5A        2     4694       0
                text72                             839E     839E       40        C       0
                text71                             8810     8810       28        C       0
                text70                             71DC     71DC       6E        C       0
                text69                             8B8C     8B8C       1A        C       0
                text68                             813E     813E       48        C       0
                text67                             8CFE     8CFE        E        C       0
                text66                             6B18     6B18       76        C       0
                text65                             6394     6394       98        C       0
                text64                             51A4     51A4       EC        C       0
                text63                             4BEA     4BEA       FC        C       0
                text62                             5BAE     5BAE       B8        C       0
                text61                             4AEE     4AEE       FC        C       0
                text60                             8186     8186       46        C       0
                text59                             6558     6558       94        C       0
                text58                             76C8     76C8       62        C       0
                text57                             7666     7666       62        C       0
                text56                             85FA     85FA       38        C       0
                text55                             4594     4594      12C        C       0
                text54                             8CF0     8CF0        E        C       0
                text53                             7BF4     7BF4       56        C       0
                text52                             6076     6076       A4        C       0
                text51                             4DE0     4DE0       F6        C       0
                text50                             62F6     62F6       9E        C       0
                text49                             85C2     85C2       38        C       0
                text48                             6258     6258       9E        C       0
                text47                             61BA     61BA       9E        C       0
                text46                             5FCC     5FCC       AA        C       0
                text45                             6AA2     6AA2       76        C       0
                text44                             72B8     72B8       6C        C       0
                text43                             8BEE     8BEE       14        C       0
                text42                             58B8     58B8       C6        C       0
                text41                             7602     7602       64        C       0
                text40                             69B0     69B0       7C        C       0
                text39                             6B8E     6B8E       74        C       0
                text38                             8B54     8B54       1C        C       0
                text37                             5A3C     5A3C       BA        C       0
                text36                             7D48     7D48       52        C       0
                text35                             82DA     82DA       42        C       0
                text34                             57EE     57EE       CA        C       0
                text33                             8C92     8C92       12        C       0
                text32                             86D2     86D2       32        C       0
                text31                             5AF6     5AF6       B8        C       0
                text30                             8C80     8C80       12        C       0
                text29                             8C6E     8C6E       12        C       0
                text28                             8C5C     8C5C       12        C       0
                text27                             8C4A     8C4A       12        C       0
                text26                             8298     8298       42        C       0
                text25                             8CE2     8CE2        E        C       0
                text24                             8C38     8C38       12        C       0
                text23                             74D0     74D0       66        C       0
                text22                             8C26     8C26       12        C       0
                text21                             8C14     8C14       12        C       0
                text20                             84D6     84D6       3C        C       0
                text19                             8C02     8C02       12        C       0
                text18                             5C66     5C66       B0        C       0
                text17                             8AA0     8AA0       1E        C       0
                text16                             849A     849A       3C        C       0
                text15                             8016     8016       4A        C       0
                text14                             642C     642C       96        C       0
                text13                             835E     835E       40        C       0
                text12                             8D4C     8D4C        A     4694       0
                text11                             8734     8734       2E        C       0
                text10                             8CD4     8CD4        E        C       0
                text9                              8D34     8D34        C     4694       0
                text8                              8D28     8D28        C     4694       0
                text7                              5E74     5E74       AC        C       0
                text6                              841E     841E       3E        C       0
                text5                              8CB4     8CB4       10        C       0
                text4                              8CA4     8CA4       10        C       0
                text3                              7B9C     7B9C       58        C       0
                text2                              8632     8632       36        C       0
                text1                              6A2C     6A2C       76        C       0
                text0                              8704     8704       30        C       0
                cstackCOMRAM                          1        1       45        1       1
                cstackBANK0                          60       60       60       60       1
                cstackBANK2                         2C2      2C2       19      200       1
                bssBANK5                            500      500      100      500       1
                bssBANK4                            400      400      100      400       1
                bssBANK3                            300      300       A2      300       1
                bssBANK2                            200      200       C2      200       1
                dataBANK1                           1F0      1F0        D      100       1
                bssBANK1                            100      100       F0      100       1
                dataBANK0                            FA       FA        4       60       1
                bssBANK0                             C0       C0       3A       60       1
                bssCOMRAM                            52       52        7        1       1
                cinit                              5DC6     5DC6       AE        C       0
                idataBANK1                         8D1A     8D1A        D        C       0
                idataBANK0                         8D56     8D56        4     4694       0

TOTAL           Name                               Link     Load   Length     Space
        CLASS   STACK          
                stack                               600      600      954         2

        CLASS   CODE           
                intcodelo                            18       18       64         0
                intcode                               8        8        4         0
                init                                 7C       7C        8         0
                reset_vec                             0        0        6         0
                intcode_body                       724A     724A       6E         0
                text217                            8D5C     8D5C        2         0
                text216                            8B36     8B36       1E         0
                text214                            64C2     64C2       96         0
                text213                            8588     8588       3A         0
                text212                            708A     708A       72         0
                text211                            7B42     7B42       5A         0
                text210                            80F4     80F4       4A         0
                text209                            8BD8     8BD8       16         0
                text208                            8512     8512       3C         0
                text207                            79D2     79D2       5E         0
                text206                            7914     7914       60         0
                text205                            845C     845C       3E         0
                text204                            3852     3852      188         0
                text203                            537C     537C       EC         0
                text202                            8A34     8A34       26         0
                text201                            39DA     39DA      170         0
                text200                            7016     7016       74         0
                text199                            80AA     80AA       4A         0
                text198                            8254     8254       44         0
                text197                            78B2     78B2       62         0
                text196                            49EC     49EC      102         0
                text195                            3CA8     3CA8      15C         0
                text194                            48EA     48EA      102         0
                text193                            1F26     1F26      33C         0
                text192                            188A     188A      350         0
                text191                            4ED6     4ED6       F2         0
                text190                            40A4     40A4      150         0
                text189                            2F86     2F86      1FA         0
                text188                            3B4A     3B4A      15E         0
                text187                            8BA6     8BA6       1A         0
                text186                            7CF4     7CF4       54         0
                text185                            759C     759C       66         0
                text184                            5468     5468       EA         0
                text183                            3F54     3F54      150         0
                text182                            8D0C     8D0C        E         0
                text181                            8CC4     8CC4       10         0
                text180                            8BC0     8BC0       18         0
                text179                            109E     109E      40E         0
                text178                            36C2     36C2      190         0
                text177                            8762     8762       2E         0
                text176                             C7A      C7A      424         0
                text175                            2836     2836      2B4         0
                text174                              84       84      792         0
                text173                            50B6     50B6       EE         0
                text172                            5722     5722       CC         0
                text171                            7C4A     7C4A       56         0
                text170                            1BDA     1BDA      34C         0
                text169                            14AC     14AC      3DE         0
                text168                            8B70     8B70       1C         0
                text167                            46C0     46C0      120         0
                text166                            2AEA     2AEA      298         0
                text165                            8B18     8B18       1E         0
                text164                            2D82     2D82      204         0
                text163                            8A7E     8A7E       22         0
                text162                            6FA2     6FA2       74         0
                text161                            2572     2572      2C4         0
                text160                            8AFA     8AFA       1E         0
                text159                            7CA0     7CA0       54         0
                text158                            597E     597E       BE         0
                text157                            7EE2     7EE2       50         0
                text156                            7850     7850       62         0
                text155                            682A     682A       84         0
                text154                            716C     716C       70         0
                text153                            4462     4462      132         0
                text152                            7468     7468       68         0
                text151                            65EC     65EC       94         0
                text150                            8928     8928       28         0
                text149                            8900     8900       28         0
                text148                            88D8     88D8       28         0
                text147                            88B0     88B0       28         0
                text146                            8888     8888       28         0
                text145                            8860     8860       28         0
                text144                            7A8C     7A8C       5C         0
                text143                            6F2E     6F2E       74         0
                text142                            6EBA     6EBA       74         0
                text141                            6E46     6E46       74         0
                text140                            6DD2     6DD2       74         0
                text139                            6D5E     6D5E       74         0
                text138                            6CEA     6CEA       74         0
                text137                            6C76     6C76       74         0
                text136                            6C02     6C02       74         0
                text135                            7FCA     7FCA       4C         0
                text134                            6930     6930       80         0
                text133                            77EE     77EE       62         0
                text132                            8060     8060       4A         0
                text131                            5F20     5F20       AC         0
                text130                            8ADC     8ADC       1E         0
                text129                            8A0E     8A0E       26         0
                text128                            8838     8838       28         0
                text127                            3180     3180      1EC         0
                text126                            89E8     89E8       26         0
                text125                            854E     854E       3A         0
                text124                            73FC     73FC       6C         0
                text123                            7536     7536       66         0
                text122                            89C2     89C2       26         0
                text121                            7390     7390       6C         0
                text120                            7324     7324       6C         0
                text119                            68AE     68AE       82         0
                text118                            563A     563A       E8         0
                text117                            2262     2262      310         0
                text116                             816      816      464         0
                text115                            83DE     83DE       40         0
                text114                            8210     8210       44         0
                text113                            7E90     7E90       52         0
                text112                            7E3E     7E3E       52         0
                text111                            778C     778C       62         0
                text110                            8668     8668       36         0
                text109                            4CE6     4CE6       FA         0
                text108                            679C     679C       8E         0
                text107                            7DEC     7DEC       52         0
                text106                            670E     670E       8E         0
                text105                            81CC     81CC       44         0
                text104                            6680     6680       8E         0
                text103                            87E6     87E6       2A         0
                text102                            611A     611A       A0         0
                text101                            7F7E     7F7E       4C         0
                text100                            899C     899C       26         0
                text99                             7AE8     7AE8       5A         0
                text98                             70FC     70FC       70         0
                text97                             87BC     87BC       2A         0
                text96                             8976     8976       26         0
                text95                             4FC8     4FC8       EE         0
                text94                             7D9A     7D9A       52         0
                text93                             5552     5552       E8         0
                text92                             7974     7974       5E         0
                text91                             5D16     5D16       B0         0
                text90                             869E     869E       34         0
                text89                             47E0     47E0      10A         0
                text88                             3532     3532      190         0
                text87                             831C     831C       42         0
                text86                             8ABE     8ABE       1E         0
                text85                             5290     5290       EC         0
                text84                             8950     8950       26         0
                text83                             336C     336C      1C6         0
                text82                             772A     772A       62         0
                text81                             432C     432C      136         0
                text80                             8A5A     8A5A       24         0
                text79                             8790     8790       2C         0
                text78                             7A30     7A30       5C         0
                text77                             41F4     41F4      138         0
                text76                             3E04     3E04      150         0
                text75                             7F32     7F32       4C         0
                text74                             8D40     8D40        C         0
                text73                             8D5A     8D5A        2         0
                text72                             839E     839E       40         0
                text71                             8810     8810       28         0
                text70                             71DC     71DC       6E         0
                text69                             8B8C     8B8C       1A         0
                text68                             813E     813E       48         0
                text67                             8CFE     8CFE        E         0
                text66                             6B18     6B18       76         0
                text65                             6394     6394       98         0
                text64                             51A4     51A4       EC         0
                text63                             4BEA     4BEA       FC         0
                text62                             5BAE     5BAE       B8         0
                text61                             4AEE     4AEE       FC         0
                text60                             8186     8186       46         0
                text59                             6558     6558       94         0
                text58                             76C8     76C8       62         0
                text57                             7666     7666       62         0
                text56                             85FA     85FA       38         0
                text55                             4594     4594      12C         0
                text54                             8CF0     8CF0        E         0
                text53                             7BF4     7BF4       56         0
                text52                             6076     6076       A4         0
                text51                             4DE0     4DE0       F6         0
                text50                             62F6     62F6       9E         0
                text49                             85C2     85C2       38         0
                text48                             6258     6258       9E         0
                text47                             61BA     61BA       9E         0
                text46                             5FCC     5FCC       AA         0
                text45                             6AA2     6AA2       76         0
                text44                             72B8     72B8       6C         0
                text43                             8BEE     8BEE       14         0
                text42                             58B8     58B8       C6         0
                text41                             7602     7602       64         0
                text40                             69B0     69B0       7C         0
                text39                             6B8E     6B8E       74         0
                text38                             8B54     8B54       1C         0
                text37                             5A3C     5A3C       BA         0
                text36                             7D48     7D48       52         0
                text35                             82DA     82DA       42         0
                text34                             57EE     57EE       CA         0
                text33                             8C92     8C92       12         0
                text32                             86D2     86D2       32         0
                text31                             5AF6     5AF6       B8         0
                text30                             8C80     8C80       12         0
                text29                             8C6E     8C6E       12         0
                text28                             8C5C     8C5C       12         0
                text27                             8C4A     8C4A       12         0
                text26                             8298     8298       42         0
                text25                             8CE2     8CE2        E         0
                text24                             8C38     8C38       12         0
                text23                             74D0     74D0       66         0
                text22                             8C26     8C26       12         0
                text21                             8C14     8C14       12         0
                text20                             84D6     84D6       3C         0
                text19                             8C02     8C02       12         0
                text18                             5C66     5C66       B0         0
                text17                             8AA0     8AA0       1E         0
                text16                             849A     849A       3C         0
                text15                             8016     8016       4A         0
                text14                             642C     642C       96         0
                text13                             835E     835E       40         0
                text12                             8D4C     8D4C        A         0
                text11                             8734     8734       2E         0
                text10                             8CD4     8CD4        E         0
                text9                              8D34     8D34        C         0
                text8                              8D28     8D28        C         0
                text7                              5E74     5E74       AC         0
                text6                              841E     841E       3E         0
                text5                              8CB4     8CB4       10         0
                text4                              8CA4     8CA4       10         0
                text3                              7B9C     7B9C       58         0
                text2                              8632     8632       36         0
                text1                              6A2C     6A2C       76         0
                text0                              8704     8704       30         0
                cinit                              5DC6     5DC6       AE         0
                idataBANK1                         8D1A     8D1A        D         0
                idataBANK0                         8D56     8D56        4         0

        CLASS   CONST          

        CLASS   SMALLCONST     

        CLASS   MEDIUMCONST    
                mediumconst                        ED1C     ED1C      6E4         0

        CLASS   COMRAM         
                temp                                 46       46        C         1
                cstackCOMRAM                          1        1       45         1
                bssCOMRAM                            52       52        7         1

        CLASS   ABS1           

        CLASS   BIGRAM         

        CLASS   RAM            

        CLASS   BANK0          
                cstackBANK0                          60       60       60         1
                dataBANK0                            FA       FA        4         1
                bssBANK0                             C0       C0       3A         1

        CLASS   BANK1          
                dataBANK1                           1F0      1F0        D         1
                bssBANK1                            100      100       F0         1

        CLASS   BANK2          
                cstackBANK2                         2C2      2C2       19         1
                bssBANK2                            200      200       C2         1

        CLASS   BANK3          
                bssBANK3                            300      300       A2         1

        CLASS   BANK4          
                bssBANK4                            400      400      100         1

        CLASS   BANK5          
                bssBANK5                            500      500      100         1

        CLASS   BANK6          

        CLASS   BANK7          

        CLASS   BANK8          

        CLASS   BANK9          

        CLASS   BANK10         

        CLASS   BANK11         

        CLASS   BANK12         

        CLASS   BANK13         

        CLASS   BANK14         

        CLASS   BANK15         

        CLASS   SFR            

        CLASS   FARRAM         

        CLASS   CONFIG         
                config                             FFF8     FFF8        6         0

        CLASS   IDLOC          



SEGMENTS        Name                           Load    Length   Top    Selector   Space  Class

                reset_vec                      000000  000006  000006         0       0  CODE    
                cstackCOMRAM                   000001  000058  000059         1       1  COMRAM  
                intcode                        000008  000004  00000C         4       0  CODE    
                intcodelo                      000018  008D0F  008D27         C       0  CODE    
                cstackBANK0                    000060  00009E  0000FE        60       1  BANK0   
                bssBANK1                       000100  0000FD  0001FD       100       1  BANK1   
                bssBANK2                       000200  0000DB  0002DB       200       1  BANK2   
                bssBANK3                       000300  0000A2  0003A2       300       1  BANK3   
                bssBANK4                       000400  000100  000500       400       1  BANK4   
                bssBANK5                       000500  000100  000600       500       1  BANK5   
                stack                          000600  000954  000F54       600       2  STACK   
                text8                          008D28  000036  008D5E      4694       0  CODE    
                mediumconst                    00ED1C  0006E4  00F400      768E       0  MEDIUMCO
                config                         00FFF8  000006  00FFFE      FFF8       0  CONFIG  


UNUSED ADDRESS RANGES

        Name                Unused          Largest block    Delta
        BANK0            000FE-000FF               2
        BANK1            001FD-001FF               3
        BANK10           00A00-00AFF             100
        BANK11           00B00-00BFF             100
        BANK12           00C00-00CFF             100
        BANK13           00D00-00DFF             100
        BANK14           00E00-00EFF             100
        BANK15           00F00-00F53              54
        BANK2            002DB-002FF              25
        BANK3            003A2-003FF              5E
        BANK6            00600-006FF             100
        BANK7            00700-007FF             100
        BANK8            00800-008FF             100
        BANK9            00900-009FF             100
        BIGRAM           00059-0005F               7
                         000FE-000FF               2
                         001FD-001FF               3
                         002DB-002FF              25
                         003A2-003FF              5E
                         00600-00F53             954
        CODE             00006-00007               2
                         0000C-00017               C
                         08D27-08D27               1
                         08D5E-0ED1B            5FBE
        COMRAM           00059-0005F               7
        CONFIG           0FFFE-0FFFF               2
        CONST            00006-00007               2
                         0000C-00017               C
                         08D27-08D27               1
                         08D5E-0ED1B            5FBE
        MEDIUMCONST      08D27-08D27               1
                         08D5E-0ED1B            5FBE
        RAM              000FE-000FF               2
                         001FD-001FF               3
                         002DB-002FF              25
                         003A2-003FF              5E
                         00600-00F53             100
        SFR              00F54-00FFC               C
        SMALLCONST       08D27-08D27               1
                         08D5E-0ED1B             100

                                  Symbol Table

?___aldiv                                  cstackCOMRAM  00014
?___awdiv                                  cstackCOMRAM  00008
?___awmod                                  cstackCOMRAM  00008
?___exp_10                                 cstackCOMRAM  00008
?___fladd                                  cstackBANK0   0006D
?___fldiv                                  cstackCOMRAM  0002F
?___flmul                                  cstackCOMRAM  00016
?___flneg                                  cstackCOMRAM  0003B
?___fltol                                  cstackBANK0   0007D
?___int32_2_mflot32                        cstackCOMRAM  00015
?___lldiv                                  cstackCOMRAM  00008
?___lmul                                   cstackCOMRAM  00008
?___lwdiv                                  cstackCOMRAM  0000B
?___lwmod                                  cstackCOMRAM  00012
?___mflot32_2_int32                        cstackCOMRAM  00014
?___wmul                                   cstackCOMRAM  0000B
?___x_sample_fifo                          cstackCOMRAM  00022
?___x_sample_fliter                        cstackCOMRAM  00022
?___xxtofl                                 cstackCOMRAM  00008
?_ads1115_read_conversion                  cstackCOMRAM  00012
?_ads1115_read_reg                         cstackCOMRAM  0000C
?_cal_diff_hight_to_vol_h                  cstackBANK0   000AB
?_cal_diff_hight_to_vol_v                  cstackBANK0   000AB
?_crc_sum                                  cstackCOMRAM  00008
?_data_sys_cal_v1                          cstackBANK0   00085
?_data_sys_cal_v2                          cstackBANK0   00085
?_in_adc_start_and_read                    cstackCOMRAM  0000C
?_key_waite_release                        cstackCOMRAM  00010
?_m_interp1_float_fast                     cstackBANK0   00089
_ADCON0bits                                (abs)         00FC2
_ADCON1                                    (abs)         00FC1
_ADCON2bits                                (abs)         00FC0
_ADRESH                                    (abs)         00FC4
_ADRESL                                    (abs)         00FC3
_ALRMCFGbits                               (abs)         00F5B
_ALRMRPT                                   (abs)         00F5A
_EECON1bits                                (abs)         00FA6
_FSR0H                                     (abs)         00FEA
_FSR0L                                     (abs)         00FE9
_HexTable                                  mediumconst   0EF6E
_INTCON                                    (abs)         00FF2
_INTCON2bits                               (abs)         00FF1
_INTCONbits                                (abs)         00FF2
_IPR1bits                                  (abs)         00F9F
_IPR3bits                                  (abs)         00FA5
_LATB                                      (abs)         00F8A
_LATC                                      (abs)         00F8B
_LATG                                      (abs)         00F8F
_LCDCON                                    (abs)         00FA8
_LCDDATA0                                  (abs)         00FBB
_LCDDATA1                                  (abs)         00FBC
_LCDDATA10                                 (abs)         00F70
_LCDDATA11                                 (abs)         00F71
_LCDDATA12                                 (abs)         00F72
_LCDDATA13                                 (abs)         00F73
_LCDDATA14                                 (abs)         00F74
_LCDDATA15                                 (abs)         00F75
_LCDDATA16                                 (abs)         00F76
_LCDDATA17                                 (abs)         00F77
_LCDDATA18                                 (abs)         00F78
_LCDDATA19                                 (abs)         00F79
_LCDDATA2                                  (abs)         00FBD
_LCDDATA20                                 (abs)         00F7A
_LCDDATA21                                 (abs)         00F7B
_LCDDATA22                                 (abs)         00F7C
_LCDDATA23                                 (abs)         00F7D
_LCDDATA3                                  (abs)         00FBE
_LCDDATA4                                  (abs)         00FBF
_LCDDATA5                                  (abs)         00F6B
_LCDDATA6                                  (abs)         00F6C
_LCDDATA7                                  (abs)         00F6D
_LCDDATA8                                  (abs)         00F6E
_LCDDATA9                                  (abs)         00F6F
_LCDDigitalIndexTable                      mediumconst   0EF1D
_LCDDigitalTable                           mediumconst   0EF46
_LCDPSbits                                 (abs)         00FAA
_LCDREG                                    (abs)         00FD2
_LCDSE0                                    (abs)         00FA9
_LCDSE1                                    (abs)         00FB6
_LCDSE2                                    (abs)         00FB7
_LCDSE3                                    (abs)         00FB8
_LCDSE4                                    (abs)         00FB9
_LCDSE5                                    (abs)         00FBA
_OSCCONbits                                (abs)         00FD3
_PADCFG1bits                               (abs)         00F54
_PIE1bits                                  (abs)         00F9D
_PIE3bits                                  (abs)         00FA3
_PIR1bits                                  (abs)         00F9E
_PIR3bits                                  (abs)         00FA4
_PORTB                                     (abs)         00F81
_PORTC                                     (abs)         00F82
_PR2                                       (abs)         00FCB
_PrChipSampleFinish                        bssBANK0      000E7
_PrChipSampleTimer                         bssBANK0      000CA
_RCONbits                                  (abs)         00FD0
_RTCCFGbits                                (abs)         00F5F
_RTCVALH                                   (abs)         00F5D
_RTCVALL                                   (abs)         00F5C
_T1CONbits                                 (abs)         00FCD
_T2CON                                     (abs)         00FCA
_TABLAT                                    (abs)         00FF5
_TBLPTRH                                   (abs)         00FF7
_TBLPTRL                                   (abs)         00FF6
_TBLPTRU                                   (abs)         00FF8
_TRISB                                     (abs)         00F93
_TRISC                                     (abs)         00F94
_TRISG                                     (abs)         00F98
__CFG_CCP2MX$DEFAULT                       (abs)         00000
__CFG_CP0$OFF                              (abs)         00000
__CFG_FCMEN$OFF                            (abs)         00000
__CFG_IESO$OFF                             (abs)         00000
__CFG_LPT1OSC$OFF                          (abs)         00000
__CFG_OSC$HS                               (abs)         00000
__CFG_RTCSOSC$T1OSCREF                     (abs)         00000
__CFG_STVREN$OFF                           (abs)         00000
__CFG_T1DIG$OFF                            (abs)         00000
__CFG_WDTEN$OFF                            (abs)         00000
__CFG_WDTPS$32768                          (abs)         00000
__CFG_XINST$OFF                            (abs)         00000
__HRAM                                     (abs)         00000
__Habs1                                    abs1          00000
__Hbank0                                   bank0         00000
__Hbank1                                   bank1         00000
__Hbank10                                  bank10        00000
__Hbank11                                  bank11        00000
__Hbank12                                  bank12        00000
__Hbank13                                  bank13        00000
__Hbank14                                  bank14        00000
__Hbank15                                  bank15        00000
__Hbank2                                   bank2         00000
__Hbank3                                   bank3         00000
__Hbank4                                   bank4         00000
__Hbank5                                   bank5         00000
__Hbank6                                   bank6         00000
__Hbank7                                   bank7         00000
__Hbank8                                   bank8         00000
__Hbank9                                   bank9         00000
__Hbigbss                                  bigbss        00000
__Hbigdata                                 bigdata       00000
__Hbigram                                  bigram        00000
__Hbss                                     bss           00000
__HbssBANK0                                bssBANK0      00000
__HbssBANK1                                bssBANK1      00000
__HbssBANK2                                bssBANK2      00000
__HbssBANK3                                bssBANK3      00000
__HbssBANK4                                bssBANK4      00000
__HbssBANK5                                bssBANK5      00000
__HbssCOMRAM                               bssCOMRAM     00000
__Hcinit                                   cinit         00000
__Hclrtext                                 clrtext       00000
__Hcomram                                  comram        00000
__Hconfig                                  config        0FFFE
__Hconst                                   const         00000
__HcstackBANK0                             cstackBANK0   00000
__HcstackBANK2                             cstackBANK2   00000
__HcstackCOMRAM                            cstackCOMRAM  00000
__Hdata                                    data          00000
__HdataBANK0                               dataBANK0     00000
__HdataBANK1                               dataBANK1     00000
__Hfarbss                                  farbss        00000
__Hfardata                                 fardata       00000
__Hibigdata                                ibigdata      00000
__Hidata                                   idata         00000
__HidataBANK0                              idataBANK0    00000
__HidataBANK1                              idataBANK1    00000
__Hidloc                                   idloc         00000
__Hifardata                                ifardata      00000
__Hinit                                    init          00084
__Hintcode                                 intcode       0000C
__Hintcode_body                            intcode_body  00000
__Hintcodelo                               intcodelo     0007C
__Hintentry                                intentry      00000
__Hintret                                  intret        00000
__Hintsave_regs                            intsave_regs  00000
__Hirdata                                  irdata        00000
__Hjflash_buffer                           jflash_buffer 0F800
__Hmediumconst                             mediumconst   0F400
__HnvFARRAM                                nvFARRAM      00000
__Hnvbit                                   nvbit         00000
__Hnvrram                                  nvrram        00000
__Hparam                                   rparam        00000
__Hpowerup                                 powerup       0007C
__Hram                                     ram           00000
__Hramtop                                  ramtop        01000
__Hrbit                                    rbit          00000
__Hrbss                                    rbss          00000
__Hrdata                                   rdata         00000
__Hreset_vec                               reset_vec     00006
__Hrparam                                  rparam        00000
__Hsfr                                     sfr           00000
__Hsmallconst                              smallconst    00000
__Hspace_0                                 (abs)         0FFFE
__Hspace_1                                 (abs)         00600
__Hspace_2                                 (abs)         00F54
__Hstack                                   stack         00F54
__Hstruct                                  struct        00000
__Htemp                                    temp          00052
__Htext                                    text          00000
__Htext0                                   text0         00000
__Htext1                                   text1         00000
__Htext10                                  text10        00000
__Htext100                                 text100       00000
__Htext101                                 text101       00000
__Htext102                                 text102       00000
__Htext103                                 text103       00000
__Htext104                                 text104       00000
__Htext105                                 text105       00000
__Htext106                                 text106       00000
__Htext107                                 text107       00000
__Htext108                                 text108       00000
__Htext109                                 text109       00000
__Htext11                                  text11        00000
__Htext110                                 text110       00000
__Htext111                                 text111       00000
__Htext112                                 text112       00000
__Htext113                                 text113       00000
__Htext114                                 text114       00000
__Htext115                                 text115       00000
__Htext116                                 text116       00000
__Htext117                                 text117       00000
__Htext118                                 text118       00000
__Htext119                                 text119       00000
__Htext12                                  text12        00000
__Htext120                                 text120       00000
__Htext121                                 text121       00000
__Htext122                                 text122       00000
__Htext123                                 text123       00000
__Htext124                                 text124       00000
__Htext125                                 text125       00000
__Htext126                                 text126       00000
__Htext127                                 text127       00000
__Htext128                                 text128       00000
__Htext129                                 text129       00000
__Htext13                                  text13        00000
__Htext130                                 text130       00000
__Htext131                                 text131       00000
__Htext132                                 text132       00000
__Htext133                                 text133       00000
__Htext134                                 text134       00000
__Htext135                                 text135       00000
__Htext136                                 text136       00000
__Htext137                                 text137       00000
__Htext138                                 text138       00000
__Htext139                                 text139       00000
__Htext14                                  text14        00000
__Htext140                                 text140       00000
__Htext141                                 text141       00000
__Htext142                                 text142       00000
__Htext143                                 text143       00000
__Htext144                                 text144       00000
__Htext145                                 text145       00000
__Htext146                                 text146       00000
__Htext147                                 text147       00000
__Htext148                                 text148       00000
__Htext149                                 text149       00000
__Htext15                                  text15        00000
__Htext150                                 text150       00000
__Htext151                                 text151       00000
__Htext152                                 text152       00000
__Htext153                                 text153       00000
__Htext154                                 text154       00000
__Htext155                                 text155       00000
__Htext156                                 text156       00000
__Htext157                                 text157       00000
__Htext158                                 text158       00000
__Htext159                                 text159       00000
__Htext16                                  text16        00000
__Htext160                                 text160       00000
__Htext161                                 text161       00000
__Htext162                                 text162       00000
__Htext163                                 text163       00000
__Htext164                                 text164       00000
__Htext165                                 text165       00000
__Htext166                                 text166       00000
__Htext167                                 text167       00000
__Htext168                                 text168       00000
__Htext169                                 text169       00000
__Htext17                                  text17        00000
__Htext170                                 text170       00000
__Htext171                                 text171       00000
__Htext172                                 text172       00000
__Htext173                                 text173       00000
__Htext174                                 text174       00000
__Htext175                                 text175       00000
__Htext176                                 text176       00000
__Htext177                                 text177       00000
__Htext178                                 text178       00000
__Htext179                                 text179       00000
__Htext18                                  text18        00000
__Htext180                                 text180       00000
__Htext181                                 text181       00000
__Htext182                                 text182       00000
__Htext183                                 text183       00000
__Htext184                                 text184       00000
__Htext185                                 text185       00000
__Htext186                                 text186       00000
__Htext187                                 text187       00000
__Htext188                                 text188       00000
__Htext189                                 text189       00000
__Htext19                                  text19        00000
__Htext190                                 text190       00000
__Htext191                                 text191       00000
__Htext192                                 text192       00000
__Htext193                                 text193       00000
__Htext194                                 text194       00000
__Htext195                                 text195       00000
__Htext196                                 text196       00000
__Htext197                                 text197       00000
__Htext198                                 text198       00000
__Htext199                                 text199       00000
__Htext2                                   text2         00000
__Htext20                                  text20        00000
__Htext200                                 text200       00000
__Htext201                                 text201       00000
__Htext202                                 text202       00000
__Htext203                                 text203       00000
__Htext204                                 text204       00000
__Htext205                                 text205       00000
__Htext206                                 text206       00000
__Htext207                                 text207       00000
__Htext208                                 text208       00000
__Htext209                                 text209       00000
__Htext21                                  text21        00000
__Htext210                                 text210       00000
__Htext211                                 text211       00000
__Htext212                                 text212       00000
__Htext213                                 text213       00000
__Htext214                                 text214       00000
__Htext216                                 text216       00000
__Htext217                                 text217       00000
__Htext22                                  text22        00000
__Htext23                                  text23        00000
__Htext24                                  text24        00000
__Htext25                                  text25        00000
__Htext26                                  text26        00000
__Htext27                                  text27        00000
__Htext28                                  text28        00000
__Htext29                                  text29        00000
__Htext3                                   text3         00000
__Htext30                                  text30        00000
__Htext31                                  text31        00000
__Htext32                                  text32        00000
__Htext33                                  text33        00000
__Htext34                                  text34        00000
__Htext35                                  text35        00000
__Htext36                                  text36        00000
__Htext37                                  text37        00000
__Htext38                                  text38        00000
__Htext39                                  text39        00000
__Htext4                                   text4         00000
__Htext40                                  text40        00000
__Htext41                                  text41        00000
__Htext42                                  text42        00000
__Htext43                                  text43        00000
__Htext44                                  text44        00000
__Htext45                                  text45        00000
__Htext46                                  text46        00000
__Htext47                                  text47        00000
__Htext48                                  text48        00000
__Htext49                                  text49        00000
__Htext5                                   text5         00000
__Htext50                                  text50        00000
__Htext51                                  text51        00000
__Htext52                                  text52        00000
__Htext53                                  text53        00000
__Htext54                                  text54        00000
__Htext55                                  text55        00000
__Htext56                                  text56        00000
__Htext57                                  text57        00000
__Htext58                                  text58        00000
__Htext59                                  text59        00000
__Htext6                                   text6         00000
__Htext60                                  text60        00000
__Htext61                                  text61        00000
__Htext62                                  text62        00000
__Htext63                                  text63        00000
__Htext64                                  text64        00000
__Htext65                                  text65        00000
__Htext66                                  text66        00000
__Htext67                                  text67        00000
__Htext68                                  text68        00000
__Htext69                                  text69        00000
__Htext7                                   text7         00000
__Htext70                                  text70        00000
__Htext71                                  text71        00000
__Htext72                                  text72        00000
__Htext73                                  text73        00000
__Htext74                                  text74        00000
__Htext75                                  text75        00000
__Htext76                                  text76        00000
__Htext77                                  text77        00000
__Htext78                                  text78        00000
__Htext79                                  text79        00000
__Htext8                                   text8         00000
__Htext80                                  text80        00000
__Htext81                                  text81        00000
__Htext82                                  text82        00000
__Htext83                                  text83        00000
__Htext84                                  text84        00000
__Htext85                                  text85        00000
__Htext86                                  text86        00000
__Htext87                                  text87        00000
__Htext88                                  text88        00000
__Htext89                                  text89        00000
__Htext9                                   text9         00000
__Htext90                                  text90        00000
__Htext91                                  text91        00000
__Htext92                                  text92        00000
__Htext93                                  text93        00000
__Htext94                                  text94        00000
__Htext95                                  text95        00000
__Htext96                                  text96        00000
__Htext97                                  text97        00000
__Htext98                                  text98        00000
__Htext99                                  text99        00000
__LRAM                                     (abs)         00001
__Labs1                                    abs1          00000
__Lbank0                                   bank0         00000
__Lbank1                                   bank1         00000
__Lbank10                                  bank10        00000
__Lbank11                                  bank11        00000
__Lbank12                                  bank12        00000
__Lbank13                                  bank13        00000
__Lbank14                                  bank14        00000
__Lbank15                                  bank15        00000
__Lbank2                                   bank2         00000
__Lbank3                                   bank3         00000
__Lbank4                                   bank4         00000
__Lbank5                                   bank5         00000
__Lbank6                                   bank6         00000
__Lbank7                                   bank7         00000
__Lbank8                                   bank8         00000
__Lbank9                                   bank9         00000
__Lbigbss                                  bigbss        00000
__Lbigdata                                 bigdata       00000
__Lbigram                                  bigram        00000
__Lbss                                     bss           00000
__LbssBANK0                                bssBANK0      00000
__LbssBANK1                                bssBANK1      00000
__LbssBANK2                                bssBANK2      00000
__LbssBANK3                                bssBANK3      00000
__LbssBANK4                                bssBANK4      00000
__LbssBANK5                                bssBANK5      00000
__LbssCOMRAM                               bssCOMRAM     00000
__Lcinit                                   cinit         00000
__Lclrtext                                 clrtext       00000
__Lcomram                                  comram        00000
__Lconfig                                  config        0FFF8
__Lconst                                   const         00000
__LcstackBANK0                             cstackBANK0   00000
__LcstackBANK2                             cstackBANK2   00000
__LcstackCOMRAM                            cstackCOMRAM  00000
__Ldata                                    data          00000
__LdataBANK0                               dataBANK0     00000
__LdataBANK1                               dataBANK1     00000
__Lfarbss                                  farbss        00000
__Lfardata                                 fardata       00000
__Libigdata                                ibigdata      00000
__Lidata                                   idata         00000
__LidataBANK0                              idataBANK0    00000
__LidataBANK1                              idataBANK1    00000
__Lidloc                                   idloc         00000
__Lifardata                                ifardata      00000
__Linit                                    init          0007C
__Lintcode                                 intcode       00008
__Lintcode_body                            intcode_body  00000
__Lintcodelo                               intcodelo     00018
__Lintentry                                intentry      00000
__Lintret                                  intret        00000
__Lintsave_regs                            intsave_regs  00000
__Lirdata                                  irdata        00000
__Ljflash_buffer                           jflash_buffer 0F800
__Lmediumconst                             mediumconst   0ED1C
__LnvFARRAM                                nvFARRAM      00000
__Lnvbit                                   nvbit         00000
__Lnvrram                                  nvrram        00000
__Lparam                                   rparam        00000
__Lpowerup                                 powerup       0007C
__Lram                                     ram           00000
__Lramtop                                  ramtop        01000
__Lrbit                                    rbit          00000
__Lrbss                                    rbss          00000
__Lrdata                                   rdata         00000
__Lreset_vec                               reset_vec     00000
__Lrparam                                  rparam        00000
__Lsfr                                     sfr           00000
__Lsmallconst                              smallconst    00000
__Lspace_0                                 (abs)         00000
__Lspace_1                                 (abs)         00000
__Lspace_2                                 (abs)         00000
__Lstack                                   stack         00600
__Lstruct                                  struct        00000
__Ltemp                                    temp          00046
__Ltext                                    text          00000
__Ltext0                                   text0         00000
[...]
 Defined at:
		line 40 in file "src/soc/ticker.c"
 Parameters:    Size  Location     Type
		None
 Auto vars:     Size  Location     Type
		None
 Return value:  Size  Location     Type
                  1  [STACK] void 
 Registers used:
		wreg, status,2, status,0
 Tracked objects:
		On entry : 
		On exit  : 
		Unchanged: 
 Data sizes:     COMRAM   BANK0   BANK1   BANK2   BANK3   BANK4   BANK5   BANK6   BANK7   BANK8   BANK9  BANK10  BANK11  BANK12  BANK13  BANK14  BANK15
      Params:         0       0       0       0       0       0       0       0       0       0       0       0       0       0       0       0       0
      Locals:         0       0       0       0       0       0       0       0       0       0       0       0       0       0       0       0       0
      Temps:          0       0       0       0       0       0       0       0       0       0       0       0       0       0       0       0       0
      Totals:         0       0       0       0       0       0       0       0       0       0       0       0       0       0       0       0       0
Total ram usage:        0 bytes
 Hardware stack levels used:    1
 Hardware stack levels required when called:    2
 This function calls:
		Nothing
 This function is called by:
		_handler_interrupt_hight
		_handler_interrupt_low
 This function uses a reentrant model


 *************** function _rtc_alrm_irq_hook *****************
 Defined at:
		line 103 in file "src/soc/rtc.c"
 Parameters:    Size  Location     Type
		None
 Auto vars:     Size  Location     Type
		None
 Return value:  Size  Location     Type
                  1  [STACK] void 
 Registers used:
		None
 Tracked objects:
		On entry : 
		On exit  : 
		Unchanged: 
 Data sizes:     COMRAM   BANK0   BANK1   BANK2   BANK3   BANK4   BANK5   BANK6   BANK7   BANK8   BANK9  BANK10  BANK11  BANK12  BANK13  BANK14  BANK15
      Params:         0       0       0       0       0       0       0       0       0       0       0       0       0       0       0       0       0
      Locals:         0       0       0       0       0       0       0       0       0       0       0       0       0       0       0       0       0
      Temps:          0       0       0       0       0       0       0       0       0       0       0       0       0       0       0       0       0
      Totals:         0       0       0       0       0       0       0       0       0       0       0       0       0       0       0       0       0
Total ram usage:        0 bytes
 Hardware stack levels used:    1
 Hardware stack levels required when called:    2
 This function calls:
		Nothing
 This function is called by:
		_handler_interrupt_hight
		_handler_interrupt_low
 This function uses a reentrant model


 *************** function _handler_interrupt_hight *****************
 Defined at:
		line 9 in file "src/soc/int.c"
 Parameters:    Size  Location     Type
		None
 Auto vars:     Size  Location     Type
		None
 Return value:  Size  Location     Type
                  1    wreg      void 
 Registers used:
		wreg, status,2, status,0
 Tracked objects:
		On entry : 
		On exit  : 
		Unchanged: 
 Data sizes:     COMRAM   BANK0   BANK1   BANK2   BANK3   BANK4   BANK5   BANK6   BANK7   BANK8   BANK9  BANK10  BANK11  BANK12  BANK13  BANK14  BANK15
      Params:         0       0       0       0       0       0       0       0       0       0       0       0       0       0       0       0       0
      Locals:         0       0       0       0       0       0       0       0       0       0       0       0       0       0       0       0       0
      Temps:          2       0       0       0       0       0       0       0       0       0       0       0       0       0       0       0       0
      Totals:         2       0       0       0       0       0       0       0       0       0       0       0       0       0       0       0       0
Total ram usage:        2 bytes
 Hardware stack levels used:    1
 Hardware stack levels required when called:    1
 This function calls:
		_rtc_alrm_irq_hook
		_sys_ticker_irq_hook
 This function is called by:
		Interrupt level 2
 This function uses a non-reentrant model



MODULE INFORMATION

Module		Function		Class		Link	Load	Size
C:\Program Files (x86)\Microchip\xc8\v1.41\sources\common\lwdiv.c
		___lwdiv       		CODE           	7E3E	0000	83

C:\Program Files (x86)\Microchip\xc8\v1.41\sources\common\lwdiv.c estimated size: 83

C:\Program Files (x86)\Microchip\xc8\v1.41\sources\common\awdiv.c
		___awdiv       		CODE           	682A	0000	133

C:\Program Files (x86)\Microchip\xc8\v1.41\sources\common\awdiv.c estimated size: 133

C:\Program Files (x86)\Microchip\xc8\v1.41\sources\common\fltol.c
		___fltol       		CODE           	4ED6	0000	243

C:\Program Files (x86)\Microchip\xc8\v1.41\sources\common\fltol.c estimated size: 243

src/soc/rtc.c
		_rtc_init      		CODE           	841E	0000	63
		_rtcc_reg_wr_disable		CODE           	8D34	0000	13
		_rtc_set       		CODE           	5E74	0000	173
		_rtc_alrm_irq_hook		CODE           	8D5C	0000	3
		_rtcc_reg_wr_enable		CODE           	8D28	0000	13

src/soc/rtc.c estimated size: 265

src/driver/i2c.c
		_iic_waite_ack 		CODE           	79D2	0000	95
		_iic_send_ack  		CODE           	80F4	0000	75
		_iic_send_byte 		CODE           	7914	0000	97
		_iic_start     		CODE           	845C	0000	63
		_iic_received_byte		CODE           	7B42	0000	91
		_iic_received_byte_if_ack		CODE           	8BD8	0000	23
		_iic_stop      		CODE           	8512	0000	61

src/driver/i2c.c estimated size: 505

C:\Program Files (x86)\Microchip\xc8\v1.41\sources\common\lldiv.c
		___lldiv       		CODE           	68AE	0000	131

C:\Program Files (x86)\Microchip\xc8\v1.41\sources\common\lldiv.c estimated size: 131

C:\Program Files (x86)\Microchip\xc8\v1.41\sources\common\aldiv.c
		___aldiv       		CODE           	5722	0000	205

C:\Program Files (x86)\Microchip\xc8\v1.41\sources\common\aldiv.c estimated size: 205

C:\Program Files (x86)\Microchip\xc8\v1.41\sources\common\flge.c
		___flge        		CODE           	36C2	0000	401

C:\Program Files (x86)\Microchip\xc8\v1.41\sources\common\flge.c estimated size: 401

C:\Program Files (x86)\Microchip\xc8\v1.41\sources\common\Umul16.c
		___wmul        		CODE           	8A34	0000	39

C:\Program Files (x86)\Microchip\xc8\v1.41\sources\common\Umul16.c estimated size: 39

C:\Program Files (x86)\Microchip\xc8\v1.41\sources\common\sprcadd.c
		___fladd       		CODE           	109E	0000	1039

C:\Program Files (x86)\Microchip\xc8\v1.41\sources\common\sprcadd.c estimated size: 1039

src/driver/key.c
		_key_polling   		CODE           	849A	0000	61

src/driver/key.c estimated size: 61

src/soc/clock.c
		_delay_us      		CODE           	8790	0000	45
		_delay_ms      		CODE           	8AA0	0000	31

src/soc/clock.c estimated size: 76

src/api/sample.c
		_sample_call_cal_in_soc		CODE           	8A7E	0000	35
		_sample_call_cal_pr		CODE           	8AFA	0000	31
		_sample_all_power_off		CODE           	8CC4	0000	17
		___x_sample_fifo		CODE           	47E0	0000	267
		_sample_diff_pr_fliter		CODE           	772A	0000	99
		_sample_call_cal_diff_pr		CODE           	8B18	0000	31
		_sample_function_enable_fi_in_rtc		CODE           	597E	0000	191
		_sample_variable_init		CODE           	7CA0	0000	85
		_sample_call_in_ticker		CODE           	7F32	0000	77
		_sample_all_power_on		CODE           	8BC0	0000	25
		_sample_in_soc_adc_ch		CODE           	41F4	0000	313
		_sample_diff_pr_chip_fast		CODE           	432C	0000	311
		___x_sample_fliter		CODE           	336C	0000	455
		_sample_pr_chip_fast		CODE           	3E04	0000	337

src/api/sample.c estimated size: 2274

src/driver/m_flash.c
		_m_flash_unlock		CODE           	8BA6	0000	27
		_m_flash_read  		CODE           	759C	0000	103
		_m_flash_erase 		CODE           	7CF4	0000	85
		_m_flash_write 		CODE           	5468	0000	235

src/driver/m_flash.c estimated size: 450

src/depend/crc16.c
		_crc_sum       		CODE           	7016	0000	117
		_crc_append    		CODE           	80AA	0000	75
		_crc_verify    		CODE           	78B2	0000	99

src/depend/crc16.c estimated size: 291

C:\Program Files (x86)\Microchip\xc8\v1.41\sources\common\flneg.c
		___flneg       		CODE           	8762	0000	47

C:\Program Files (x86)\Microchip\xc8\v1.41\sources\common\flneg.c estimated size: 47

C:\Program Files (x86)\Microchip\xc8\v1.41\sources\common\lbdiv.c
		___lbdiv       		CODE           	854E	0000	59

C:\Program Files (x86)\Microchip\xc8\v1.41\sources\common\lbdiv.c estimated size: 59

C:\Program Files (x86)\Microchip\xc8\v1.41\sources\common\Umul32.c
		___lmul        		CODE           	7C4A	0000	87

C:\Program Files (x86)\Microchip\xc8\v1.41\sources\common\Umul32.c estimated size: 87

src/soc/soc.c
		_soc_init      		CODE           	8CA4	0000	17

src/soc/soc.c estimated size: 17

src/soc/ticker.c
		_sys_ticker_irq_hook		CODE           	8B36	0000	31
		_sys_ticker_init		CODE           	8CB4	0000	17
		_ticker_dly    		CODE           	8632	0000	55

src/soc/ticker.c estimated size: 103

src/driver/lcd.c
		_lcd_show_string_l0		CODE           	778C	0000	99
		_lcd_show_string_l1		CODE           	8668	0000	55
		_lcd_disp_unit_2nd_m		CODE           	7D9A	0000	83
		_lcd_bl_on     		CODE           	8D4C	0000	11
		_lcd_disp_unit_1st_m		CODE           	8210	0000	69
		_lcd_show_string		CODE           	77EE	0000	99
		_lcd_disp_all  		CODE           	8A0E	0000	39
		_lcd_disp_logo 		CODE           	8838	0000	41
		_lcd_disp_refresh		CODE           	7850	0000	99
		_lcd_disp_chr_loc_0		CODE           	6F2E	0000	117
		_lcd_disp_chr_loc_1		CODE           	6EBA	0000	117
		_lcd_disp_get_code		CODE           	7FCA	0000	77
		_lcd_disp_chr_loc_2		CODE           	6E46	0000	117
		_lcd_disp_unit_mpa		CODE           	7E90	0000	83
		_lcd_disp_chr_loc_3		CODE           	6DD2	0000	117
		_lcd_disp_chr_loc_4		CODE           	6D5E	0000	117
		_lcd_disp_chr_loc_5		CODE           	6CEA	0000	117
		_lcd_disp_level		CODE           	83DE	0000	65
		_lcd_disp_chr_loc_6		CODE           	6C76	0000	117
		_lcd_disp_chr_loc_7		CODE           	6C02	0000	117
		_lcd_disp_unit_1st_m3		CODE           	7DEC	0000	83
		_lcd_set_com_seg		CODE           	65EC	0000	149
		_lcd_config    		CODE           	8734	0000	47
		_lcd_show_dp   		CODE           	7A8C	0000	93
		_lcd_show_chr  		CODE           	6930	0000	129
		_lcd_disp_level_bar		CODE           	0816	0000	1125
		_lcd_disp_dp_loc_0		CODE           	8928	0000	41
		_lcd_disp_unit_t		CODE           	81CC	0000	69
		_lcd_disp_dp_loc_1		CODE           	8900	0000	41
		_lcd_disp_dp_loc_2		CODE           	88D8	0000	41
		_lcd_disp_dp_loc_4		CODE           	88B0	0000	41
		_lcd_disp_dp_loc_5		CODE           	8888	0000	41
		_lcd_disp_dp_loc_6		CODE           	8860	0000	41
		_lcd_init      		CODE           	8CD4	0000	15

src/driver/lcd.c estimated size: 3712

src/driver/ex_eeprom.c
		_at24c02_init  		CODE           	708A	0000	115
		_at24c02_read_n_byte		CODE           	3852	0000	393
		_at24c02_write_n_byte		CODE           	537C	0000	237

src/driver/ex_eeprom.c estimated size: 745

src/depend/m_string.c
		_m_mem_cpy     		CODE           	7468	0000	105
		_m_mem_set     		CODE           	8B70	0000	29
		_m_mem_cpy_len 		CODE           	8254	0000	69
		_m_int16_2_str_4		CODE           	4462	0000	307
		_m_int8_2_hex  		CODE           	7B9C	0000	89

src/depend/m_string.c estimated size: 599

shared
		_HexTable      		MEDIUMCONST    	EF6E	0000	18
		_LCDDigitalIndexTable		MEDIUMCONST    	EF1D	0000	42
		_LCDDigitalTable		MEDIUMCONST    	EF46	0000	41
		_defultSystemData		MEDIUMCONST    	F2A7	0000	157
		_hKel          		MEDIUMCONST    	EF7F	0000	405
		_hKcy          		MEDIUMCONST    	F113	0000	405
		__initialization		CODE           	5DC6	0000	165
		_auchCRCHi     		MEDIUMCONST    	EE1D	0000	257
		_auchCRCLo     		MEDIUMCONST    	ED1D	0000	257
		_flashTestbuf  		MEDIUMCONST    	F343	0000	66

shared estimated size: 1813

C:\Program Files (x86)\Microchip\xc8\v1.41\sources\common\lwmod.c
		___lwmod       		CODE           	82DA	0000	67

C:\Program Files (x86)\Microchip\xc8\v1.41\sources\common\lwmod.c estimated size: 67

C:\Program Files (x86)\Microchip\xc8\v1.41\sources\common\awmod.c
		___awmod       		CODE           	716C	0000	113

C:\Program Files (x86)\Microchip\xc8\v1.41\sources\common\awmod.c estimated size: 113

src/api/ui.c
		_ui_disp_menu  		CODE           	5D16	0000	177
		_ui_disp_menu_calib_pr_adj		CODE           	7536	0000	103
		_ui_disp_adj_xfixed_pt		CODE           	611A	0000	161
		_ui_disp_menu_epr_param_adj		CODE           	7324	0000	109
		_ui_disp_menu_home		CODE           	87E6	0000	43
		_ui_disp_clear_num_dp		CODE           	8060	0000	75
		_ui_disp_adj_xfloat_pt		CODE           	3180	0000	493
		_ui_disp_menu_calib_diff_adj		CODE           	73FC	0000	109
		_ui_disp_xfloat_pt		CODE           	4CE6	0000	251
		_ui_disp_menu_d_adj		CODE           	899C	0000	39
		_ui_disp_menu_h_adj		CODE           	7AE8	0000	91
		___x_arrange_str		CODE           	7EE2	0000	81
		___int32_2_mflot32		CODE           	563A	0000	233
		_ui_disp_menu_home_00		CODE           	679C	0000	143
		_ui_disp_menu_density_adj		CODE           	89C2	0000	39
		_ui_disp_menu_warn_t_adj		CODE           	4FC8	0000	239
		_ui_disp_menu_home_01		CODE           	670E	0000	143
		_ui_disp_adj_xfixed_pt_dp		CODE           	5F20	0000	173
		___mflot32_2_int32		CODE           	6394	0000	153
		_ui_disp_menu_epr_ilp_param_adj		CODE           	7390	0000	109
		_ui_disp_menu_warn_v_adj		CODE           	5552	0000	233
		_ui_disp_menu_home_02		CODE           	6680	0000	143
		_ui_disp_menu_bar_full_adj		CODE           	8ADC	0000	31
		_ui_disp_menu_pos_adj		CODE           	70FC	0000	113
		_ui_disp_menu_psw_adj		CODE           	8976	0000	39
		_ui_disp_start_cs600		CODE           	6A2C	0000	119
		_ui_disp_menu_bzero_adj		CODE           	89E8	0000	39
		_ui_disp_menu_poly_c_adj		CODE           	7F7E	0000	77
		_ui_disp_menu_work_mode_adj		CODE           	7974	0000	95
		_ui_disp_menu_pose_size		CODE           	87BC	0000	43

src/api/ui.c estimated size: 3896

src/api/data.c
		_cal_diff_p_to_h		CODE           	50B6	0000	239
		_calib_data_init_diff_pr		CODE           	49EC	0000	259
		_data_sys_cal_v1		CODE           	2F86	0000	507
		_data_sys_cal_v2		CODE           	3B4A	0000	351
		_cal_diff_hight_to_vol_h		CODE           	2836	0000	693
		_m_interp1_float_fast		CODE           	0C7A	0000	1061
		_calib_data_set_default_pr		CODE           	3CA8	0000	349
		_m_interp1_cal_p_t		CODE           	1BDA	0000	845
		_m_interp1_cal_p_v		CODE           	14AC	0000	991
		_cal_pt100_temperature_in		CODE           	2AEA	0000	665
		_cal_additional_pressute		CODE           	2D82	0000	517
		_cal_diff_press		CODE           	46C0	0000	289
		_data_init_all 		CODE           	8D0C	0000	15
		_data_sys_init 		CODE           	3F54	0000	337
		_cal_diff_hight_level		CODE           	2262	0000	785
		_calib_data_set_default_diff_pr		CODE           	39DA	0000	369
		_calib_data_init_pr		CODE           	48EA	0000	259
		_cal_diff_hight_to_vol_v		CODE           	0084	0000	1939
		_cal_pt100_temperature_ex		CODE           	2572	0000	709
		_cal_press     		CODE           	6FA2	0000	117

src/api/data.c estimated size: 11296

C:\Program Files (x86)\Microchip\xc8\v1.41\sources\common\xxtofl.c
		___xxtofl      		CODE           	40A4	0000	337

C:\Program Files (x86)\Microchip\xc8\v1.41\sources\common\xxtofl.c estimated size: 337

src/driver/in_adc.c
		_in_adc_start_and_read		CODE           	7A30	0000	93
		_in_adc_init   		CODE           	8A5A	0000	37

src/driver/in_adc.c estimated size: 130

C:\Program Files (x86)\Microchip\xc8\v1.41\sources\common\sprcmul.c
		___flmul       		CODE           	188A	0000	849

C:\Program Files (x86)\Microchip\xc8\v1.41\sources\common\sprcmul.c estimated size: 849

src/app/event.c
		_event_process 		CODE           	835E	0000	65
		_event_process_time_out		CODE           	8D5A	0000	3
		_event_process_rtc		CODE           	869E	0000	53
		_event_process_ticker		CODE           	8D40	0000	13

src/app/event.c estimated size: 134

C:\Program Files (x86)\Microchip\xc8\v1.41\sources\common\sprcdiv.c
		___fldiv       		CODE           	1F26	0000	829

C:\Program Files (x86)\Microchip\xc8\v1.41\sources\common\sprcdiv.c estimated size: 829

src/soc/int.c
		_handler_interrupt_low		CODE           	0018	0000	101
		_handler_interrupt_hight		CODE           	0008	0000	115

src/soc/int.c estimated size: 216

src/driver/ads1115.c
		_ads1115_init_all_chip		CODE           	8588	0000	59
		_ads1115_init  		CODE           	64C2	0000	151
		_ads1115_read_reg		CODE           	3532	0000	401
		_ads1115_write_reg		CODE           	5290	0000	237
		_ads1115_start_conversion		CODE           	8950	0000	39
		_ads1115_read_conversion		CODE           	831C	0000	67
		_ads1115_set_mux		CODE           	8ABE	0000	31

src/driver/ads1115.c estimated size: 985

src/app/main.c
		_main          		CODE           	8704	0000	49

src/app/main.c estimated size: 49

src/api/key_menu.c
		___up_base_zero_adj		CODE           	8C80	0000	19
		___enter_menu_poly_coeffic		CODE           	8186	0000	71
		_key_waite_release		CODE           	8016	0000	75
		___set_long_bar_level_scale		CODE           	7602	0000	101
		___enter_menu_epr_zero_line		CODE           	5FCC	0000	171
		___set_short_poly_coefic		CODE           	6558	0000	149
		___up_density_adj		CODE           	8C6E	0000	19
		_key_adj_value_float		CODE           	5AF6	0000	185
		___enter_menu_warn_value		CODE           	5BAE	0000	185
		_key_process_set		CODE           	62F6	0000	159
		___up_warn_type_adj		CODE           	84D6	0000	61
		___up_pr_calib_adj		CODE           	8C26	0000	19
		___sys_data_save_write_flash		CODE           	51A4	0000	237
		___set_long_work_mode		CODE           	8B54	0000	29
		___up_epr_param_adj		CODE           	8298	0000	67
		___exit_menu_to_home_unsave		CODE           	813E	0000	73
		___set_short_warn_type		CODE           	6076	0000	165
		___up_home_adj 		CODE           	8CE2	0000	15
		___enter_menu_set_d		CODE           	76C8	0000	99
		___up_epr_ilp_scale_adj		CODE           	8C4A	0000	19
		___enter_menu_set_base_zero		CODE           	6AA2	0000	119
		___up_pose_size_adj		CODE           	74D0	0000	103
		___exp_10      		CODE           	7D48	0000	83
		___enter_menu_set_h		CODE           	7666	0000	99
		___enter_menu_set_pose_size		CODE           	85FA	0000	57
		___set_short_pose_size		CODE           	4594	0000	301
		___up_adj_bar_level_scale		CODE           	8C92	0000	19
		___set_short_warn_value		CODE           	4DE0	0000	247
		___up_diff_calib_adj		CODE           	8C5C	0000	19
		_key_process_set_down_long		CODE           	58B8	0000	199
		___enter_menu_bar_scale		CODE           	85C2	0000	57
		___enter_menu_calib_press_ex		CODE           	61BA	0000	159
		___set_short_epr_ilp_scale		CODE           	4BEA	0000	253
		___up_warn_value_adj		CODE           	8C02	0000	19
		___enter_menu_work_mode		CODE           	8BEE	0000	21
		___up_poly_coefic_adj		CODE           	8C38	0000	19
		_key_adj_value_fixed		CODE           	57EE	0000	203
		_key_process   		CODE           	642C	0000	151
		___set_long_base_zero		CODE           	69B0	0000	125
		_key_shift_loc 		CODE           	839E	0000	65
		___set_long_density		CODE           	6B8E	0000	117
		___up_adj_work_mode		CODE           	86D2	0000	51
		___enter_menu_calib_press_diff_ex		CODE           	6258	0000	159
		___enter_menu_password		CODE           	8B8C	0000	27
		___down_pose_size		CODE           	8810	0000	41
		_key_process_down		CODE           	71DC	0000	111
		___enter_menu_epr_ilp_scale		CODE           	6B18	0000	119
		_key_process_set_long		CODE           	5A3C	0000	187
		___up_psw_adj  		CODE           	8C14	0000	19
		___enter_menu_warn_type		CODE           	7BF4	0000	87
		___set_short_epr_param		CODE           	4AEE	0000	253
		___set_short_pr_calib		CODE           	8CF0	0000	15
		_key_process_up		CODE           	5C66	0000	177
		___enter_menu_set_density		CODE           	72B8	0000	109
		___set_short_diff_calib		CODE           	8CFE	0000	15

src/api/key_menu.c estimated size: 5723

