Microchip MPLAB XC8 Compiler V1.41 ()

Linker command line:

-W-3 --edf=C:\Program Files (x86)\Microchip\xc8\v1.41\dat\en_msgs.txt -cs \
  -h+dist/default/debug\cs600-redo.X.debug.sym \
  --cmf=dist/default/debug\cs600-redo.X.debug.cmf -z -Q18F86J93 \
  -oC:\Users\ADMINI~1\AppData\Local\Temp\sc8lk.2 \
  -Mdist/default/debug/cs600-redo.X.debug.map -E1 -ver=XC8 --acfsm=1493 \
  -ASTACK=0600h-0f53h -pstack=STACK -ACODE=00h-0F3FFh -ACONST=00h-0F3FFh \
  -ASMALLCONST=01000h-010FFhx228 -AMEDIUMCONST=01000h-0F3FFh \
  -ACOMRAM=01h-05Fh -AABS1=00h-0F53h -ABIGRAM=01h-0F53h \
  -ARAM=060h-0FFh,0100h-01FFhx14,0F00h-0F53h -ABANK0=060h-0FFh \
  -ABANK1=0100h-01FFh -ABANK2=0200h-02FFh -ABANK3=0300h-03FFh \
  -ABANK4=0400h-04FFh -ABANK5=0500h-05FFh -ABANK6=0600h-06FFh \
  -ABANK7=0700h-07FFh -ABANK8=0800h-08FFh -ABANK9=0900h-09FFh \
  -ABANK10=0A00h-0AFFh -ABANK11=0B00h-0BFFh -ABANK12=0C00h-0CFFh \
  -ABANK13=0D00h-0DFFh -ABANK14=0E00h-0EFFh -ABANK15=0F00h-0F53h \
  -ASFR=0F54h-0F5Fh,0F60h-0FFCh \
  -preset_vec=00h,intcode=08h,intcodelo=018h,powerup,init -pramtop=01000h \
  -psmallconst=SMALLCONST -pmediumconst=MEDIUMCONST -pconst=CONST \
  -AFARRAM=00h-00h -ACONFIG=0FFF8h-0FFFFh -pconfig=CONFIG \
  -pjflash_buffer=0F800h \
  -prdata=COMRAM,nvrram=COMRAM,nvbit=COMRAM,rbss=COMRAM,rbit=COMRAM \
  -pfarbss=FARRAM,fardata=FARRAM,nvFARRAM=FARRAM \
  -pintsave_regs=BIGRAM,bigbss=BIGRAM,bigdata=BIGRAM -pbss=RAM \
  -pidata=CODE,irdata=CODE,ibigdata=CODE,ifardata=CODE -prparam=COMRAM \
  C:\Users\ADMINI~1\AppData\Local\Temp\sc8lk.obj \
  dist/default/debug\cs600-redo.X.debug.obj 

Object code version is 3.11

Machine type is 18F86J93

Call graph: (short form)




                Name                               Link     Load   Length Selector   Space Scale
C:\Users\ADMINI~1\AppData\Local\Temp\sc8lk.obj
                init                                 D8       D8        4        C       0
                reset_vec                             0        0        6        0       0
                config                             FFF8     FFF8        6     FFF8       0
dist/default/debug\cs600-redo.X.debug.obj
                intcodelo                            18       18       C0        C       0
                intcode                               8        8        6        4       0
                temp                                 40       40        1        1       1
                mediumconst                        ECB0     ECB0      750     7658       0
                text223                            A260     A260        2     5118       0
                text222                            A0B2     A0B2       1A        C       0
                intcode_body                       6C32     6C32       C8        C       0
                text220                            A25E     A25E        2     5118       0
                text219                            A098     A098       1A        C       0
                text217                            76E2     76E2       A4        C       0
                text216                            985E     985E       3E        C       0
                text215                            8486     8486       7C        C       0
                text214                            99F4     99F4       38        C       0
                text213                            8DFE     8DFE       64        C       0
                text212                            9472     9472       52        C       0
                text211                            A006     A006       20        C       0
                text210                            9ACE     9ACE       36        C       0
                text209                            931C     931C       58        C       0
                text208                            86DE     86DE       74        C       0
                text207                            99BC     99BC       38        C       0
                text206                            432C     432C      1B8        C       0
                text205                            9EC8     9EC8       26        C       0
                text204                            5994     5994      116        C       0
                text203                            9A98     9A98       36        C       0
                text202                            3A2E     3A2E      1DE        C       0
                text201                            78C8     78C8       9E        C       0
                text200                            8D9A     8D9A       64        C       0
                text199                            95FE     95FE       4E        C       0
                text198                            8202     8202       8C        C       0
                text197                            562E     562E      12A        C       0
                text196                            3FAC     3FAC      1C4        C       0
                text195                            5504     5504      12A        C       0
                text194                            2352     2352      3C0        C       0
                text193                            1610     1610      4A6        C       0
                text192                            5AAA     5AAA      10C        C       0
                text191                            3DDE     3DDE      1CE        C       0
                text190                            382A     382A      204        C       0
                text189                            4C20     4C20      164        C       0
                text188                            A07E     A07E       1A        C       0
                text187                            9212     9212       5A        C       0
                text186                            838C     838C       7E        C       0
                text185                            516E     516E      136        C       0
                text184                            4674     4674      172        C       0
                text183                            A214     A214        E        C       0
                text182                            A206     A206        E        C       0
                text181                            A1A4     A1A4       14        C       0
                text180                            1168     1168      4A8        C       0
                text179                            44E4     44E4      190        C       0
                text178                            309E     309E      2BA        C       0
                text177                            9984     9984       38        C       0
                text176                            1F2A     1F2A      428        C       0
                text175                            3358     3358      278        C       0
                text174                              DC       DC      6A8        C       0
                text173                            5CBE     5CBE      108        C       0
                text172                            587A     587A      11A        C       0
                text171                            8668     8668       76        C       0
                text170                            1AB6     1AB6      474        C       0
                text169                             784      784      512        C       0
                text168                            9FC4     9FC4       22        C       0
                text167                            5758     5758      122        C       0
                text166                            A190     A190       14        C       0
                text165                            A044     A044       1E        C       0
                text164                            A062     A062       1C        C       0
                text163                            9FA2     9FA2       22        C       0
                text162                            840A     840A       7C        C       0
                text161                            A17C     A17C       14        C       0
                text160                            A026     A026       1E        C       0
                text159                            9374     9374       56        C       0
                text158                            6844     6844       CE        C       0
                text157                            9CE8     9CE8       30        C       0
                text156                            6F3E     6F3E       BE        C       0
                text155                            6B6A     6B6A       C8        C       0
                text154                            9CB8     9CB8       30        C       0
                text153                            9048     9048       5E        C       0
                text152                            8F88     8F88       62        C       0
                text151                            7786     7786       A2        C       0
                text150                            4D84     4D84      15E        C       0
                text149                            8A5E     8A5E       6C        C       0
                text148                            9C88     9C88       30        C       0
                text147                            9C58     9C58       30        C       0
                text146                            9C28     9C28       30        C       0
                text145                            9BF8     9BF8       30        C       0
                text144                            9BC8     9BC8       30        C       0
                text143                            9B98     9B98       30        C       0
                text142                            89F2     89F2       6C        C       0
                text141                            80E4     80E4       90        C       0
                text140                            8054     8054       90        C       0
                text139                            7FC4     7FC4       90        C       0
                text138                            7F34     7F34       90        C       0
                text137                            7EA4     7EA4       90        C       0
                text136                            7E14     7E14       90        C       0
                text135                            7D84     7D84       90        C       0
                text134                            7CF4     7CF4       90        C       0
                text133                            8FEA     8FEA       5E        C       0
                text132                            7A9A     7A9A       98        C       0
                text131                            8984     8984       6E        C       0
                text130                            91B8     91B8       5A        C       0
                text129                            676C     676C       D8        C       0
                text128                            9B68     9B68       30        C       0
                text127                            35D0     35D0      25A        C       0
                text126                            9DA2     9DA2       2E        C       0
                text125                            95B0     95B0       4E        C       0
                text124                            62D8     62D8       FC        C       0
                text123                            65AE     65AE       E0        C       0
                text122                            9D74     9D74       2E        C       0
                text121                            6DBE     6DBE       C2        C       0
                text120                            6CFA     6CFA       C4        C       0
                text119                            6FFC     6FFC       BC        C       0
                text118                            5DC6     5DC6      106        C       0
                text117                             C96      C96      4D2        C       0
                text116                            92C4     92C4       58        C       0
                text115                            941E     941E       54        C       0
                text114                            8CD0     8CD0       66        C       0
                text113                            857A     857A       78        C       0
                text112                            8916     8916       6E        C       0
                text111                            9720     9720       42        C       0
                text110                            5038     5038      136        C       0
                text109                            7C5E     7C5E       96        C       0
                text108                            8C6A     8C6A       66        C       0
                text107                            7BC8     7BC8       96        C       0
                text106                            93CA     93CA       54        C       0
                text105                            7B32     7B32       96        C       0
                text104                            9E78     9E78       2A        C       0
                text103                            8D36     8D36       64        C       0
                text102                            9D46     9D46       2E        C       0
                text101                            88A6     88A6       70        C       0
                text100                            8174     8174       8E        C       0
                text99                             9E4E     9E4E       2A        C       0
                text98                             6AA2     6AA2       C8        C       0
                text97                             9E24     9E24       2A        C       0
                text96                             53D4     53D4      130        C       0
                text95                             8C04     8C04       66        C       0
                text94                             64CC     64CC       E2        C       0
                text93                             85F2     85F2       76        C       0
                text92                             7440     7440       AE        C       0
                text91                             9DFA     9DFA       2A        C       0
                text90                             4950     4950      16A        C       0
                text89                             4170     4170      1BC        C       0
                text88                             9696     9696       46        C       0
                text87                             9EA2     9EA2       26        C       0
                text86                             9F7E     9F7E       24        C       0
                text85                             9F5A     9F5A       24        C       0
                text84                             61D8     61D8      100        C       0
                text83                             9DD0     9DD0       2A        C       0
                text82                             2DDA     2DDA      2C4        C       0
                text81                             830E     830E       7E        C       0
                text80                             3C0C     3C0C      1D2        C       0
                text79                             9F36     9F36       24        C       0
                text78                             8ACA     8ACA       6A        C       0
                text77                             4ABA     4ABA      166        C       0
                text76                             47E6     47E6      16A        C       0
                text75                             9562     9562       4E        C       0
                text74                             A248     A248        C     5118       0
                text73                             A25C     A25C        2     5118       0
                text72                             96DC     96DC       44        C       0
                text71                             9F12     9F12       24        C       0
                text70                             9B38     9B38       30        C       0
                text69                             9EEE     9EEE       24        C       0
                text68                             4EE2     4EE2      156        C       0
                text67                             A166     A166       16        C       0
                text66                             60D4     60D4      104        C       0
                text65                             9820     9820       3E        C       0
                text64                             7596     7596       A8        C       0
                text63                             2712     2712      36A        C       0
                text62                             70B8     70B8       BA        C       0
                text61                             5FD0     5FD0      104        C       0
                text60                             72E2     72E2       B0        C       0
                text59                             74EE     74EE       A8        C       0
                text58                             52A4     52A4      130        C       0
                text57                             9514     9514       4E        C       0
                text56                             8836     8836       70        C       0
                text55                             8B9C     8B9C       68        C       0
                text54                             8B34     8B34       68        C       0
                text53                             98D8     98D8       3C        C       0
                text52                             5BB6     5BB6      108        C       0
                text51                             5ECC     5ECC      104        C       0
                text50                             2A7C     2A7C      35E        C       0
                text49                             8F26     8F26       62        C       0
                text48                             828E     828E       80        C       0
                text47                             6E80     6E80       BE        C       0
                text46                             69DA     69DA       C8        C       0
                text45                             7966     7966       9C        C       0
                text44                             989C     989C       3C        C       0
                text43                             8502     8502       78        C       0
                text42                             87C4     87C4       72        C       0
                text41                             A1B8     A1B8       12        C       0
                text40                             6912     6912       C8        C       0
                text39                             97A2     97A2       40        C       0
                text38                             926C     926C       58        C       0
                text37                             94C4     94C4       50        C       0
                text36                             9FE6     9FE6       20        C       0
                text35                             722A     722A       B8        C       0
                text34                             9102     9102       5C        C       0
                text33                             8EC4     8EC4       62        C       0
                text32                             63D4     63D4       F8        C       0
                text31                             A150     A150       16        C       0
                text30                             9A62     9A62       36        C       0
                text29                             668E     668E       DE        C       0
                text28                             A13A     A13A       16        C       0
                text27                             A124     A124       16        C       0
                text26                             994C     994C       38        C       0
                text25                             9B04     9B04       34        C       0
                text24                             A10E     A10E       16        C       0
                text23                             A1F8     A1F8        E        C       0
                text22                             A0F8     A0F8       16        C       0
                text21                             8752     8752       72        C       0
                text20                             9914     9914       38        C       0
                text19                             A0E2     A0E2       16        C       0
                text18                             9762     9762       40        C       0
                text17                             A0CC     A0CC       16        C       0
                text16                             7392     7392       AE        C       0
                text15                             90A6     90A6       5C        C       0
                text14                             964C     964C       4A        C       0
                text13                             7828     7828       A0        C       0
                text12                             A254     A254        8     5118       0
                text11                             9D18     9D18       2E        C       0
                text10                             A1EA     A1EA        E        C       0
                text9                              A23C     A23C        C     5118       0
                text8                              A230     A230        C     5118       0
                text7                              7172     7172       B8        C       0
                text6                              97E2     97E2       3E        C       0
                text5                              A1DA     A1DA       10        C       0
                text4                              A1CA     A1CA       10        C       0
                text3                              915E     915E       5A        C       0
                text2                              9A2C     9A2C       36        C       0
                text1                              7A02     7A02       98        C       0
                text0                              8E62     8E62       62        C       0
                cstackCOMRAM                          1        1       20        1       1
                cstackBANK0                          60       60       87       60       1
                cstackBANK1                         1FB      1FB        5      100       1
                cstackBANK3                         3CA      3CA       19      300       1
                bssBANK5                            500      500      100      500       1
                bssBANK4                            400      400       A2      400       1
                bssBANK3                            300      300       CA      300       1
                bssBANK2                            200      200      100      200       1
                dataBANK1                           1EE      1EE        D      100       1
                bssBANK1                            100      100       EE      100       1
                dataBANK0                            FF       FF        1       60       1
                bssBANK0                             E7       E7       18       60       1
                bssCOMRAM                            21       21       1F        1       1
                cinit                              763E     763E       A4        C       0
                idataBANK1                         A222     A222        D        C       0
                idataBANK0                         A262     A262        1     5118       0

TOTAL           Name                               Link     Load   Length     Space
        CLASS   STACK          

        CLASS   CODE           
                intcodelo                            18       18       C0         0
                intcode                               8        8        6         0
                init                                 D8       D8        4         0
                reset_vec                             0        0        6         0
                text223                            A260     A260        2         0
                text222                            A0B2     A0B2       1A         0
                intcode_body                       6C32     6C32       C8         0
                text220                            A25E     A25E        2         0
                text219                            A098     A098       1A         0
                text217                            76E2     76E2       A4         0
                text216                            985E     985E       3E         0
                text215                            8486     8486       7C         0
                text214                            99F4     99F4       38         0
                text213                            8DFE     8DFE       64         0
                text212                            9472     9472       52         0
                text211                            A006     A006       20         0
                text210                            9ACE     9ACE       36         0
                text209                            931C     931C       58         0
                text208                            86DE     86DE       74         0
                text207                            99BC     99BC       38         0
                text206                            432C     432C      1B8         0
                text205                            9EC8     9EC8       26         0
                text204                            5994     5994      116         0
                text203                            9A98     9A98       36         0
                text202                            3A2E     3A2E      1DE         0
                text201                            78C8     78C8       9E         0
                text200                            8D9A     8D9A       64         0
                text199                            95FE     95FE       4E         0
                text198                            8202     8202       8C         0
                text197                            562E     562E      12A         0
                text196                            3FAC     3FAC      1C4         0
                text195                            5504     5504      12A         0
                text194                            2352     2352      3C0         0
                text193                            1610     1610      4A6         0
                text192                            5AAA     5AAA      10C         0
                text191                            3DDE     3DDE      1CE         0
                text190                            382A     382A      204         0
                text189                            4C20     4C20      164         0
                text188                            A07E     A07E       1A         0
                text187                            9212     9212       5A         0
                text186                            838C     838C       7E         0
                text185                            516E     516E      136         0
                text184                            4674     4674      172         0
                text183                            A214     A214        E         0
                text182                            A206     A206        E         0
                text181                            A1A4     A1A4       14         0
                text180                            1168     1168      4A8         0
                text179                            44E4     44E4      190         0
                text178                            309E     309E      2BA         0
                text177                            9984     9984       38         0
                text176                            1F2A     1F2A      428         0
                text175                            3358     3358      278         0
                text174                              DC       DC      6A8         0
                text173                            5CBE     5CBE      108         0
                text172                            587A     587A      11A         0
                text171                            8668     8668       76         0
                text170                            1AB6     1AB6      474         0
                text169                             784      784      512         0
                text168                            9FC4     9FC4       22         0
                text167                            5758     5758      122         0
                text166                            A190     A190       14         0
                text165                            A044     A044       1E         0
                text164                            A062     A062       1C         0
                text163                            9FA2     9FA2       22         0
                text162                            840A     840A       7C         0
                text161                            A17C     A17C       14         0
                text160                            A026     A026       1E         0
                text159                            9374     9374       56         0
                text158                            6844     6844       CE         0
                text157                            9CE8     9CE8       30         0
                text156                            6F3E     6F3E       BE         0
                text155                            6B6A     6B6A       C8         0
                text154                            9CB8     9CB8       30         0
                text153                            9048     9048       5E         0
                text152                            8F88     8F88       62         0
                text151                            7786     7786       A2         0
                text150                            4D84     4D84      15E         0
                text149                            8A5E     8A5E       6C         0
                text148                            9C88     9C88       30         0
                text147                            9C58     9C58       30         0
                text146                            9C28     9C28       30         0
                text145                            9BF8     9BF8       30         0
                text144                            9BC8     9BC8       30         0
                text143                            9B98     9B98       30         0
                text142                            89F2     89F2       6C         0
                text141                            80E4     80E4       90         0
                text140                            8054     8054       90         0
                text139                            7FC4     7FC4       90         0
                text138                            7F34     7F34       90         0
                text137                            7EA4     7EA4       90         0
                text136                            7E14     7E14       90         0
                text135                            7D84     7D84       90         0
                text134                            7CF4     7CF4       90         0
                text133                            8FEA     8FEA       5E         0
                text132                            7A9A     7A9A       98         0
                text131                            8984     8984       6E         0
                text130                            91B8     91B8       5A         0
                text129                            676C     676C       D8         0
                text128                            9B68     9B68       30         0
                text127                            35D0     35D0      25A         0
                text126                            9DA2     9DA2       2E         0
                text125                            95B0     95B0       4E         0
                text124                            62D8     62D8       FC         0
                text123                            65AE     65AE       E0         0
                text122                            9D74     9D74       2E         0
                text121                            6DBE     6DBE       C2         0
                text120                            6CFA     6CFA       C4         0
                text119                            6FFC     6FFC       BC         0
                text118                            5DC6     5DC6      106         0
                text117                             C96      C96      4D2         0
                text116                            92C4     92C4       58         0
                text115                            941E     941E       54         0
                text114                            8CD0     8CD0       66         0
                text113                            857A     857A       78         0
                text112                            8916     8916       6E         0
                text111                            9720     9720       42         0
                text110                            5038     5038      136         0
                text109                            7C5E     7C5E       96         0
                text108                            8C6A     8C6A       66         0
                text107                            7BC8     7BC8       96         0
                text106                            93CA     93CA       54         0
                text105                            7B32     7B32       96         0
                text104                            9E78     9E78       2A         0
                text103                            8D36     8D36       64         0
                text102                            9D46     9D46       2E         0
                text101                            88A6     88A6       70         0
                text100                            8174     8174       8E         0
                text99                             9E4E     9E4E       2A         0
                text98                             6AA2     6AA2       C8         0
                text97                             9E24     9E24       2A         0
                text96                             53D4     53D4      130         0
                text95                             8C04     8C04       66         0
                text94                             64CC     64CC       E2         0
                text93                             85F2     85F2       76         0
                text92                             7440     7440       AE         0
                text91                             9DFA     9DFA       2A         0
                text90                             4950     4950      16A         0
                text89                             4170     4170      1BC         0
                text88                             9696     9696       46         0
                text87                             9EA2     9EA2       26         0
                text86                             9F7E     9F7E       24         0
                text85                             9F5A     9F5A       24         0
                text84                             61D8     61D8      100         0
                text83                             9DD0     9DD0       2A         0
                text82                             2DDA     2DDA      2C4         0
                text81                             830E     830E       7E         0
                text80                             3C0C     3C0C      1D2         0
                text79                             9F36     9F36       24         0
                text78                             8ACA     8ACA       6A         0
                text77                             4ABA     4ABA      166         0
                text76                             47E6     47E6      16A         0
                text75                             9562     9562       4E         0
                text74                             A248     A248        C         0
                text73                             A25C     A25C        2         0
                text72                             96DC     96DC       44         0
                text71                             9F12     9F12       24         0
                text70                             9B38     9B38       30         0
                text69                             9EEE     9EEE       24         0
                text68                             4EE2     4EE2      156         0
                text67                             A166     A166       16         0
                text66                             60D4     60D4      104         0
                text65                             9820     9820       3E         0
                text64                             7596     7596       A8         0
                text63                             2712     2712      36A         0
                text62                             70B8     70B8       BA         0
                text61                             5FD0     5FD0      104         0
                text60                             72E2     72E2       B0         0
                text59                             74EE     74EE       A8         0
                text58                             52A4     52A4      130         0
                text57                             9514     9514       4E         0
                text56                             8836     8836       70         0
                text55                             8B9C     8B9C       68         0
                text54                             8B34     8B34       68         0
                text53                             98D8     98D8       3C         0
                text52                             5BB6     5BB6      108         0
                text51                             5ECC     5ECC      104         0
                text50                             2A7C     2A7C      35E         0
                text49                             8F26     8F26       62         0
                text48                             828E     828E       80         0
                text47                             6E80     6E80       BE         0
                text46                             69DA     69DA       C8         0
                text45                             7966     7966       9C         0
                text44                             989C     989C       3C         0
                text43                             8502     8502       78         0
                text42                             87C4     87C4       72         0
                text41                             A1B8     A1B8       12         0
                text40                             6912     6912       C8         0
                text39                             97A2     97A2       40         0
                text38                             926C     926C       58         0
                text37                             94C4     94C4       50         0
                text36                             9FE6     9FE6       20         0
                text35                             722A     722A       B8         0
                text34                             9102     9102       5C         0
                text33                             8EC4     8EC4       62         0
                text32                             63D4     63D4       F8         0
                text31                             A150     A150       16         0
                text30                             9A62     9A62       36         0
                text29                             668E     668E       DE         0
                text28                             A13A     A13A       16         0
                text27                             A124     A124       16         0
                text26                             994C     994C       38         0
                text25                             9B04     9B04       34         0
                text24                             A10E     A10E       16         0
                text23                             A1F8     A1F8        E         0
                text22                             A0F8     A0F8       16         0
                text21                             8752     8752       72         0
                text20                             9914     9914       38         0
                text19                             A0E2     A0E2       16         0
                text18                             9762     9762       40         0
                text17                             A0CC     A0CC       16         0
                text16                             7392     7392       AE         0
                text15                             90A6     90A6       5C         0
                text14                             964C     964C       4A         0
                text13                             7828     7828       A0         0
                text12                             A254     A254        8         0
                text11                             9D18     9D18       2E         0
                text10                             A1EA     A1EA        E         0
                text9                              A23C     A23C        C         0
                text8                              A230     A230        C         0
                text7                              7172     7172       B8         0
                text6                              97E2     97E2       3E         0
                text5                              A1DA     A1DA       10         0
                text4                              A1CA     A1CA       10         0
                text3                              915E     915E       5A         0
                text2                              9A2C     9A2C       36         0
                text1                              7A02     7A02       98         0
                text0                              8E62     8E62       62         0
                cinit                              763E     763E       A4         0
                idataBANK1                         A222     A222        D         0
                idataBANK0                         A262     A262        1         0

        CLASS   CONST          

        CLASS   SMALLCONST     

        CLASS   MEDIUMCONST    
                mediumconst                        ECB0     ECB0      750         0

        CLASS   COMRAM         
                temp                                 40       40        1         1
                cstackCOMRAM                          1        1       20         1
                bssCOMRAM                            21       21       1F         1

        CLASS   ABS1           

        CLASS   BIGRAM         

        CLASS   RAM            

        CLASS   BANK0          
                cstackBANK0                          60       60       87         1
                dataBANK0                            FF       FF        1         1
                bssBANK0                             E7       E7       18         1

        CLASS   BANK1          
                cstackBANK1                         1FB      1FB        5         1
                dataBANK1                           1EE      1EE        D         1
                bssBANK1                            100      100       EE         1

        CLASS   BANK2          
                bssBANK2                            200      200      100         1

        CLASS   BANK3          
                cstackBANK3                         3CA      3CA       19         1
                bssBANK3                            300      300       CA         1

        CLASS   BANK4          
                bssBANK4                            400      400       A2         1

        CLASS   BANK5          
                bssBANK5                            500      500      100         1

        CLASS   BANK6          

        CLASS   BANK7          

        CLASS   BANK8          

        CLASS   BANK9          

        CLASS   BANK10         

        CLASS   BANK11         

        CLASS   BANK12         

        CLASS   BANK13         

        CLASS   BANK14         

        CLASS   BANK15         

        CLASS   SFR            

        CLASS   FARRAM         

        CLASS   CONFIG         
                config                             FFF8     FFF8        6         0

        CLASS   IDLOC          



SEGMENTS        Name                           Load    Length   Top    Selector   Space  Class

                reset_vec                      000000  000006  000006         0       0  CODE    
                cstackCOMRAM                   000001  000040  000041         1       1  COMRAM  
                intcode                        000008  000006  00000E         4       0  CODE    
                intcodelo                      000018  00A217  00A22F         C       0  CODE    
                cstackBANK0                    000060  0000A0  000100        60       1  BANK0   
                bssBANK1                       000100  000100  000200       100       1  BANK1   
                bssBANK2                       000200  000100  000300       200       1  BANK2   
                bssBANK3                       000300  0000E3  0003E3       300       1  BANK3   
                bssBANK4                       000400  0000A2  0004A2       400       1  BANK4   
                bssBANK5                       000500  000100  000600       500       1  BANK5   
                text8                          00A230  000033  00A263      5118       0  CODE    
                mediumconst                    00ECB0  000750  00F400      7658       0  MEDIUMCO
                config                         00FFF8  000006  00FFFE      FFF8       0  CONFIG  


UNUSED ADDRESS RANGES

        Name                Unused          Largest block    Delta
        BANK10           00A00-00AFF             100
        BANK11           00B00-00BFF             100
        BANK12           00C00-00CFF             100
        BANK13           00D00-00DFF             100
        BANK14           00E00-00EFF             100
        BANK15           00F00-00F53              54
        BANK3            003E3-003FF              1D
        BANK4            004A2-004FF              5E
        BANK6            00600-006FF             100
        BANK7            00700-007FF             100
        BANK8            00800-008FF             100
        BANK9            00900-009FF             100
        BIGRAM           00041-0005F              1F
                         003E3-003FF              1D
                         004A2-004FF              5E
                         00600-00F53             954
        CODE             00006-00007               2
                         0000E-00017               A
                         0A22F-0A22F               1
                         0A263-0ECAF            4A4D
        COMRAM           00041-0005F              1F
        CONFIG           0FFFE-0FFFF               2
        CONST            00006-00007               2
                         0000E-00017               A
                         0A22F-0A22F               1
                         0A263-0ECAF            4A4D
        MEDIUMCONST      0A22F-0A22F               1
                         0A263-0ECAF            4A4D
        RAM              003E3-003FF              1D
                         004A2-004FF              5E
                         00600-00F53             100
        SFR              00F54-00FFC               C
        SMALLCONST       0A22F-0A22F               1
                         0A263-0ECAF             100
        STACK            00600-00F53             954

                                  Symbol Table

?___aldiv                                  cstackBANK0   0006C
?___awdiv                                  cstackBANK0   00060
?___awmod                                  cstackBANK0   00060
?___exp_10                                 cstackBANK0   00060
?___fladd                                  cstackBANK0   000A4
?___fldiv                                  cstackBANK0   00087
?___flmul                                  cstackBANK0   0006E
?___flneg                                  cstackBANK0   000A0
?___fltol                                  cstackBANK0   000B8
?___int32_2_mflot32                        cstackBANK0   0006D
?___lldiv                                  cstackBANK0   00060
?___lmul                                   cstackBANK0   00060
?___lwdiv                                  cstackBANK0   00062
?___lwmod                                  cstackBANK0   00069
?___mflot32_2_int32                        cstackBANK0   0006C
?___wmul                                   cstackBANK0   00062
?___x_sample_fifo                          cstackBANK0   0007A
?___x_sample_fliter                        cstackBANK0   0007A
?___xxtofl                                 cstackBANK0   00060
?_ads1115_read_conversion                  cstackBANK0   0006E
?_ads1115_read_reg                         cstackBANK0   00068
?_cal_diff_hight_to_vol_h                  cstackBANK1   001FB
?_cal_diff_hight_to_vol_v                  cstackBANK1   001FB
?_crc_sum                                  cstackBANK0   00060
?_data_sys_cal_v1                          cstackBANK0   000C2
?_data_sys_cal_v2                          cstackBANK0   000C2
?_in_adc_start_and_read                    cstackBANK0   00064
?_key_waite_release                        cstackBANK0   00068
?_m_interp1_float_fast                     cstackBANK0   000C4
_ADCON0bits                                (abs)         00FC2
_ADCON1                                    (abs)         00FC1
_ADCON2bits                                (abs)         00FC0
_ADRESH                                    (abs)         00FC4
_ADRESL                                    (abs)         00FC3
_ALRMCFGbits                               (abs)         00F5B
_ALRMRPT                                   (abs)         00F5A
_EECON1bits                                (abs)         00FA6
_FSR0H                                     (abs)         00FEA
_FSR0L                                     (abs)         00FE9
_HexTable                                  mediumconst   0EF06
_INTCON                                    (abs)         00FF2
_INTCON2bits                               (abs)         00FF1
_INTCONbits                                (abs)         00FF2
_IPR1bits                                  (abs)         00F9F
_IPR3bits                                  (abs)         00FA5
_LATB                                      (abs)         00F8A
_LATC                                      (abs)         00F8B
_LATG                                      (abs)         00F8F
_LCDCON                                    (abs)         00FA8
_LCDDATA0                                  (abs)         00FBB
_LCDDATA1                                  (abs)         00FBC
_LCDDATA10                                 (abs)         00F70
_LCDDATA11                                 (abs)         00F71
_LCDDATA12                                 (abs)         00F72
_LCDDATA13                                 (abs)         00F73
_LCDDATA14                                 (abs)         00F74
_LCDDATA15                                 (abs)         00F75
_LCDDATA16                                 (abs)         00F76
_LCDDATA17                                 (abs)         00F77
_LCDDATA18                                 (abs)         00F78
_LCDDATA19                                 (abs)         00F79
_LCDDATA2                                  (abs)         00FBD
_LCDDATA20                                 (abs)         00F7A
_LCDDATA21                                 (abs)         00F7B
_LCDDATA22                                 (abs)         00F7C
_LCDDATA23                                 (abs)         00F7D
_LCDDATA3                                  (abs)         00FBE
_LCDDATA4                                  (abs)         00FBF
_LCDDATA5                                  (abs)         00F6B
_LCDDATA6                                  (abs)         00F6C
_LCDDATA7                                  (abs)         00F6D
_LCDDATA8                                  (abs)         00F6E
_LCDDATA9                                  (abs)         00F6F
_LCDDigitalIndexTable                      mediumconst   0EEB1
_LCDDigitalTable                           mediumconst   0EEDC
_LCDPSbits                                 (abs)         00FAA
_LCDREG                                    (abs)         00FD2
_LCDSE0                                    (abs)         00FA9
_LCDSE1                                    (abs)         00FB6
_LCDSE2                                    (abs)         00FB7
_LCDSE3                                    (abs)         00FB8
_LCDSE4                                    (abs)         00FB9
_LCDSE5                                    (abs)         00FBA
_OSCCONbits                                (abs)         00FD3
_PADCFG1bits                               (abs)         00F54
_PIE1bits                                  (abs)         00F9D
_PIE3bits                                  (abs)         00FA3
_PIR1bits                                  (abs)         00F9E
_PIR3bits                                  (abs)         00FA4
_PORTB                                     (abs)         00F81
_PORTC                                     (abs)         00F82
_PR2                                       (abs)         00FCB
_PrChipSampleFinish                        bssBANK0      000F6
_PrChipSampleTimer                         bssBANK1      00162
_RCONbits                                  (abs)         00FD0
_RTCCFGbits                                (abs)         00F5F
_RTCVALH                                   (abs)         00F5D
_RTCVALL                                   (abs)         00F5C
_T1CONbits                                 (abs)         00FCD
_T2CON                                     (abs)         00FCA
_TABLAT                                    (abs)         00FF5
_TBLPTRH                                   (abs)         00FF7
_TBLPTRL                                   (abs)         00FF6
_TBLPTRU                                   (abs)         00FF8
_TRISB                                     (abs)         00F93
_TRISC                                     (abs)         00F94
_TRISG                                     (abs)         00F98
__CFG_CCP2MX$DEFAULT                       (abs)         00000
__CFG_CP0$OFF                              (abs)         00000
__CFG_FCMEN$OFF                            (abs)         00000
__CFG_IESO$OFF                             (abs)         00000
__CFG_LPT1OSC$OFF                          (abs)         00000
__CFG_OSC$HS                               (abs)         00000
__CFG_RTCSOSC$T1OSCREF                     (abs)         00000
__CFG_STVREN$OFF                           (abs)         00000
__CFG_T1DIG$OFF                            (abs)         00000
__CFG_WDTEN$OFF                            (abs)         00000
__CFG_WDTPS$32768                          (abs)         00000
__CFG_XINST$OFF                            (abs)         00000
__HRAM                                     (abs)         00000
__Habs1                                    abs1          00000
__Hbank0                                   bank0         00000
__Hbank1                                   bank1         00000
__Hbank10                                  bank10        00000
__Hbank11                                  bank11        00000
__Hbank12                                  bank12        00000
__Hbank13                                  bank13        00000
__Hbank14                                  bank14        00000
__Hbank15                                  bank15        00000
__Hbank2                                   bank2         00000
__Hbank3                                   bank3         00000
__Hbank4                                   bank4         00000
__Hbank5                                   bank5         00000
__Hbank6                                   bank6         00000
__Hbank7                                   bank7         00000
__Hbank8                                   bank8         00000
__Hbank9                                   bank9         00000
__Hbigbss                                  bigbss        00000
__Hbigdata                                 bigdata       00000
__Hbigram                                  bigram        00000
__Hbss                                     bss           00000
__HbssBANK0                                bssBANK0      00000
__HbssBANK1                                bssBANK1      00000
__HbssBANK2                                bssBANK2      00000
__HbssBANK3                                bssBANK3      00000
__HbssBANK4                                bssBANK4      00000
__HbssBANK5                                bssBANK5      00000
__HbssCOMRAM                               bssCOMRAM     00000
__Hcinit                                   cinit         00000
__Hclrtext                                 clrtext       00000
__Hcomram                                  comram        00000
__Hconfig                                  config        0FFFE
__Hconst                                   const         00000
__HcstackBANK0                             cstackBANK0   00000
__HcstackBANK1                             cstackBANK1   00000
__HcstackBANK3                             cstackBANK3   00000
__HcstackCOMRAM                            cstackCOMRAM  00000
__Hdata                                    data          00000
__HdataBANK0                               dataBANK0     00000
__HdataBANK1                               dataBANK1     00000
__Hfarbss                                  farbss        00000
__Hfardata                                 fardata       00000
__Hibigdata                                ibigdata      00000
__Hidata                                   idata         00000
__HidataBANK0                              idataBANK0    00000
__HidataBANK1                              idataBANK1    00000
__Hidloc                                   idloc         00000
__Hifardata                                ifardata      00000
__Hinit                                    init          000DC
__Hintcode                                 intcode       0000E
__Hintcode_body                            intcode_body  00000
__Hintcodelo                               intcodelo     000D8
__Hintentry                                intentry      00000
__Hintret                                  intret        00000
__Hintsave_regs                            intsave_regs  00000
__Hirdata                                  irdata        00000
__Hjflash_buffer                           jflash_buffer 0F800
__Hmediumconst                             mediumconst   0F400
__HnvFARRAM                                nvFARRAM      00000
__Hnvbit                                   nvbit         00000
__Hnvrram                                  nvrram        00000
__Hparam                                   rparam        00000
__Hpowerup                                 powerup       000D8
__Hram                                     ram           00000
__Hramtop                                  ramtop        01000
__Hrbit                                    rbit          00000
__Hrbss                                    rbss          00000
__Hrdata                                   rdata         00000
__Hreset_vec                               reset_vec     00006
__Hrparam                                  rparam        00000
__Hsfr                                     sfr           00000
__Hsmallconst                              smallconst    00000
__Hspace_0                                 (abs)         0FFFE
__Hspace_1                                 (abs)         00600
__Hspace_2                                 (abs)         00000
__Hstack                                   stack         00000
__Hstruct                                  struct        00000
__Htemp                                    temp          00041
__Htext                                    text          00000
__Htext0                                   text0         00000
__Htext1                                   text1         00000
__Htext10                                  text10        00000
__Htext100                                 text100       00000
__Htext101                                 text101       00000
__Htext102                                 text102       00000
__Htext103                                 text103       00000
__Htext104                                 text104       00000
__Htext105                                 text105       00000
__Htext106                                 text106       00000
__Htext107                                 text107       00000
__Htext108                                 text108       00000
__Htext109                                 text109       00000
__Htext11                                  text11        00000
__Htext110                                 text110       00000
__Htext111                                 text111       00000
__Htext112                                 text112       00000
__Htext113                                 text113       00000
__Htext114                                 text114       00000
__Htext115                                 text115       00000
__Htext116                                 text116       00000
__Htext117                                 text117       00000
__Htext118                                 text118       00000
__Htext119                                 text119       00000
__Htext12                                  text12        00000
__Htext120                                 text120       00000
__Htext121                                 text121       00000
__Htext122                                 text122       00000
__Htext123                                 text123       00000
__Htext124                                 text124       00000
__Htext125                                 text125       00000
__Htext126                                 text126       00000
__Htext127                                 text127       00000
__Htext128                                 text128       00000
__Htext129                                 text129       00000
__Htext13                                  text13        00000
__Htext130                                 text130       00000
__Htext131                                 text131       00000
__Htext132                                 text132       00000
__Htext133                                 text133       00000
__Htext134                                 text134       00000
__Htext135                                 text135       00000
__Htext136                                 text136       00000
__Htext137                                 text137       00000
__Htext138                                 text138       00000
__Htext139                                 text139       00000
__Htext14                                  text14        00000
__Htext140                                 text140       00000
__Htext141                                 text141       00000
__Htext142                                 text142       00000
__Htext143                                 text143       00000
__Htext144                                 text144       00000
__Htext145                                 text145       00000
__Htext146                                 text146       00000
__Htext147                                 text147       00000
__Htext148                                 text148       00000
__Htext149                                 text149       00000
__Htext15                                  text15        00000
__Htext150                                 text150       00000
__Htext151                                 text151       00000
__Htext152                                 text152       00000
__Htext153                                 text153       00000
__Htext154                                 text154       00000
__Htext155                                 text155       00000
__Htext156                                 text156       00000
__Htext157                                 text157       00000
__Htext158                                 text158       00000
__Htext159                                 text159       00000
__Htext16                                  text16        00000
__Htext160                                 text160       00000
__Htext161                                 text161       00000
__Htext162                                 text162       00000
__Htext163                                 text163       00000
__Htext164                                 text164       00000
__Htext165                                 text165       00000
__Htext166                                 text166       00000
__Htext167                                 text167       00000
__Htext168                                 text168       00000
__Htext169                                 text169       00000
__Htext17                                  text17        00000
__Htext170                                 text170       00000
__Htext171                                 text171       00000
__Htext172                                 text172       00000
__Htext173                                 text173       00000
__Htext174                                 text174       00000
__Htext175                                 text175       00000
__Htext176                                 text176       00000
__Htext177                                 text177       00000
__Htext178                                 text178       00000
__Htext179                                 text179       00000
__Htext18                                  text18        00000
__Htext180                                 text180       00000
__Htext181                                 text181       00000
__Htext182                                 text182       00000
__Htext183                                 text183       00000
__Htext184                                 text184       00000
__Htext185                                 text185       00000
__Htext186                                 text186       00000
__Htext187                                 text187       00000
__Htext188                                 text188       00000
__Htext189                                 text189       00000
__Htext19                                  text19        00000
__Htext190                                 text190       00000
__Htext191                                 text191       00000
__Htext192                                 text192       00000
__Htext193                                 text193       00000
__Htext194                                 text194       00000
__Htext195                                 text195       00000
__Htext196                                 text196       00000
__Htext197                                 text197       00000
__Htext198                                 text198       00000
__Htext199                                 text199       00000
__Htext2                                   text2         00000
__Htext20                                  text20        00000
__Htext200                                 text200       00000
__Htext201                                 text201       00000
__Htext202                                 text202       00000
__Htext203                                 text203       00000
__Htext204                                 text204       00000
__Htext205                                 text205       00000
__Htext206                                 text206       00000
__Htext207                                 text207       00000
__Htext208                                 text208       00000
__Htext209                                 text209       00000
__Htext21                                  text21        00000
__Htext210                                 text210       00000
__Htext211                                 text211       00000
__Htext212                                 text212       00000
__Htext213                                 text213       00000
__Htext214                                 text214       00000
__Htext215                                 text215       00000
__Htext216                                 text216       00000
__Htext217                                 text217       00000
__Htext219                                 text219       00000
__Htext22                                  text22        00000
__Htext220                                 text220       00000
__Htext222                                 text222       00000
__Htext223                                 text223       00000
__Htext224                                 text224       00000
__Htext23                                  text23        00000
__Htext24                                  text24        00000
__Htext25                                  text25        00000
__Htext26                                  text26        00000
__Htext27                                  text27        00000
__Htext28                                  text28        00000
__Htext29                                  text29        00000
__Htext3                                   text3         00000
__Htext30                                  text30        00000
__Htext31                                  text31        00000
__Htext32                                  text32        00000
__Htext33                                  text33        00000
__Htext34                                  text34        00000
__Htext35                                  text35        00000
__Htext36                                  text36        00000
__Htext37                                  text37        00000
__Htext38                                  text38        00000
__Htext39                                  text39        00000
__Htext4                                   text4         00000
__Htext40                                  text40        00000
__Htext41                                  text41        00000
__Htext42                                  text42        00000
__Htext43                                  text43        00000
__Htext44                                  text44        00000
__Htext45                                  text45        00000
__Htext46                                  text46        00000
__Htext47                                  text47        00000
__Htext48                                  text48        00000
__Htext49                                  text49        00000
__Htext5                                   text5         00000
__Htext50                                  text50        00000
__Htext51                                  text51        00000
__Htext52                                  text52        00000
__Htext53                                  text53        00000
__Htext54                                  text54        00000
__Htext55                                  text55        00000
__Htext56                                  text56        00000
__Htext57                                  text57        00000
__Htext58                                  text58        00000
__Htext59                                  text59        00000
__Htext6                                   text6         00000
__Htext60                                  text60        00000
__Htext61                                  text61        00000
__Htext62                                  text62        00000
__Htext63                                  text63        00000
__Htext64                                  text64        00000
__Htext65                                  text65        00000
__Htext66                                  text66        00000
__Htext67                                  text67        00000
__Htext68                                  text68        00000
__Htext69                                  text69        00000
__Htext7                                   text7         00000
__Htext70                                  text70        00000
__Htext71                                  text71        00000
__Htext72                                  text72        00000
__Htext73                                  text73        00000
__Htext74                                  text74        00000
__Htext75                                  text75        00000
__Htext76                                  text76        00000
__Htext77                                  text77        00000
__Htext78                                  text78        00000
__Htext79                                  text79        00000
__Htext8                                   text8         00000
__Htext80                                  text80        00000
__Htext81                                  text81        00000
__Htext82                                  text82        00000
__Htext83                                  text83        00000
__Htext84                                  text84        00000
__Htext85                                  text85        00000
__Htext86                                  text86        00000
__Htext87                                  text87        00000
__Htext88                                  text88        00000
__Htext89                                  text89        00000
__Htext9                                   text9         00000
__Htext90                                  text90        00000
__Htext91                                  text91        00000
__Htext92                                  text92        00000
__Htext93                                  text93        00000
__Htext94                                  text94        00000
__Htext95                                  text95        00000
__Htext96                                  text96        00000
__Htext97                                  text97        00000
__Htext98                                  text98        00000
__Htext99                                  text99        00000
__LRAM                                     (abs)         00001
__Labs1                                    abs1          00000
__Lbank0                                   bank0         00000
__Lbank1                                   bank1         00000
__Lbank10                                  bank10        00000
__Lbank11                                  bank11        00000
__Lbank12                                  bank12        00000
__Lbank13                                  bank13        00000
__Lbank14                                  bank14        00000
__Lbank15                                  bank15        00000
__Lbank2                                   bank2         00000
__Lbank3                                   bank3         00000
__Lbank4                                   bank4         00000
__Lbank5                                   bank5         00000
__Lbank6                                   bank6         00000
__Lbank7                                   bank7         00000
__Lbank8                                   bank8         00000
__Lbank9                                   bank9         00000
__Lbigbss                                  bigbss        00000
__Lbigdata                                 bigdata       00000
__Lbigram                                  bigram        00000
__Lbss                                     bss           00000
__LbssBANK0                                bssBANK0      00000
__LbssBANK1                                bssBANK1      00000
__LbssBANK2                                bssBANK2      00000
__LbssBANK3                                bssBANK3      00000
__LbssBANK4                                bssBANK4      00000
__LbssBANK5                                bssBANK5      00000
__LbssCOMRAM                               bssCOMRAM     00000
__Lcinit                                   cinit         00000
__Lclrtext                                 clrtext       00000
__Lcomram                                  comram        00000
__Lconfig                                  config        0FFF8
__Lconst                                   const         00000
__LcstackBANK0                             cstackBANK0   00000
__LcstackBANK1                             cstackBANK1   00000
__LcstackBANK3                             cstackBANK3   00000
__LcstackCOMRAM                            cstackCOMRAM  00000
__Ldata                                    data          00000
__LdataBANK0                               dataBANK0     00000
__LdataBANK1                               dataBANK1     00000
__Lfarbss                                  farbss        00000
__Lfardata                                 fardata       00000
__Libigdata                                ibigdata      00000
__Lidata                                   idata         00000
__LidataBANK0                              idataBANK0    00000
__LidataBANK1                              idataBANK1    00000
__Lidloc                                   idloc         00000
__Lifardata                                ifardata      00000
__Linit                                    init          000D8
__Lintcode                                 intcode       00008
__Lintcode_body                            intcode_body  00000
__Lintcodelo                               intcodelo     00018
__Lintentry                                intentry      00000
__Lintret                                  intret        00000
__Lintsave_regs                            intsave_regs  00000
__Lirdata                                  irdata        00000
__Ljflash_buffer                           jflash_buffer 0F800
__Lmediumconst                             mediumconst   0ECB0
__LnvFARRAM                                nvFARRAM      00000
__Lnvbit                                   nvbit         00000
__Lnvrram                                  nvrram        00000
__Lparam                                   rparam        00000
__Lpowerup                                 powerup       000D8
__Lram                                     ram           00000
[...]
		None
 Return value:  Size  Location     Type
                  1    wreg      void 
 Registers used:
		wreg, status,2, status,0, cstack
 Tracked objects:
		On entry : 
		On exit  : 
		Unchanged: 
 Data sizes:     COMRAM   BANK0   BANK1   BANK2   BANK3   BANK4   BANK5   BANK6   BANK7   BANK8   BANK9  BANK10  BANK11  BANK12  BANK13  BANK14  BANK15
      Params:         0       0       0       0       0       0       0       0       0       0       0       0       0       0       0       0       0
      Locals:         0       0       0       0       0       0       0       0       0       0       0       0       0       0       0       0       0
      Temps:         14       0       0       0       0       0       0       0       0       0       0       0       0       0       0       0       0
      Totals:        14       0       0       0       0       0       0       0       0       0       0       0       0       0       0       0       0
Total ram usage:       14 bytes
 Hardware stack levels used:    1
 Hardware stack levels required when called:    1
 This function calls:
		i2_rtc_alrm_irq_hook
		i2_sys_ticker_irq_hook
 This function is called by:
		Interrupt level 2
 This function uses a non-reentrant model


 *************** function i2_sys_ticker_irq_hook *****************
 Defined at:
		line 40 in file "src/soc/ticker.c"
 Parameters:    Size  Location     Type
		None
 Auto vars:     Size  Location     Type
		None
 Return value:  Size  Location     Type
                  1    wreg      void 
 Registers used:
		wreg, status,2, status,0
 Tracked objects:
		On entry : 
		On exit  : 
		Unchanged: 
 Data sizes:     COMRAM   BANK0   BANK1   BANK2   BANK3   BANK4   BANK5   BANK6   BANK7   BANK8   BANK9  BANK10  BANK11  BANK12  BANK13  BANK14  BANK15
      Params:         0       0       0       0       0       0       0       0       0       0       0       0       0       0       0       0       0
      Locals:         0       0       0       0       0       0       0       0       0       0       0       0       0       0       0       0       0
      Temps:          0       0       0       0       0       0       0       0       0       0       0       0       0       0       0       0       0
      Totals:         0       0       0       0       0       0       0       0       0       0       0       0       0       0       0       0       0
Total ram usage:        0 bytes
 Hardware stack levels used:    1
 This function calls:
		Nothing
 This function is called by:
		_handler_interrupt_hight
 This function uses a non-reentrant model


 *************** function i2_rtc_alrm_irq_hook *****************
 Defined at:
		line 103 in file "src/soc/rtc.c"
 Parameters:    Size  Location     Type
		None
 Auto vars:     Size  Location     Type
		None
 Return value:  Size  Location     Type
                  1    wreg      void 
 Registers used:
		None
 Tracked objects:
		On entry : 
		On exit  : 
		Unchanged: 
 Data sizes:     COMRAM   BANK0   BANK1   BANK2   BANK3   BANK4   BANK5   BANK6   BANK7   BANK8   BANK9  BANK10  BANK11  BANK12  BANK13  BANK14  BANK15
      Params:         0       0       0       0       0       0       0       0       0       0       0       0       0       0       0       0       0
      Locals:         0       0       0       0       0       0       0       0       0       0       0       0       0       0       0       0       0
      Temps:          0       0       0       0       0       0       0       0       0       0       0       0       0       0       0       0       0
      Totals:         0       0       0       0       0       0       0       0       0       0       0       0       0       0       0       0       0
Total ram usage:        0 bytes
 Hardware stack levels used:    1
 This function calls:
		Nothing
 This function is called by:
		_handler_interrupt_hight
 This function uses a non-reentrant model



MODULE INFORMATION

Module		Function		Class		Link	Load	Size
C:\Program Files (x86)\Microchip\xc8\v1.41\sources\common\lwdiv.c
		___lwdiv       		CODE           	857A	0000	121

C:\Program Files (x86)\Microchip\xc8\v1.41\sources\common\lwdiv.c estimated size: 121

C:\Program Files (x86)\Microchip\xc8\v1.41\sources\common\awdiv.c
		___awdiv       		CODE           	6F3E	0000	191

C:\Program Files (x86)\Microchip\xc8\v1.41\sources\common\awdiv.c estimated size: 191

C:\Program Files (x86)\Microchip\xc8\v1.41\sources\common\fltol.c
		___fltol       		CODE           	5AAA	0000	269

C:\Program Files (x86)\Microchip\xc8\v1.41\sources\common\fltol.c estimated size: 269

src/soc/rtc.c
		_rtc_init      		CODE           	97E2	0000	63
		_rtcc_reg_wr_disable		CODE           	A23C	0000	13
		_rtc_set       		CODE           	7172	0000	185
		_rtc_alrm_irq_hook		CODE           	A25E	0000	3
		_rtcc_reg_wr_enable		CODE           	A230	0000	13

src/soc/rtc.c estimated size: 277

src/driver/i2c.c
		_iic_waite_ack 		CODE           	931C	0000	89
		_iic_send_ack  		CODE           	9472	0000	83
		_iic_send_byte 		CODE           	86DE	0000	117
		_iic_start     		CODE           	99BC	0000	57
		_iic_received_byte		CODE           	8DFE	0000	101
		_iic_received_byte_if_ack		CODE           	A006	0000	33
		_iic_stop      		CODE           	9ACE	0000	55

src/driver/i2c.c estimated size: 535

C:\Program Files (x86)\Microchip\xc8\v1.41\sources\common\lldiv.c
		___lldiv       		CODE           	6FFC	0000	189

C:\Program Files (x86)\Microchip\xc8\v1.41\sources\common\lldiv.c estimated size: 189

C:\Program Files (x86)\Microchip\xc8\v1.41\sources\common\aldiv.c
		___aldiv       		CODE           	587A	0000	283

C:\Program Files (x86)\Microchip\xc8\v1.41\sources\common\aldiv.c estimated size: 283

C:\Program Files (x86)\Microchip\xc8\v1.41\sources\common\flge.c
		___flge        		CODE           	44E4	0000	401

C:\Program Files (x86)\Microchip\xc8\v1.41\sources\common\flge.c estimated size: 401

C:\Program Files (x86)\Microchip\xc8\v1.41\sources\common\Umul16.c
		___wmul        		CODE           	9A98	0000	55

C:\Program Files (x86)\Microchip\xc8\v1.41\sources\common\Umul16.c estimated size: 55

C:\Program Files (x86)\Microchip\xc8\v1.41\sources\common\sprcadd.c
		___fladd       		CODE           	1168	0000	1193

C:\Program Files (x86)\Microchip\xc8\v1.41\sources\common\sprcadd.c estimated size: 1193

src/driver/key.c
		_key_polling   		CODE           	90A6	0000	93

src/driver/key.c estimated size: 93

src/soc/clock.c
		_delay_us      		CODE           	99F4	0000	57
		_delay_ms      		CODE           	9EC8	0000	39

src/soc/clock.c estimated size: 96

src/api/sample.c
		_sample_call_cal_in_soc		CODE           	9FA2	0000	35
		_sample_call_cal_pr		CODE           	A026	0000	31
		_sample_all_power_off		CODE           	A206	0000	15
		___x_sample_fifo		CODE           	4950	0000	363
		_sample_diff_pr_fliter		CODE           	830E	0000	127
		_sample_call_cal_diff_pr		CODE           	A044	0000	31
		_sample_function_enable_fi_in_rtc		CODE           	6844	0000	207
		_sample_variable_init		CODE           	9374	0000	87
		_sample_call_in_ticker		CODE           	9562	0000	79
		_sample_all_power_on		CODE           	A1A4	0000	21
		_sample_in_soc_adc_ch		CODE           	4ABA	0000	359
		_sample_diff_pr_chip_fast		CODE           	3C0C	0000	467
		___x_sample_fliter		CODE           	2DDA	0000	709
		_sample_pr_chip_fast		CODE           	47E6	0000	363

src/api/sample.c estimated size: 2894

src/driver/m_flash.c
		_m_flash_unlock		CODE           	A07E	0000	27
		_m_flash_read  		CODE           	838C	0000	127
		_m_flash_erase 		CODE           	9212	0000	91
		_m_flash_write 		CODE           	516E	0000	311

src/driver/m_flash.c estimated size: 556

src/depend/crc16.c
		_crc_sum       		CODE           	78C8	0000	159
		_crc_append    		CODE           	8D9A	0000	101
		_crc_verify    		CODE           	8202	0000	141

src/depend/crc16.c estimated size: 401

C:\Program Files (x86)\Microchip\xc8\v1.41\sources\common\flneg.c
		___flneg       		CODE           	9984	0000	57

C:\Program Files (x86)\Microchip\xc8\v1.41\sources\common\flneg.c estimated size: 57

C:\Program Files (x86)\Microchip\xc8\v1.41\sources\common\lbdiv.c
		___lbdiv       		CODE           	95B0	0000	79

C:\Program Files (x86)\Microchip\xc8\v1.41\sources\common\lbdiv.c estimated size: 79

C:\Program Files (x86)\Microchip\xc8\v1.41\sources\common\Umul32.c
		___lmul        		CODE           	8668	0000	119

C:\Program Files (x86)\Microchip\xc8\v1.41\sources\common\Umul32.c estimated size: 119

src/soc/soc.c
		_soc_init      		CODE           	A1CA	0000	17

src/soc/soc.c estimated size: 17

src/soc/ticker.c
		_sys_ticker_irq_hook		CODE           	A098	0000	27
		_sys_ticker_init		CODE           	A1DA	0000	17
		_ticker_dly    		CODE           	9A2C	0000	55

src/soc/ticker.c estimated size: 99

src/driver/lcd.c
		_lcd_show_string_l0		CODE           	8916	0000	111
		_lcd_show_string_l1		CODE           	9720	0000	67
		_lcd_disp_unit_2nd_m		CODE           	8C04	0000	103
		_lcd_bl_off    		CODE           	A254	0000	9
		_lcd_disp_unit_1st_m		CODE           	941E	0000	85
		_lcd_show_string		CODE           	8984	0000	111
		_lcd_disp_all  		CODE           	9CE8	0000	49
		_lcd_disp_logo 		CODE           	9CB8	0000	49
		_lcd_disp_refresh		CODE           	8F88	0000	99
		_lcd_disp_chr_loc_0		CODE           	80E4	0000	145
		_lcd_disp_chr_loc_1		CODE           	8054	0000	145
		_lcd_disp_get_code		CODE           	8FEA	0000	95
		_lcd_disp_chr_loc_2		CODE           	7FC4	0000	145
		_lcd_disp_unit_mpa		CODE           	8CD0	0000	103
		_lcd_disp_chr_loc_3		CODE           	7F34	0000	145
		_lcd_disp_chr_loc_4		CODE           	7EA4	0000	145
		_lcd_disp_chr_loc_5		CODE           	7E14	0000	145
		_lcd_disp_level		CODE           	92C4	0000	89
		_lcd_disp_chr_loc_6		CODE           	7D84	0000	145
		_lcd_disp_chr_loc_7		CODE           	7CF4	0000	145
		_lcd_disp_unit_1st_m3		CODE           	8C6A	0000	103
		_lcd_set_com_seg		CODE           	6B6A	0000	201
		_lcd_config    		CODE           	9D18	0000	47
		_lcd_show_dp   		CODE           	89F2	0000	109
		_lcd_show_chr  		CODE           	7A9A	0000	153
		_lcd_disp_level_bar		CODE           	0C96	0000	1235
		_lcd_disp_dp_loc_0		CODE           	9C88	0000	49
		_lcd_disp_unit_t		CODE           	93CA	0000	85
		_lcd_disp_dp_loc_1		CODE           	9C58	0000	49
		_lcd_disp_dp_loc_2		CODE           	9C28	0000	49
		_lcd_disp_dp_loc_4		CODE           	9BF8	0000	49
		_lcd_disp_dp_loc_5		CODE           	9BC8	0000	49
		_lcd_disp_dp_loc_6		CODE           	9B98	0000	49
		_lcd_init      		CODE           	A1EA	0000	15

src/driver/lcd.c estimated size: 4372

src/driver/ex_eeprom.c
		_at24c02_init  		CODE           	8486	0000	125
		_at24c02_read_n_byte		CODE           	432C	0000	441
		_at24c02_write_n_byte		CODE           	5994	0000	279

src/driver/ex_eeprom.c estimated size: 845

src/depend/m_string.c
		_m_mem_cpy     		CODE           	8A5E	0000	109
		_m_mem_set     		CODE           	9FC4	0000	35
		_m_mem_cpy_len 		CODE           	95FE	0000	79
		_m_int16_2_str_4		CODE           	4D84	0000	351
		_m_int8_2_hex  		CODE           	915E	0000	91

src/depend/m_string.c estimated size: 665

shared
		_HexTable      		MEDIUMCONST    	EF06	0000	18
		i2_rtc_alrm_irq_hook		CODE           	A260	0000	3
		_LCDDigitalIndexTable		MEDIUMCONST    	EEB1	0000	44
		_LCDDigitalTable		MEDIUMCONST    	EEDC	0000	43
		_defultSystemData		MEDIUMCONST    	F23F	0000	241
		_hKel          		MEDIUMCONST    	EF17	0000	405
		_hKcy          		MEDIUMCONST    	F0AB	0000	405
		i2_sys_ticker_irq_hook		CODE           	A0B2	0000	27
		__initialization		CODE           	763E	0000	151
		_auchCRCHi     		MEDIUMCONST    	EDB1	0000	257
		_auchCRCLo     		MEDIUMCONST    	ECB1	0000	257
		_flashTestbuf  		MEDIUMCONST    	F32F	0000	66

shared estimated size: 1917

C:\Program Files (x86)\Microchip\xc8\v1.41\sources\common\lwmod.c
		___lwmod       		CODE           	8EC4	0000	99

C:\Program Files (x86)\Microchip\xc8\v1.41\sources\common\lwmod.c estimated size: 99

C:\Program Files (x86)\Microchip\xc8\v1.41\sources\common\awmod.c
		___awmod       		CODE           	7786	0000	163

C:\Program Files (x86)\Microchip\xc8\v1.41\sources\common\awmod.c estimated size: 163

src/api/ui.c
		_ui_disp_menu  		CODE           	7440	0000	175
		_ui_disp_menu_calib_pr_adj		CODE           	65AE	0000	225
		_ui_disp_adj_xfixed_pt		CODE           	6AA2	0000	201
		_ui_disp_menu_home		CODE           	9E78	0000	43
		_ui_disp_clear_num_dp		CODE           	91B8	0000	91
		_ui_disp_adj_xfloat_pt		CODE           	35D0	0000	603
		_ui_disp_menu_calib_diff_adj		CODE           	62D8	0000	253
		_ui_disp_xfloat_pt		CODE           	5038	0000	311
		_ui_disp_menu_d_adj		CODE           	9D46	0000	47
		_ui_disp_menu_h_adj		CODE           	88A6	0000	113
		___x_arrange_str		CODE           	9048	0000	95
		___int32_2_mflot32		CODE           	5DC6	0000	263
		_ui_disp_menu_home_00		CODE           	7C5E	0000	151
		_ui_disp_menu_density_adj		CODE           	9D74	0000	47
		_ui_disp_menu_warn_t_adj		CODE           	53D4	0000	305
		_ui_disp_menu_home_01		CODE           	7BC8	0000	151
		_ui_disp_adj_xfixed_pt_dp		CODE           	676C	0000	217
		___mflot32_2_int32		CODE           	7596	0000	169
		_ui_disp_menu_warn_v_adj		CODE           	64CC	0000	227
		_ui_disp_menu_home_02		CODE           	7B32	0000	151
		_ui_disp_menu_bar_full_adj		CODE           	9B68	0000	49
		_ui_disp_menu_pos_adj		CODE           	8174	0000	143
		_ui_disp_menu_psw_adj		CODE           	9E24	0000	43
		_ui_disp_start_cs600		CODE           	7A02	0000	153
		_ui_disp_menu_bzero_adj		CODE           	9DA2	0000	47
		_ui_disp_menu_epr_calib_adj		CODE           	6DBE	0000	195
		_ui_disp_menu_poly_c_adj		CODE           	8D36	0000	101
		_ui_disp_menu_work_mode_adj		CODE           	85F2	0000	119
		_ui_disp_menu_epr_ilp_scale_adj		CODE           	6CFA	0000	197
		_ui_disp_menu_pose_size		CODE           	9E4E	0000	43

src/api/ui.c estimated size: 4928

src/api/data.c
		_cal_diff_p_to_h		CODE           	5CBE	0000	265
		_calib_data_init_diff_pr		CODE           	562E	0000	299
		_data_sys_cal_v1		CODE           	382A	0000	517
		_data_sys_cal_v2		CODE           	4C20	0000	357
		_cal_diff_hight_to_vol_h		CODE           	3358	0000	633
		_m_interp1_float_fast		CODE           	1F2A	0000	1065
		_calib_data_set_default_pr		CODE           	3FAC	0000	453
		_m_interp1_cal_p_t		CODE           	1AB6	0000	1141
		_m_interp1_cal_p_v		CODE           	0784	0000	1299
		_cal_pt100_temperature_in		CODE           	A190	0000	21
		_cal_additional_pressute		CODE           	A062	0000	29
		_cal_diff_press		CODE           	5758	0000	291
		_data_init_all 		CODE           	A214	0000	15
		_data_sys_init 		CODE           	4674	0000	371
		_cal_diff_hight_level		CODE           	309E	0000	699
		_calib_data_set_default_diff_pr		CODE           	3A2E	0000	479
		_calib_data_init_pr		CODE           	5504	0000	299
		_cal_diff_hight_to_vol_v		CODE           	00DC	0000	1705
		_cal_pt100_temperature_ex		CODE           	A17C	0000	21
		_cal_press     		CODE           	840A	0000	125

src/api/data.c estimated size: 10084

C:\Program Files (x86)\Microchip\xc8\v1.41\sources\common\xxtofl.c
		___xxtofl      		CODE           	3DDE	0000	463

C:\Program Files (x86)\Microchip\xc8\v1.41\sources\common\xxtofl.c estimated size: 463

src/driver/in_adc.c
		_in_adc_start_and_read		CODE           	8ACA	0000	107
		_in_adc_init   		CODE           	9F36	0000	37

src/driver/in_adc.c estimated size: 144

C:\Program Files (x86)\Microchip\xc8\v1.41\sources\common\sprcmul.c
		___flmul       		CODE           	1610	0000	1191

C:\Program Files (x86)\Microchip\xc8\v1.41\sources\common\sprcmul.c estimated size: 1191

src/app/event.c
		_event_process_time_out		CODE           	A25C	0000	3
		_event_process_rtc		CODE           	9DFA	0000	43
		_event_process_ticker		CODE           	A248	0000	13

src/app/event.c estimated size: 59

C:\Program Files (x86)\Microchip\xc8\v1.41\sources\common\sprcdiv.c
		___fldiv       		CODE           	2352	0000	961

C:\Program Files (x86)\Microchip\xc8\v1.41\sources\common\sprcdiv.c estimated size: 961

src/soc/int.c
		_handler_interrupt_low		CODE           	0018	0000	193
		_handler_interrupt_hight		CODE           	0008	0000	207

src/soc/int.c estimated size: 400

src/driver/ads1115.c
		_ads1115_init_all_chip		CODE           	985E	0000	63
		_ads1115_init  		CODE           	76E2	0000	165
		_ads1115_set_data_rate		CODE           	9EA2	0000	39
		_ads1115_read_reg		CODE           	4170	0000	445
		_ads1115_write_reg		CODE           	61D8	0000	257
		_ads1115_start_conversion		CODE           	9DD0	0000	43
		_ads1115_read_conversion		CODE           	9696	0000	71
		_ads1115_set_pga		CODE           	9F5A	0000	37
		_ads1115_set_mux		CODE           	9F7E	0000	37

src/driver/ads1115.c estimated size: 1157

src/app/main.c
		_main          		CODE           	8E62	0000	99

src/app/main.c estimated size: 99

src/api/key_menu.c
		___up_base_zero_adj		CODE           	A13A	0000	23
		___enter_menu_poly_coeffic		CODE           	9514	0000	79
		_key_waite_release		CODE           	964C	0000	75
		___set_long_bar_level_scale		CODE           	97A2	0000	65
		___set_short_poly_coefic		CODE           	8836	0000	113
		___up_density_adj		CODE           	A124	0000	23
		_key_adj_value_float		CODE           	668E	0000	223
		___enter_menu_warn_value		CODE           	6E80	0000	191
		___down_pr_calib		CODE           	9EEE	0000	37
		_key_process_set		CODE           	7966	0000	157
		___up_warn_type_adj		CODE           	9762	0000	65
		___up_pr_calib_adj		CODE           	9914	0000	57
		___sys_data_save_write_flash		CODE           	5FD0	0000	261
		___up_epr_calib_adj		CODE           	9B04	0000	53
		___set_long_work_mode		CODE           	9FE6	0000	33
		___exit_menu_to_home_unsave		CODE           	9820	0000	63
		___set_short_warn_type		CODE           	828E	0000	129
		___up_home_adj 		CODE           	A1F8	0000	15
		___enter_menu_set_d		CODE           	8B9C	0000	105
		___up_epr_ilp_scale_adj		CODE           	A10E	0000	23
		___enter_menu_set_base_zero		CODE           	8502	0000	121
		___up_pose_size_adj		CODE           	8752	0000	115
		___exp_10      		CODE           	9102	0000	93
		___enter_menu_set_h		CODE           	8B34	0000	105
		___enter_menu_set_pose_size		CODE           	98D8	0000	61
		___set_short_pose_size		CODE           	5BB6	0000	265
		___up_adj_bar_level_scale		CODE           	A150	0000	23
		___set_short_warn_value		CODE           	69DA	0000	201
		___up_diff_calib_adj		CODE           	994C	0000	57
		___enter_menu_calib_press		CODE           	5ECC	0000	261
		_key_process_set_down_long		CODE           	6912	0000	201
		___enter_menu_bar_scale		CODE           	989C	0000	61
		___enter_menu_epr_calib		CODE           	74EE	0000	169
		___set_short_epr_ilp_scale		CODE           	72E2	0000	177
		___up_warn_value_adj		CODE           	A0CC	0000	23
		___enter_menu_work_mode		CODE           	A1B8	0000	19
		___up_poly_coefic_adj		CODE           	A0F8	0000	23
		_key_adj_value_fixed		CODE           	63D4	0000	249
		_key_process   		CODE           	7828	0000	161
		___set_long_base_zero		CODE           	926C	0000	89
		_key_shift_loc 		CODE           	96DC	0000	69
		___set_long_density		CODE           	94C4	0000	81
		___up_adj_work_mode		CODE           	9A62	0000	55
		___enter_menu_calib_press_diff		CODE           	60D4	0000	261
		___down_dpr_calib		CODE           	9F12	0000	37
		___enter_menu_password		CODE           	A166	0000	23
		___down_pose_size		CODE           	9B38	0000	49
		_key_process_down		CODE           	4EE2	0000	343
		___enter_menu_epr_ilp_scale		CODE           	70B8	0000	187
		_key_process_set_long		CODE           	722A	0000	185
		___up_psw_adj  		CODE           	A0E2	0000	23
		___enter_menu_warn_type		CODE           	8F26	0000	99
		___set_short_epr_param		CODE           	52A4	0000	305
		___set_short_pr_calib		CODE           	2A7C	0000	863
		_key_process_up		CODE           	7392	0000	175
		___enter_menu_set_density		CODE           	87C4	0000	115
		___set_short_diff_calib		CODE           	2712	0000	875

src/api/key_menu.c estimated size: 8009

